<html>
<body>
<pre>
<h1>µVision Build Log</h1>
<h2>Tool Versions:</h2>
IDE-Version: µVision V5.31.0.0
Copyright (C) 2020 ARM Ltd and ARM Germany GmbH. All rights reserved.
License Information: ECBME Dept. Ryerson University Flex license: MDK Professional 5.31 (Flex): 200 user(s) (mdk_pro) Operation stops: 4 Jul 2027
 
Tool Versions:
Toolchain:       MDK Professional 5.31 (Flex): 200 user(s)  Version: 5.31.0.0
Toolchain Path:  C:\Keil_v5\ARM\ARMCC\Bin
C Compiler:      Armcc.exe V5.06 update 6 (build 750)
Assembler:       Armasm.exe V5.06 update 6 (build 750)
Linker/Locator:  ArmLink.exe V5.06 update 6 (build 750)
Library Manager: ArmAr.exe V5.06 update 6 (build 750)
Hex Converter:   FromElf.exe V5.06 update 6 (build 750)
CPU DLL:         SARMCM3.DLL V5.31.0.0
Dialog DLL:      DARMP1.DLL V1.27.0.0
Target DLL:      UL2CM3.DLL V1.163.4.0
Dialog DLL:      TARMP1.DLL V1.26.0.0
 
<h2>Project:</h2>
S:\Documents\FifthYear\COE718\lab2\BarrelShifting.uvprojx
Project File Date:  09/24/2024

<h2>Output:</h2>
*** Using Compiler 'V5.06 update 6 (build 750)', folder: 'C:\Keil_v5\ARM\ARMCC\Bin'
Rebuild target 'Target 1'
compiling Barrel_shifting.c...
Barrel_shifting\Barrel_shifting.c(18): warning:  #1-D: last line of file ends without a newline
  }
Barrel_shifting\Barrel_shifting.c: 1 warning, 0 errors
compiling LED_MCB1700.c...
compiling EventRecorder.c...
compiling GPIO_LPC17xx.c...
compiling PIN_LPC17xx.c...
assembling startup_LPC17xx.s...
compiling system_LPC17xx.c...
linking...
Program Size: Code=576 RO-data=244 RW-data=0 ZI-data=1832  
".\Objects\BarrelShifting.axf" - 0 Error(s), 1 Warning(s).

<h2>Software Packages used:</h2>

Package Vendor: ARM
                http://www.keil.com/pack/ARM.CMSIS.5.7.0.pack
                ARM.CMSIS.5.7.0
                CMSIS (Cortex Microcontroller Software Interface Standard)
   * Component: CORE Version: 5.4.0

Package Vendor: Keil
                http://www.keil.com/pack/Keil.ARM_Compiler.1.6.3.pack
                Keil.ARM_Compiler.1.6.3
                Keil ARM Compiler extensions for ARM Compiler 5 and ARM Compiler 6
   * Component: Event Recorder Variant: DAP Version: 1.4.0

Package Vendor: Keil
                http://www.keil.com/pack/Keil.LPC1700_DFP.2.6.0.pack
                Keil.LPC1700_DFP.2.6.0
                NXP LPC1700 Series Device Support, Drivers and Examples for MCB1700 and LPC1788-32
   * Component: LED Version: 1.0.0
   * Component: GPIO Version: 1.1.0
   * Component: PIN Version: 1.0.0
   * Component: Startup Version: 1.0.0

Package Vendor: Keil
                http://www.keil.com/pack/Keil.MDK-Middleware.7.12.0.pack
                Keil.MDK-Middleware.7.12.0
                Middleware for Keil MDK-Professional and MDK-Plus
   * Component: LED Version: 1.0.0

<h2>Collection of Component include folders:</h2>
  .\RTE\Compiler
  .\RTE\Device\LPC1768
  .\RTE\_Target_1
  C:\Users\ECBME\AppData\Local\Arm\Packs\ARM\CMSIS\5.7.0\CMSIS\Core\Include
  C:\Users\ECBME\AppData\Local\Arm\Packs\Keil\ARM_Compiler\1.6.3\Include
  C:\Users\ECBME\AppData\Local\Arm\Packs\Keil\LPC1700_DFP\2.6.0\Device\Include
  C:\Users\ECBME\AppData\Local\Arm\Packs\Keil\LPC1700_DFP\2.6.0\RTE_Driver
  C:\Users\ECBME\AppData\Local\Arm\Packs\Keil\MDK-Middleware\7.12.0\Board

<h2>Collection of Component Files used:</h2>

   * Component: ::Board Support:LED:1.0.0 (API)
      Include file:  Board\Board_LED.h

   * Component: ARM::CMSIS:CORE:5.4.0

   * Component: Keil.ARM Compiler::Compiler:Event Recorder:DAP:1.4.0
      Include file:  Config\EventRecorderConf.h
      Include file:  Include\EventRecorder.h
      Source file:   Source\EventRecorder.c

   * Component: Keil.MCB1700::Board Support:LED:1.0.0
      Source file:   Boards\Keil\MCB1700\Common\LED_MCB1700.c

   * Component: Keil::Device:GPIO:1.1.0
      Include file:  RTE_Driver\GPIO_LPC17xx.h
      Source file:   RTE_Driver\GPIO_LPC17xx.c

   * Component: Keil::Device:PIN:1.0.0
      Source file:   RTE_Driver\PIN_LPC17xx.c
      Include file:  RTE_Driver\PIN_LPC17xx.h

   * Component: Keil::Device:Startup:1.0.0
      Source file:   Device\Source\ARM\startup_LPC17xx.s
      Include file:  Device\Include\LPC17xx.h
      Source file:   Device\Source\system_LPC17xx.c
      Include file:  RTE_Driver\Config\RTE_Device.h
Build Time Elapsed:  00:00:04
</pre>
</body>
</html>
