Component: ARM Compiler 5.06 update 6 (build 750) Tool: armlink [4d35ed]

==============================================================================

Section Cross References

    main.o(i.main) refers to led.o(i.LED_Init) for LED_Init
    main.o(i.main) refers to rt_cmsis.o(i.osKernelInitialize) for osKernelInitialize
    main.o(i.main) refers to main.o(i.turnOffAllLeds2) for turnOffAllLeds2
    main.o(i.main) refers to thread.o(i.Init_Thread) for Init_Thread
    main.o(i.main) refers to rt_cmsis.o(i.osKernelStart) for osKernelStart
    main.o(i.main) refers to rt_cmsis.o(i.osDelay) for osDelay
    main.o(i.turnOffAllLeds2) refers to led.o(i.LED_Off) for LED_Off
    thread.o(i.Init_Thread) refers to thread.o(i.turnOffAllLeds) for turnOffAllLeds
    thread.o(i.Init_Thread) refers to rt_cmsis.o(i.osThreadCreate) for osThreadCreate
    thread.o(i.Init_Thread) refers to thread.o(.constdata) for os_thread_def_ThreadA
    thread.o(i.Init_Thread) refers to thread.o(.data) for tid_A_Thread
    thread.o(i.ThreadA) refers to thread.o(i.turnOffAllLeds) for turnOffAllLeds
    thread.o(i.ThreadA) refers to thread.o(i.turnOnLed) for turnOnLed
    thread.o(i.ThreadA) refers to thread.o(i.delay) for delay
    thread.o(i.ThreadA) refers to rt_cmsis.o(i.osThreadYield) for osThreadYield
    thread.o(i.ThreadB) refers to thread.o(i.turnOffAllLeds) for turnOffAllLeds
    thread.o(i.ThreadB) refers to thread.o(i.turnOnLed) for turnOnLed
    thread.o(i.ThreadB) refers to thread.o(i.factorial) for factorial
    thread.o(i.ThreadB) refers to thread.o(i.power) for power
    thread.o(i.ThreadB) refers to thread.o(i.delay) for delay
    thread.o(i.ThreadB) refers to rt_cmsis.o(i.osThreadYield) for osThreadYield
    thread.o(i.ThreadC) refers to thread.o(i.turnOffAllLeds) for turnOffAllLeds
    thread.o(i.ThreadC) refers to thread.o(i.turnOnLed) for turnOnLed
    thread.o(i.ThreadC) refers to thread.o(i.delay) for delay
    thread.o(i.ThreadC) refers to rt_cmsis.o(i.osThreadYield) for osThreadYield
    thread.o(i.ThreadD) refers to thread.o(i.turnOffAllLeds) for turnOffAllLeds
    thread.o(i.ThreadD) refers to thread.o(i.turnOnLed) for turnOnLed
    thread.o(i.ThreadD) refers to thread.o(i.powerAndFactorial) for powerAndFactorial
    thread.o(i.ThreadD) refers to thread.o(i.delay) for delay
    thread.o(i.ThreadD) refers to rt_cmsis.o(i.osThreadYield) for osThreadYield
    thread.o(i.ThreadE) refers to thread.o(i.turnOffAllLeds) for turnOffAllLeds
    thread.o(i.ThreadE) refers to thread.o(i.turnOnLed) for turnOnLed
    thread.o(i.ThreadE) refers to thread.o(i.pi_r_squared) for pi_r_squared
    thread.o(i.ThreadE) refers to thread.o(i.delay) for delay
    thread.o(i.ThreadE) refers to rt_cmsis.o(i.osThreadYield) for osThreadYield
    thread.o(i.pi_r_squared) refers to dflti.o(.text) for __aeabi_i2d
    thread.o(i.pi_r_squared) refers to dmul.o(.text) for __aeabi_dmul
    thread.o(i.power) refers to dflti.o(.text) for __aeabi_i2d
    thread.o(i.powerAndFactorial) refers to thread.o(i.factorial) for factorial
    thread.o(i.powerAndFactorial) refers to dfltui.o(.text) for __aeabi_ui2d
    thread.o(i.powerAndFactorial) refers to thread.o(i.power) for power
    thread.o(i.powerAndFactorial) refers to ddiv.o(.text) for __aeabi_ddiv
    thread.o(i.turnOffAllLeds) refers to led.o(i.LED_Off) for LED_Off
    thread.o(i.turnOnLed) refers to led.o(i.LED_On) for LED_On
    thread.o(.constdata) refers to thread.o(i.ThreadB) for ThreadB
    thread.o(.constdata) refers to thread.o(i.ThreadE) for ThreadE
    thread.o(.constdata) refers to thread.o(i.ThreadD) for ThreadD
    thread.o(.constdata) refers to thread.o(i.ThreadA) for ThreadA
    thread.o(.constdata) refers to thread.o(i.ThreadC) for ThreadC
    led.o(i.LED_Off) refers to led.o(.constdata) for led_mask
    led.o(i.LED_On) refers to led.o(.constdata) for led_mask
    led.o(i.LED_Out) refers to led.o(i.LED_On) for LED_On
    led.o(i.LED_Out) refers to led.o(i.LED_Off) for LED_Off
    rtx_conf_cm.o(.ARM.Collect$$$$000000FF) refers to rt_cmsis.o(i.osKernelInitialize) for osKernelInitialize
    rtx_conf_cm.o(.ARM.Collect$$$$000000FF) refers to rt_cmsis.o(i.osThreadCreate) for osThreadCreate
    rtx_conf_cm.o(.ARM.Collect$$$$000000FF) refers to rt_cmsis.o(i.osKernelStart) for osKernelStart
    rtx_conf_cm.o(.ARM.Collect$$$$000000FF) refers to rtx_conf_cm.o(.constdata) for .constdata
    rtx_conf_cm.o(.constdata) refers to rt_cmsis.o(i.osTimerThread) for osTimerThread
    rtx_conf_cm.o(.constdata) refers to rtx_conf_cm.o(.bss) for os_messageQ_q_osTimerMessageQ
    rtx_conf_cm.o(.constdata) refers to main.o(i.main) for main
    startup_lpc17xx.o(RESET) refers to startup_lpc17xx.o(STACK) for __initial_sp
    startup_lpc17xx.o(RESET) refers to startup_lpc17xx.o(.text) for Reset_Handler
    startup_lpc17xx.o(RESET) refers to hal_cm3.o(.emb_text) for SVC_Handler
[...]
    rt_cmsis.o(i.svcTimerStart) refers to uldiv.o(.text) for __aeabi_uldivmod
    rt_cmsis.o(i.svcTimerStart) refers to rt_cmsis.o(i.rt_timer_remove) for rt_timer_remove
    rt_cmsis.o(i.svcTimerStart) refers to rt_cmsis.o(i.rt_timer_insert) for rt_timer_insert
    rt_cmsis.o(i.svcTimerStart) refers to rtx_conf_cm.o(.constdata) for os_clockrate
    rt_cmsis.o(i.svcTimerStop) refers to rt_cmsis.o(i.rt_id2obj) for rt_id2obj
    rt_cmsis.o(i.svcTimerStop) refers to rt_cmsis.o(i.rt_timer_remove) for rt_timer_remove
    rt_cmsis.o(i.sysMailAlloc) refers to rt_membox.o(i.rt_alloc_box) for rt_alloc_box
    rt_cmsis.o(i.sysMailAlloc) refers to rt_list.o(i.rt_put_prio) for rt_put_prio
    rt_cmsis.o(i.sysMailAlloc) refers to rt_cmsis.o(i.rt_ms2tick) for rt_ms2tick
    rt_cmsis.o(i.sysMailAlloc) refers to rt_task.o(i.rt_block) for rt_block
    rt_cmsis.o(i.sysMailAlloc) refers to rt_task.o(.data) for os_tsk
    rt_cmsis.o(i.sysMailFree) refers to rt_membox.o(i.rt_free_box) for rt_free_box
    rt_cmsis.o(i.sysMailFree) refers to rt_list.o(i.rt_psq_enq) for rt_psq_enq
    rt_cmsis.o(i.sysMailFree) refers to rt_system.o(i.rt_psh_req) for rt_psh_req
    rt_cmsis.o(i.sysMailFree) refers to rt_membox.o(i.rt_alloc_box) for rt_alloc_box
    rt_cmsis.o(i.sysMailFree) refers to rt_list.o(i.rt_get_first) for rt_get_first
    rt_cmsis.o(i.sysMailFree) refers to hal_cm.o(i.rt_ret_val) for rt_ret_val
    rt_cmsis.o(i.sysMailFree) refers to rt_list.o(i.rt_rmv_dly) for rt_rmv_dly
    rt_cmsis.o(i.sysMailFree) refers to rt_task.o(i.rt_dispatch) for rt_dispatch
    rt_cmsis.o(i.sysPoolAlloc) refers to rt_membox.o(i.rt_alloc_box) for rt_alloc_box
    rt_cmsis.o(i.sysPoolFree) refers to rt_membox.o(i.rt_free_box) for rt_free_box
    rt_cmsis.o(i.sysTimerTick) refers to rt_cmsis.o(i.isrMessagePut) for isrMessagePut
    rt_cmsis.o(i.sysTimerTick) refers to rtx_conf_cm.o(i.os_error) for os_error
    rt_cmsis.o(i.sysTimerTick) refers to rt_cmsis.o(i.rt_timer_insert) for rt_timer_insert
    rt_cmsis.o(i.sysTimerTick) refers to rt_cmsis.o(.data) for .data
    rt_cmsis.o(i.sysTimerTick) refers to rtx_conf_cm.o(.data) for osMessageQId_osTimerMessageQ
    rt_cmsis.o(i.sysUserTimerUpdate) refers to rt_cmsis.o(i.sysTimerTick) for sysTimerTick
    rt_cmsis.o(i.sysUserTimerUpdate) refers to rt_cmsis.o(.data) for .data
    rt_cmsis.o(i.sysUserTimerWakeupTime) refers to rt_cmsis.o(.data) for .data
    rt_task.o(i.rt_block) refers to rt_list.o(i.rt_put_dly) for rt_put_dly
    rt_task.o(i.rt_block) refers to rt_list.o(i.rt_get_first) for rt_get_first
    rt_task.o(i.rt_block) refers to rt_task.o(i.rt_switch_req) for rt_switch_req
    rt_task.o(i.rt_block) refers to rt_task.o(.data) for .data
    rt_task.o(i.rt_block) refers to rt_list.o(.bss) for os_rdy
    rt_task.o(i.rt_dispatch) refers to rt_list.o(i.rt_put_rdy_first) for rt_put_rdy_first
    rt_task.o(i.rt_dispatch) refers to rt_task.o(i.rt_switch_req) for rt_switch_req
    rt_task.o(i.rt_dispatch) refers to rt_list.o(i.rt_get_first) for rt_get_first
    rt_task.o(i.rt_dispatch) refers to rt_list.o(i.rt_put_prio) for rt_put_prio
    rt_task.o(i.rt_dispatch) refers to rt_task.o(.data) for .data
    rt_task.o(i.rt_dispatch) refers to rt_list.o(.bss) for os_rdy
    rt_task.o(i.rt_init_context) refers to rt_membox.o(i.rt_alloc_box) for rt_alloc_box
    rt_task.o(i.rt_init_context) refers to hal_cm.o(i.rt_init_stack) for rt_init_stack
    rt_task.o(i.rt_init_context) refers to rtx_conf_cm.o(.bss) for mp_stk
    rt_task.o(i.rt_switch_req) refers to hal_cm.o(i.dbg_task_switch) for dbg_task_switch
    rt_task.o(i.rt_switch_req) refers to rt_task.o(.data) for .data
    rt_task.o(i.rt_switch_req) refers to hal_cm.o(.data) for dbg_msg
    rt_task.o(i.rt_sys_init) refers to hal_cm.o(i.dbg_init) for dbg_init
    rt_task.o(i.rt_sys_init) refers to rt_membox.o(i._init_box) for _init_box
    rt_task.o(i.rt_sys_init) refers to rt_task.o(i.rt_init_context) for rt_init_context
    rt_task.o(i.rt_sys_init) refers to rtx_conf_cm.o(i.rt_init_robin) for rt_init_robin
    rt_task.o(i.rt_sys_init) refers to rtx_conf_cm.o(.bss) for os_active_TCB
    rt_task.o(i.rt_sys_init) refers to rtx_conf_cm.o(.constdata) for os_maxtaskrun
    rt_task.o(i.rt_sys_init) refers to rtx_conf_cm.o(.data) for m_tmr
    rt_task.o(i.rt_sys_init) refers to rt_task.o(.bss) for .bss
    rt_task.o(i.rt_sys_init) refers to rtx_conf_cm.o(i.os_idle_demon) for os_idle_demon
    rt_task.o(i.rt_sys_init) refers to rt_list.o(.bss) for os_rdy
    rt_task.o(i.rt_sys_init) refers to rt_task.o(.data) for .data
    rt_task.o(i.rt_sys_start) refers to rt_system.o(i.os_tick_init) for os_tick_init
    rt_task.o(i.rt_sys_start) refers to rt_system.o(.data) for os_tick_irqn
    rt_task.o(i.rt_tsk_create) refers to rt_membox.o(i.rt_alloc_box) for rt_alloc_box
    rt_task.o(i.rt_tsk_create) refers to rt_task.o(i.rt_init_context) for rt_init_context
    rt_task.o(i.rt_tsk_create) refers to hal_cm.o(i.dbg_task_notify) for dbg_task_notify
    rt_task.o(i.rt_tsk_create) refers to rt_task.o(i.rt_dispatch) for rt_dispatch
    rt_task.o(i.rt_tsk_create) refers to rtx_conf_cm.o(.bss) for mp_tcb
    rt_task.o(i.rt_tsk_create) refers to rtx_conf_cm.o(.constdata) for os_maxtaskrun
    rt_task.o(i.rt_tsk_create) refers to hal_cm.o(.data) for dbg_msg
    rt_task.o(i.rt_tsk_delete) refers to hal_cm3.o(.emb_text) for rt_get_PSP
    rt_task.o(i.rt_tsk_delete) refers to rt_system.o(i.rt_stk_check) for rt_stk_check
    rt_task.o(i.rt_tsk_delete) refers to rt_list.o(i.rt_get_first) for rt_get_first
    rt_task.o(i.rt_tsk_delete) refers to hal_cm.o(i.rt_ret_val) for rt_ret_val
    rt_task.o(i.rt_tsk_delete) refers to rt_list.o(i.rt_rmv_dly) for rt_rmv_dly
    rt_task.o(i.rt_tsk_delete) refers to rt_list.o(i.rt_put_prio) for rt_put_prio
    rt_task.o(i.rt_tsk_delete) refers to rt_membox.o(i.rt_free_box) for rt_free_box
    rt_task.o(i.rt_tsk_delete) refers to hal_cm.o(i.dbg_task_notify) for dbg_task_notify
    rt_task.o(i.rt_tsk_delete) refers to rt_list.o(i.rt_rmv_list) for rt_rmv_list
    rt_task.o(i.rt_tsk_delete) refers to rt_task.o(i.rt_dispatch) for rt_dispatch
    rt_task.o(i.rt_tsk_delete) refers to hal_cm.o(.data) for dbg_msg
    rt_task.o(i.rt_tsk_delete) refers to rtx_conf_cm.o(.bss) for os_active_TCB
    rt_task.o(i.rt_tsk_delete) refers to rt_task.o(.data) for .data
    rt_task.o(i.rt_tsk_delete) refers to rt_list.o(.bss) for os_rdy
    rt_task.o(i.rt_tsk_delete) refers to rtx_conf_cm.o(.constdata) for os_maxtaskrun
    rt_task.o(i.rt_tsk_pass) refers to rt_list.o(i.rt_get_same_rdy_prio) for rt_get_same_rdy_prio
    rt_task.o(i.rt_tsk_pass) refers to rt_list.o(i.rt_put_prio) for rt_put_prio
    rt_task.o(i.rt_tsk_pass) refers to rt_task.o(i.rt_switch_req) for rt_switch_req
    rt_task.o(i.rt_tsk_pass) refers to rt_task.o(.data) for .data
    rt_task.o(i.rt_tsk_pass) refers to rt_list.o(.bss) for os_rdy
    rt_task.o(i.rt_tsk_prio) refers to rt_list.o(i.rt_put_prio) for rt_put_prio
    rt_task.o(i.rt_tsk_prio) refers to rt_list.o(i.rt_resort_prio) for rt_resort_prio
    rt_task.o(i.rt_tsk_prio) refers to rt_list.o(i.rt_get_first) for rt_get_first
    rt_task.o(i.rt_tsk_prio) refers to rt_task.o(i.rt_dispatch) for rt_dispatch
    rt_task.o(i.rt_tsk_prio) refers to rt_task.o(.data) for .data
    rt_task.o(i.rt_tsk_prio) refers to rtx_conf_cm.o(.constdata) for os_maxtaskrun
    rt_task.o(i.rt_tsk_prio) refers to rtx_conf_cm.o(.bss) for os_active_TCB
    rt_task.o(i.rt_tsk_prio) refers to rt_list.o(.bss) for os_rdy
    rt_task.o(i.rt_tsk_self) refers to rt_task.o(.data) for .data
    rt_system.o(i.os_tick_init) refers to rtx_conf_cm.o(.constdata) for os_trv
    rt_system.o(i.os_tick_val) refers to rtx_conf_cm.o(.constdata) for os_trv
    rt_system.o(i.rt_pop_req) refers to rt_list.o(i.rt_put_rdy_first) for rt_put_rdy_first
    rt_system.o(i.rt_pop_req) refers to rt_semaphore.o(i.rt_sem_psh) for rt_sem_psh
    rt_system.o(i.rt_pop_req) refers to rt_list.o(i.rt_get_first) for rt_get_first
    rt_system.o(i.rt_pop_req) refers to rt_task.o(i.rt_switch_req) for rt_switch_req
    rt_system.o(i.rt_pop_req) refers to rt_event.o(i.rt_evt_psh) for rt_evt_psh
    rt_system.o(i.rt_pop_req) refers to rt_mailbox.o(i.rt_mbx_psh) for rt_mbx_psh
    rt_system.o(i.rt_pop_req) refers to rt_task.o(.data) for os_tsk
    rt_system.o(i.rt_pop_req) refers to rtx_conf_cm.o(.bss) for os_fifo
    rt_system.o(i.rt_pop_req) refers to rt_list.o(.bss) for os_rdy
    rt_system.o(i.rt_psh_req) refers to rt_system.o(.data) for .data
    rt_system.o(i.rt_resume) refers to rt_list.o(i.rt_put_rdy_first) for rt_put_rdy_first
    rt_system.o(i.rt_resume) refers to rt_list.o(i.rt_dec_dly) for rt_dec_dly
    rt_system.o(i.rt_resume) refers to rt_cmsis.o(i.sysUserTimerUpdate) for sysUserTimerUpdate
    rt_system.o(i.rt_resume) refers to rt_list.o(i.rt_get_first) for rt_get_first
    rt_system.o(i.rt_resume) refers to rt_task.o(i.rt_switch_req) for rt_switch_req
    rt_system.o(i.rt_resume) refers to rt_system.o(i.rt_tsk_unlock) for rt_tsk_unlock
    rt_system.o(i.rt_resume) refers to rt_task.o(.data) for os_tsk
    rt_system.o(i.rt_resume) refers to rt_robin.o(.data) for os_robin
    rt_system.o(i.rt_resume) refers to rt_list.o(.bss) for os_dly
    rt_system.o(i.rt_resume) refers to rt_time.o(.data) for os_time
    rt_system.o(i.rt_stk_check) refers to rtx_conf_cm.o(i.os_error) for os_error
    rt_system.o(i.rt_stk_check) refers to rt_task.o(.data) for os_tsk
    rt_system.o(i.rt_suspend) refers to rt_system.o(i.rt_tsk_lock) for rt_tsk_lock
    rt_system.o(i.rt_suspend) refers to rt_cmsis.o(i.sysUserTimerWakeupTime) for sysUserTimerWakeupTime
    rt_system.o(i.rt_suspend) refers to rt_list.o(.bss) for os_dly
    rt_system.o(i.rt_systick) refers to rt_list.o(i.rt_put_rdy_first) for rt_put_rdy_first
    rt_system.o(i.rt_systick) refers to rtx_conf_cm.o(i.rt_chk_robin) for rt_chk_robin
    rt_system.o(i.rt_systick) refers to rt_list.o(i.rt_dec_dly) for rt_dec_dly
    rt_system.o(i.rt_systick) refers to rt_cmsis.o(i.sysTimerTick) for sysTimerTick
    rt_system.o(i.rt_systick) refers to rt_list.o(i.rt_get_first) for rt_get_first
    rt_system.o(i.rt_systick) refers to rt_task.o(i.rt_switch_req) for rt_switch_req
    rt_system.o(i.rt_systick) refers to rt_task.o(.data) for os_tsk
    rt_system.o(i.rt_systick) refers to rt_time.o(.data) for os_time
    rt_system.o(i.rt_systick) refers to rt_list.o(.bss) for os_rdy
    rt_system.o(i.rt_tsk_lock) refers to rt_system.o(.data) for .data
    rt_system.o(i.rt_tsk_unlock) refers to rt_system.o(.data) for .data
    rt_event.o(i.isr_evt_set) refers to rt_list.o(i.rt_psq_enq) for rt_psq_enq
    rt_event.o(i.isr_evt_set) refers to rt_system.o(i.rt_psh_req) for rt_psh_req
    rt_event.o(i.isr_evt_set) refers to rtx_conf_cm.o(.bss) for os_active_TCB
    rt_event.o(i.rt_evt_clr) refers to rtx_conf_cm.o(.bss) for os_active_TCB
    rt_event.o(i.rt_evt_get) refers to rt_task.o(.data) for os_tsk
    rt_event.o(i.rt_evt_psh) refers to rt_list.o(i.rt_rmv_dly) for rt_rmv_dly
    rt_event.o(i.rt_evt_psh) refers to hal_cm.o(i.rt_ret_val2) for rt_ret_val2
    rt_event.o(i.rt_evt_psh) refers to rt_list.o(i.rt_put_prio) for rt_put_prio
    rt_event.o(i.rt_evt_psh) refers to rt_list.o(.bss) for os_rdy
    rt_event.o(i.rt_evt_set) refers to rt_list.o(i.rt_rmv_dly) for rt_rmv_dly
    rt_event.o(i.rt_evt_set) refers to hal_cm.o(i.rt_ret_val2) for rt_ret_val2
    rt_event.o(i.rt_evt_set) refers to rt_task.o(i.rt_dispatch) for rt_dispatch
    rt_event.o(i.rt_evt_set) refers to rtx_conf_cm.o(.bss) for os_active_TCB
    rt_event.o(i.rt_evt_wait) refers to rt_task.o(i.rt_block) for rt_block
    rt_event.o(i.rt_evt_wait) refers to rt_task.o(.data) for os_tsk
    rt_list.o(i.rt_dec_dly) refers to rt_list.o(i.rt_put_prio) for rt_put_prio
    rt_list.o(i.rt_dec_dly) refers to rt_list.o(.bss) for .bss
    rt_list.o(i.rt_dec_dly) refers to rt_time.o(.data) for os_time
    rt_list.o(i.rt_get_same_rdy_prio) refers to rt_list.o(.bss) for .bss
    rt_list.o(i.rt_get_same_rdy_prio) refers to rt_task.o(.data) for os_tsk
    rt_list.o(i.rt_psq_enq) refers to rtx_conf_cm.o(i.os_error) for os_error
    rt_list.o(i.rt_psq_enq) refers to rtx_conf_cm.o(.bss) for os_fifo
    rt_list.o(i.rt_put_dly) refers to rt_list.o(.bss) for .bss
    rt_list.o(i.rt_put_rdy_first) refers to rt_list.o(.bss) for .bss
    rt_list.o(i.rt_resort_prio) refers to rt_list.o(i.rt_rmv_list) for rt_rmv_list
    rt_list.o(i.rt_resort_prio) refers to rt_list.o(i.rt_put_prio) for rt_put_prio
    rt_list.o(i.rt_resort_prio) refers to rt_list.o(.bss) for .bss
    rt_list.o(i.rt_rmv_list) refers to rt_list.o(.bss) for .bss
    rt_mailbox.o(i.isr_mbx_receive) refers to rt_list.o(i.rt_psq_enq) for rt_psq_enq
    rt_mailbox.o(i.isr_mbx_receive) refers to rt_system.o(i.rt_psh_req) for rt_psh_req
    rt_mailbox.o(i.isr_mbx_send) refers to rt_list.o(i.rt_psq_enq) for rt_psq_enq
    rt_mailbox.o(i.isr_mbx_send) refers to rt_system.o(i.rt_psh_req) for rt_psh_req
    rt_mailbox.o(i.rt_mbx_psh) refers to rt_membox.o(i.rt_alloc_box) for rt_alloc_box
    rt_mailbox.o(i.rt_mbx_psh) refers to rt_list.o(i.rt_get_first) for rt_get_first
    rt_mailbox.o(i.rt_mbx_psh) refers to hal_cm.o(i.rt_ret_val) for rt_ret_val
    rt_mailbox.o(i.rt_mbx_psh) refers to rt_list.o(i.rt_rmv_dly) for rt_rmv_dly
    rt_mailbox.o(i.rt_mbx_psh) refers to rt_list.o(i.rt_put_prio) for rt_put_prio
    rt_mailbox.o(i.rt_mbx_psh) refers to hal_cm.o(i.rt_ret_val2) for rt_ret_val2
    rt_mailbox.o(i.rt_mbx_psh) refers to rtx_conf_cm.o(i.os_error) for os_error
    rt_mailbox.o(i.rt_mbx_psh) refers to rt_list.o(.bss) for os_rdy
    rt_mailbox.o(i.rt_mbx_send) refers to rt_list.o(i.rt_put_prio) for rt_put_prio
    rt_mailbox.o(i.rt_mbx_send) refers to rt_list.o(i.rt_get_first) for rt_get_first
    rt_mailbox.o(i.rt_mbx_send) refers to hal_cm.o(i.rt_ret_val2) for rt_ret_val2
    rt_mailbox.o(i.rt_mbx_send) refers to rt_list.o(i.rt_rmv_dly) for rt_rmv_dly
    rt_mailbox.o(i.rt_mbx_send) refers to rt_task.o(i.rt_dispatch) for rt_dispatch
    rt_mailbox.o(i.rt_mbx_send) refers to rt_task.o(i.rt_block) for rt_block
    rt_mailbox.o(i.rt_mbx_send) refers to rt_task.o(.data) for os_tsk
    rt_mailbox.o(i.rt_mbx_wait) refers to rt_list.o(i.rt_get_first) for rt_get_first
    rt_mailbox.o(i.rt_mbx_wait) refers to hal_cm.o(i.rt_ret_val) for rt_ret_val
    rt_mailbox.o(i.rt_mbx_wait) refers to rt_list.o(i.rt_rmv_dly) for rt_rmv_dly
    rt_mailbox.o(i.rt_mbx_wait) refers to rt_task.o(i.rt_dispatch) for rt_dispatch
    rt_mailbox.o(i.rt_mbx_wait) refers to rt_list.o(i.rt_put_prio) for rt_put_prio
    rt_mailbox.o(i.rt_mbx_wait) refers to rt_task.o(i.rt_block) for rt_block
    rt_mailbox.o(i.rt_mbx_wait) refers to rt_task.o(.data) for os_tsk
    rt_semaphore.o(i.isr_sem_send) refers to rt_list.o(i.rt_psq_enq) for rt_psq_enq
    rt_semaphore.o(i.isr_sem_send) refers to rt_system.o(i.rt_psh_req) for rt_psh_req
    rt_semaphore.o(i.rt_sem_delete) refers to rt_list.o(i.rt_get_first) for rt_get_first
    rt_semaphore.o(i.rt_sem_delete) refers to hal_cm.o(i.rt_ret_val) for rt_ret_val
    rt_semaphore.o(i.rt_sem_delete) refers to rt_list.o(i.rt_rmv_dly) for rt_rmv_dly
    rt_semaphore.o(i.rt_sem_delete) refers to rt_list.o(i.rt_put_prio) for rt_put_prio
    rt_semaphore.o(i.rt_sem_delete) refers to rt_task.o(i.rt_dispatch) for rt_dispatch
    rt_semaphore.o(i.rt_sem_delete) refers to rt_list.o(.bss) for os_rdy
    rt_semaphore.o(i.rt_sem_delete) refers to rt_task.o(.data) for os_tsk
    rt_semaphore.o(i.rt_sem_psh) refers to rt_list.o(i.rt_get_first) for rt_get_first
    rt_semaphore.o(i.rt_sem_psh) refers to rt_list.o(i.rt_rmv_dly) for rt_rmv_dly
    rt_semaphore.o(i.rt_sem_psh) refers to hal_cm.o(i.rt_ret_val) for rt_ret_val
    rt_semaphore.o(i.rt_sem_psh) refers to rt_list.o(i.rt_put_prio) for rt_put_prio
    rt_semaphore.o(i.rt_sem_psh) refers to rt_list.o(.bss) for os_rdy
    rt_semaphore.o(i.rt_sem_send) refers to rt_list.o(i.rt_get_first) for rt_get_first
    rt_semaphore.o(i.rt_sem_send) refers to hal_cm.o(i.rt_ret_val) for rt_ret_val
    rt_semaphore.o(i.rt_sem_send) refers to rt_list.o(i.rt_rmv_dly) for rt_rmv_dly
    rt_semaphore.o(i.rt_sem_send) refers to rt_task.o(i.rt_dispatch) for rt_dispatch
    rt_semaphore.o(i.rt_sem_wait) refers to rt_list.o(i.rt_put_prio) for rt_put_prio
    rt_semaphore.o(i.rt_sem_wait) refers to rt_task.o(i.rt_block) for rt_block
    rt_semaphore.o(i.rt_sem_wait) refers to rt_task.o(.data) for os_tsk
    rt_time.o(i.rt_dly_wait) refers to rt_task.o(i.rt_block) for rt_block
    rt_time.o(i.rt_itv_set) refers to rt_task.o(.data) for os_tsk
    rt_time.o(i.rt_itv_set) refers to rt_time.o(.data) for .data
    rt_time.o(i.rt_itv_wait) refers to rt_task.o(i.rt_block) for rt_block
    rt_time.o(i.rt_itv_wait) refers to rt_task.o(.data) for os_tsk
    rt_time.o(i.rt_itv_wait) refers to rt_time.o(.data) for .data
    rt_time.o(i.rt_time_get) refers to rt_time.o(.data) for .data
    rt_mutex.o(i.rt_mut_delete) refers to rt_list.o(i.rt_resort_prio) for rt_resort_prio
    rt_mutex.o(i.rt_mut_delete) refers to rt_list.o(i.rt_get_first) for rt_get_first
    rt_mutex.o(i.rt_mut_delete) refers to hal_cm.o(i.rt_ret_val) for rt_ret_val
    rt_mutex.o(i.rt_mut_delete) refers to rt_list.o(i.rt_rmv_dly) for rt_rmv_dly
    rt_mutex.o(i.rt_mut_delete) refers to rt_list.o(i.rt_put_prio) for rt_put_prio
    rt_mutex.o(i.rt_mut_delete) refers to rt_task.o(i.rt_dispatch) for rt_dispatch
    rt_mutex.o(i.rt_mut_delete) refers to rt_task.o(.data) for os_tsk
    rt_mutex.o(i.rt_mut_delete) refers to rt_list.o(.bss) for os_rdy
    rt_mutex.o(i.rt_mut_release) refers to rt_list.o(i.rt_get_first) for rt_get_first
    rt_mutex.o(i.rt_mut_release) refers to hal_cm.o(i.rt_ret_val) for rt_ret_val
    rt_mutex.o(i.rt_mut_release) refers to rt_list.o(i.rt_rmv_dly) for rt_rmv_dly
    rt_mutex.o(i.rt_mut_release) refers to rt_list.o(i.rt_put_prio) for rt_put_prio
    rt_mutex.o(i.rt_mut_release) refers to rt_task.o(i.rt_dispatch) for rt_dispatch
    rt_mutex.o(i.rt_mut_release) refers to rt_task.o(.data) for os_tsk
    rt_mutex.o(i.rt_mut_release) refers to rt_list.o(.bss) for os_rdy
    rt_mutex.o(i.rt_mut_wait) refers to rt_list.o(i.rt_resort_prio) for rt_resort_prio
    rt_mutex.o(i.rt_mut_wait) refers to rt_list.o(i.rt_put_prio) for rt_put_prio
    rt_mutex.o(i.rt_mut_wait) refers to rt_task.o(i.rt_block) for rt_block
    rt_mutex.o(i.rt_mut_wait) refers to rt_task.o(.data) for os_tsk
    rt_membox.o(i._calloc_box) refers to hal_cm3.o(.emb_text) for _alloc_box
    hal_cm.o(i.dbg_init) refers to hal_cm.o(.data) for .data
    hal_cm.o(i.rt_init_stack) refers to rtx_conf_cm.o(.constdata) for os_stackinfo
    rt_robin.o(i.rt_chk_robin) refers to rt_list.o(i.rt_get_first) for rt_get_first
    rt_robin.o(i.rt_chk_robin) refers to rt_list.o(i.rt_put_prio) for rt_put_prio
    rt_robin.o(i.rt_chk_robin) refers to rt_robin.o(.data) for .data
    rt_robin.o(i.rt_chk_robin) refers to rt_list.o(.bss) for os_rdy
    rt_robin.o(i.rt_chk_robin) refers to rt_time.o(.data) for os_time
    rt_robin.o(i.rt_init_robin) refers to rt_robin.o(.data) for .data
    rt_robin.o(i.rt_init_robin) refers to rtx_conf_cm.o(.constdata) for os_rrobin
    hal_cm3.o(.emb_text) refers to rtx_conf_cm.o(.constdata) for os_flags
    hal_cm3.o(.emb_text) refers to rt_membox.o(i.rt_alloc_box) for rt_alloc_box
    hal_cm3.o(.emb_text) refers to rt_membox.o(i.rt_free_box) for rt_free_box
    hal_cm3.o(.emb_text) refers to rt_system.o(i.rt_stk_check) for rt_stk_check
    hal_cm3.o(.emb_text) refers to rt_task.o(.data) for os_tsk
    hal_cm3.o(.emb_text) refers to svc_table.o(SVC_TABLE) for SVC_Count
    hal_cm3.o(.emb_text) refers to rt_system.o(i.rt_pop_req) for rt_pop_req
    hal_cm3.o(.emb_text) refers to rt_system.o(i.rt_systick) for rt_systick
    hal_cm3.o(.emb_text) refers to rt_system.o(i.os_tick_irqack) for os_tick_irqack
    entry.o(.ARM.Collect$$$$00000000) refers (Special) to entry10a.o(.ARM.Collect$$$$0000000D) for __rt_final_cpp
    entry.o(.ARM.Collect$$$$00000000) refers (Special) to entry11a.o(.ARM.Collect$$$$0000000F) for __rt_final_exit
    entry.o(.ARM.Collect$$$$00000000) refers (Special) to entry7b.o(.ARM.Collect$$$$00000008) for _main_clock
    entry.o(.ARM.Collect$$$$00000000) refers (Special) to entry8b.o(.ARM.Collect$$$$0000000A) for _main_cpp_init
    entry.o(.ARM.Collect$$$$00000000) refers (Special) to rtx_conf_cm.o(.ARM.Collect$$$$000000FF) for _main_init
    entry.o(.ARM.Collect$$$$00000000) refers (Special) to entry5.o(.ARM.Collect$$$$00000004) for _main_scatterload
    entry.o(.ARM.Collect$$$$00000000) refers (Special) to entry2.o(.ARM.Collect$$$$00000001) for _main_stk
    uldiv.o(.text) refers to llushr.o(.text) for __aeabi_llsr
    uldiv.o(.text) refers to llshl.o(.text) for __aeabi_llsl
    dmul.o(.text) refers (Special) to iusefp.o(.text) for __I$use$fp
    dmul.o(.text) refers to depilogue.o(.text) for _double_epilogue
    ddiv.o(.text) refers (Special) to iusefp.o(.text) for __I$use$fp
    ddiv.o(.text) refers to depilogue.o(.text) for _double_round
    dflti.o(.text) refers (Special) to iusefp.o(.text) for __I$use$fp
    dflti.o(.text) refers to depilogue.o(.text) for _double_epilogue
    dfltui.o(.text) refers (Special) to iusefp.o(.text) for __I$use$fp
    dfltui.o(.text) refers to depilogue.o(.text) for _double_epilogue
    entry2.o(.ARM.Collect$$$$00000001) refers to entry2.o(.ARM.Collect$$$$00002712) for __lit__00000000
    entry2.o(.ARM.Collect$$$$00002712) refers to startup_lpc17xx.o(STACK) for __initial_sp
    entry2.o(__vectab_stack_and_reset_area) refers to startup_lpc17xx.o(STACK) for __initial_sp
    entry2.o(__vectab_stack_and_reset_area) refers to entry.o(.ARM.Collect$$$$00000000) for __main
    entry5.o(.ARM.Collect$$$$00000004) refers to init.o(.text) for __scatterload
    depilogue.o(.text) refers to llshl.o(.text) for __aeabi_llsl
    depilogue.o(.text) refers to llushr.o(.text) for __aeabi_llsr
    init.o(.text) refers to entry5.o(.ARM.Collect$$$$00000004) for __main_after_scatterload


==============================================================================

Removing Unused input sections from the image.

    Removing main.o(.rev16_text), (4 bytes).
    Removing main.o(.revsh_text), (4 bytes).
    Removing main.o(.rrx_text), (6 bytes).
    Removing main.o(i.turnOnLed2), (104 bytes).
    Removing led.o(.rev16_text), (4 bytes).
    Removing led.o(.revsh_text), (4 bytes).
    Removing led.o(.rrx_text), (6 bytes).
    Removing led.o(i.LED_Out), (38 bytes).
    Removing startup_lpc17xx.o(HEAP), (0 bytes).
    Removing system_lpc17xx.o(.rev16_text), (4 bytes).
    Removing system_lpc17xx.o(.revsh_text), (4 bytes).
    Removing system_lpc17xx.o(.rrx_text), (6 bytes).
    Removing system_lpc17xx.o(i.SystemCoreClockUpdate), (424 bytes).
    Removing system_lpc17xx.o(.data), (4 bytes).
    Removing rt_cmsis.o(.rev16_text), (4 bytes).
    Removing rt_cmsis.o(.revsh_text), (4 bytes).
    Removing rt_cmsis.o(.rrx_text), (6 bytes).
    Removing rt_cmsis.o(i.isrSemaphoreRelease), (40 bytes).
    Removing rt_cmsis.o(i.isrSignalSet), (36 bytes).
    Removing rt_cmsis.o(i.osKernelRunning), (36 bytes).
    Removing rt_cmsis.o(i.osKernelSysTick), (24 bytes).
    Removing rt_cmsis.o(i.osMailAlloc), (28 bytes).
    Removing rt_cmsis.o(i.osMailCAlloc), (48 bytes).
    Removing rt_cmsis.o(i.osMailCreate), (44 bytes).
    Removing rt_cmsis.o(i.osMailFree), (28 bytes).
    Removing rt_cmsis.o(i.osMailGet), (22 bytes).
    Removing rt_cmsis.o(i.osMailPut), (20 bytes).
    Removing rt_cmsis.o(i.osMessageCreate), (44 bytes).
    Removing rt_cmsis.o(i.osMessagePut), (24 bytes).
    Removing rt_cmsis.o(i.osMutexCreate), (44 bytes).
    Removing rt_cmsis.o(i.osMutexDelete), (24 bytes).
    Removing rt_cmsis.o(i.osMutexRelease), (24 bytes).
    Removing rt_cmsis.o(i.osMutexWait), (24 bytes).
    Removing rt_cmsis.o(i.osPoolAlloc), (32 bytes).
    Removing rt_cmsis.o(i.osPoolCAlloc), (52 bytes).
    Removing rt_cmsis.o(i.osPoolCreate), (44 bytes).
    Removing rt_cmsis.o(i.osPoolFree), (32 bytes).
    Removing rt_cmsis.o(i.osSemaphoreCreate), (44 bytes).
    Removing rt_cmsis.o(i.osSemaphoreDelete), (24 bytes).
    Removing rt_cmsis.o(i.osSemaphoreRelease), (24 bytes).
    Removing rt_cmsis.o(i.osSemaphoreWait), (24 bytes).
    Removing rt_cmsis.o(i.osSignalClear), (24 bytes).
    Removing rt_cmsis.o(i.osSignalSet), (24 bytes).
    Removing rt_cmsis.o(i.osSignalWait), (24 bytes).
    Removing rt_cmsis.o(i.osThreadGetId), (24 bytes).
    Removing rt_cmsis.o(i.osThreadGetPriority), (24 bytes).
    Removing rt_cmsis.o(i.osThreadSetPriority), (24 bytes).
    Removing rt_cmsis.o(i.osThreadTerminate), (24 bytes).
    Removing rt_cmsis.o(i.osTimerCreate), (44 bytes).
    Removing rt_cmsis.o(i.osTimerDelete), (24 bytes).
    Removing rt_cmsis.o(i.osTimerStart), (24 bytes).
    Removing rt_cmsis.o(i.osTimerStop), (24 bytes).
    Removing rt_cmsis.o(i.osWait), (4 bytes).
    Removing rt_cmsis.o(i.os_resume), (12 bytes).
    Removing rt_cmsis.o(i.os_suspend), (12 bytes).
    Removing rt_cmsis.o(i.rt_clr_box), (24 bytes).
    Removing rt_cmsis.o(i.rt_timer_remove), (60 bytes).
    Removing rt_cmsis.o(i.svcKernelRunning), (12 bytes).
    Removing rt_cmsis.o(i.svcKernelSysTick), (56 bytes).
    Removing rt_cmsis.o(i.svcMailCreate), (66 bytes).
    Removing rt_cmsis.o(i.svcMessagePut), (54 bytes).
    Removing rt_cmsis.o(i.svcMutexCreate), (28 bytes).
    Removing rt_cmsis.o(i.svcMutexDelete), (26 bytes).
    Removing rt_cmsis.o(i.svcMutexRelease), (34 bytes).
    Removing rt_cmsis.o(i.svcMutexWait), (58 bytes).
    Removing rt_cmsis.o(i.svcPoolCreate), (40 bytes).
    Removing rt_cmsis.o(i.svcSemaphoreCreate), (36 bytes).
    Removing rt_cmsis.o(i.svcSemaphoreDelete), (26 bytes).
    Removing rt_cmsis.o(i.svcSemaphoreRelease), (40 bytes).
    Removing rt_cmsis.o(i.svcSemaphoreWait), (50 bytes).
    Removing rt_cmsis.o(i.svcSignalClear), (36 bytes).
    Removing rt_cmsis.o(i.svcSignalSet), (36 bytes).
    Removing rt_cmsis.o(i.svcSignalWait), (84 bytes).
    Removing rt_cmsis.o(i.svcThreadGetPriority), (18 bytes).
    Removing rt_cmsis.o(i.svcThreadSetPriority), (46 bytes).
    Removing rt_cmsis.o(i.svcTimerCreate), (56 bytes).
    Removing rt_cmsis.o(i.svcTimerDelete), (40 bytes).
    Removing rt_cmsis.o(i.svcTimerStart), (100 bytes).
    Removing rt_cmsis.o(i.svcTimerStop), (36 bytes).
    Removing rt_cmsis.o(i.sysMailAlloc), (88 bytes).
    Removing rt_cmsis.o(i.sysMailFree), (96 bytes).
    Removing rt_cmsis.o(i.sysPoolAlloc), (10 bytes).
    Removing rt_cmsis.o(i.sysPoolFree), (20 bytes).
    Removing rt_cmsis.o(i.sysUserTimerUpdate), (48 bytes).
    Removing rt_cmsis.o(i.sysUserTimerWakeupTime), (20 bytes).
    Removing rt_system.o(.emb_text), (0 bytes).
    Removing rt_system.o(i.os_tick_ovf), (16 bytes).
    Removing rt_system.o(i.os_tick_val), (20 bytes).
    Removing rt_system.o(i.rt_resume), (136 bytes).
    Removing rt_system.o(i.rt_suspend), (36 bytes).
    Removing rt_system.o(i.rt_tsk_lock), (80 bytes).
    Removing rt_system.o(i.rt_tsk_unlock), (80 bytes).
    Removing rt_event.o(i.isr_evt_set), (40 bytes).
    Removing rt_event.o(i.rt_evt_clr), (28 bytes).
    Removing rt_event.o(i.rt_evt_get), (12 bytes).
    Removing rt_event.o(i.rt_evt_set), (92 bytes).
    Removing rt_event.o(i.rt_evt_wait), (60 bytes).
    Removing rt_mailbox.o(i.rt_mbx_send), (152 bytes).
    Removing rt_semaphore.o(i.isr_sem_send), (16 bytes).
    Removing rt_semaphore.o(i.rt_sem_delete), (92 bytes).
    Removing rt_semaphore.o(i.rt_sem_init), (12 bytes).
    Removing rt_semaphore.o(i.rt_sem_send), (42 bytes).
    Removing rt_semaphore.o(i.rt_sem_wait), (64 bytes).
    Removing rt_time.o(i.rt_itv_set), (24 bytes).
    Removing rt_time.o(i.rt_itv_wait), (40 bytes).
    Removing rt_time.o(i.rt_time_get), (12 bytes).
    Removing rt_mutex.o(i.rt_mut_delete), (176 bytes).
    Removing rt_mutex.o(i.rt_mut_init), (16 bytes).
    Removing rt_mutex.o(i.rt_mut_release), (216 bytes).
    Removing rt_mutex.o(i.rt_mut_wait), (120 bytes).
    Removing rt_membox.o(i._calloc_box), (30 bytes).
    Removing rt_robin.o(i.rt_chk_robin), (72 bytes).
    Removing rt_robin.o(i.rt_init_robin), (24 bytes).
    Removing rt_robin.o(.data), (8 bytes).

114 unused section(s) (total 4784 bytes) removed from the image.

==============================================================================

Image Symbol Table

    Local Symbols

    Symbol Name                              Value     Ov Type        Size  Object(Section)

    RESET                                    0x00000000   Section      204  startup_lpc17xx.o(RESET)
    ../clib/microlib/division.c              0x00000000   Number         0  uldiv.o ABSOLUTE
    ../clib/microlib/init/entry.s            0x00000000   Number         0  entry2.o ABSOLUTE
    ../clib/microlib/init/entry.s            0x00000000   Number         0  entry7b.o ABSOLUTE
    ../clib/microlib/init/entry.s            0x00000000   Number         0  entry11b.o ABSOLUTE
    ../clib/microlib/init/entry.s            0x00000000   Number         0  entry5.o ABSOLUTE
    ../clib/microlib/init/entry.s            0x00000000   Number         0  entry8a.o ABSOLUTE
    ../clib/microlib/init/entry.s            0x00000000   Number         0  entry8b.o ABSOLUTE
    ../clib/microlib/init/entry.s            0x00000000   Number         0  entry10a.o ABSOLUTE
    ../clib/microlib/init/entry.s            0x00000000   Number         0  entry10b.o ABSOLUTE
    ../clib/microlib/init/entry.s            0x00000000   Number         0  entry11a.o ABSOLUTE
    ../clib/microlib/init/entry.s            0x00000000   Number         0  entry7a.o ABSOLUTE
    ../clib/microlib/init/entry.s            0x00000000   Number         0  entry.o ABSOLUTE
    ../clib/microlib/longlong.c              0x00000000   Number         0  llushr.o ABSOLUTE
    ../clib/microlib/longlong.c              0x00000000   Number         0  llshl.o ABSOLUTE
    ../clib/microlib/stubs.s                 0x00000000   Number         0  iusefp.o ABSOLUTE
    ../fplib/microlib/fpdiv.c                0x00000000   Number         0  ddiv.o ABSOLUTE
    ../fplib/microlib/fpepilogue.c           0x00000000   Number         0  depilogue.o ABSOLUTE
    ../fplib/microlib/fpflt.c                0x00000000   Number         0  dfltui.o ABSOLUTE
    ../fplib/microlib/fpflt.c                0x00000000   Number         0  dflti.o ABSOLUTE
    ../fplib/microlib/fpmul.c                0x00000000   Number         0  dmul.o ABSOLUTE
    ..\HAL_CM.c                              0x00000000   Number         0  hal_cm.o ABSOLUTE
    ..\\rt_CMSIS.c                           0x00000000   Number         0  rt_cmsis.o ABSOLUTE
    ..\\rt_System.c                          0x00000000   Number         0  rt_system.o ABSOLUTE
    ..\rt_CMSIS.c                            0x00000000   Number         0  rt_cmsis.o ABSOLUTE
    ..\rt_Event.c                            0x00000000   Number         0  rt_event.o ABSOLUTE
    ..\rt_List.c                             0x00000000   Number         0  rt_list.o ABSOLUTE
    ..\rt_Mailbox.c                          0x00000000   Number         0  rt_mailbox.o ABSOLUTE
    ..\rt_MemBox.c                           0x00000000   Number         0  rt_membox.o ABSOLUTE
    ..\rt_Memory.c                           0x00000000   Number         0  rt_memory.o ABSOLUTE
    ..\rt_Mutex.c                            0x00000000   Number         0  rt_mutex.o ABSOLUTE
    ..\rt_Robin.c                            0x00000000   Number         0  rt_robin.o ABSOLUTE
    ..\rt_Semaphore.c                        0x00000000   Number         0  rt_semaphore.o ABSOLUTE
    ..\rt_System.c                           0x00000000   Number         0  rt_system.o ABSOLUTE
    ..\rt_Task.c                             0x00000000   Number         0  rt_task.o ABSOLUTE
    ..\rt_Time.c                             0x00000000   Number         0  rt_time.o ABSOLUTE
    HAL_CM3.c                                0x00000000   Number         0  hal_cm3.o ABSOLUTE
    HAL_CM3.c                                0x00000000   Number         0  hal_cm3.o ABSOLUTE
    LED.c                                    0x00000000   Number         0  led.o ABSOLUTE
    LED.c                                    0x00000000   Number         0  led.o ABSOLUTE
    RTE\CMSIS\RTX_Conf_CM.c                  0x00000000   Number         0  rtx_conf_cm.o ABSOLUTE
    RTE\Device\LPC1768\startup_LPC17xx.s     0x00000000   Number         0  startup_lpc17xx.o ABSOLUTE
    RTE\Device\LPC1768\system_LPC17xx.c      0x00000000   Number         0  system_lpc17xx.o ABSOLUTE
    RTE\\Device\\LPC1768\\system_LPC17xx.c   0x00000000   Number         0  system_lpc17xx.o ABSOLUTE
    SVC_Table.s                              0x00000000   Number         0  svc_table.o ABSOLUTE
    Thread.c                                 0x00000000   Number         0  thread.o ABSOLUTE
    dc.s                                     0x00000000   Number         0  dc.o ABSOLUTE
    handlers.s                               0x00000000   Number         0  handlers.o ABSOLUTE
    init.s                                   0x00000000   Number         0  init.o ABSOLUTE
    main.c                                   0x00000000   Number         0  main.o ABSOLUTE
    main.c                                   0x00000000   Number         0  main.o ABSOLUTE
    .ARM.Collect$$$$00000000                 0x000000cc   Section        0  entry.o(.ARM.Collect$$$$00000000)
    .ARM.Collect$$$$00000001                 0x000000cc   Section        4  entry2.o(.ARM.Collect$$$$00000001)
    .ARM.Collect$$$$00000004                 0x000000d0   Section        4  entry5.o(.ARM.Collect$$$$00000004)
    .ARM.Collect$$$$00000008                 0x000000d4   Section        0  entry7b.o(.ARM.Collect$$$$00000008)
    .ARM.Collect$$$$0000000A                 0x000000d4   Section        0  entry8b.o(.ARM.Collect$$$$0000000A)
    .ARM.Collect$$$$0000000D                 0x000000d4   Section        0  entry10a.o(.ARM.Collect$$$$0000000D)
    .ARM.Collect$$$$0000000F                 0x000000d4   Section        0  entry11a.o(.ARM.Collect$$$$0000000F)
    .ARM.Collect$$$$000000FF                 0x000000d4   Section        0  rtx_conf_cm.o(.ARM.Collect$$$$000000FF)
    .ARM.Collect$$$$00002712                 0x000000ec   Section        4  entry2.o(.ARM.Collect$$$$00002712)
    __lit__00000000                          0x000000ec   Data           4  entry2.o(.ARM.Collect$$$$00002712)
    .emb_text                                0x000000f0   Section      304  hal_cm3.o(.emb_text)
    .text                                    0x00000220   Section       36  startup_lpc17xx.o(.text)
    .text                                    0x00000244   Section        0  dflti.o(.text)
    .text                                    0x00000266   Section        0  dfltui.o(.text)
    .text                                    0x00000280   Section        0  llshl.o(.text)
    .text                                    0x0000029e   Section        0  llushr.o(.text)
    .text                                    0x000002be   Section        0  iusefp.o(.text)
    .text                                    0x000002c0   Section       36  init.o(.text)
    SVC_TABLE                                0x000002e4   Section        4  svc_table.o(SVC_TABLE)
    i.__scatterload_copy                     0x000002e8   Section       14  handlers.o(i.__scatterload_copy)
    i.__scatterload_null                     0x000002f6   Section        2  handlers.o(i.__scatterload_null)
    i.os_idle_demon                          0x000002f8   Section        0  rtx_conf_cm.o(i.os_idle_demon)
    .ARM.__at_0x02FC                         0x000002fc   Section        4  startup_lpc17xx.o(.ARM.__at_0x02FC)
    .text                                    0x00000300   Section        0  dmul.o(.text)
    .text                                    0x000003e4   Section        0  ddiv.o(.text)
    .text                                    0x000004c2   Section        0  depilogue.o(.text)
    i.Init_Thread                            0x0000057c   Section        0  thread.o(i.Init_Thread)
    i.LED_Init                               0x000005f8   Section        0  led.o(i.LED_Init)
    i.LED_Off                                0x00000628   Section        0  led.o(i.LED_Off)
    i.LED_On                                 0x00000658   Section        0  led.o(i.LED_On)
    i.SystemInit                             0x00000688   Section        0  system_lpc17xx.o(i.SystemInit)
    i.ThreadA                                0x000007c8   Section        0  thread.o(i.ThreadA)
    i.ThreadB                                0x000007fe   Section        0  thread.o(i.ThreadB)
    i.ThreadC                                0x0000083c   Section        0  thread.o(i.ThreadC)
    i.ThreadD                                0x00000870   Section        0  thread.o(i.ThreadD)
    i.ThreadE                                0x000008a2   Section        0  thread.o(i.ThreadE)
    i.__scatterload_zeroinit                 0x000008da   Section       14  handlers.o(i.__scatterload_zeroinit)
    i._init_box                              0x000008e8   Section        0  rt_membox.o(i._init_box)
    i.dbg_init                               0x00000930   Section        0  hal_cm.o(i.dbg_init)
    i.dbg_task_notify                        0x00000960   Section        0  hal_cm.o(i.dbg_task_notify)
    i.dbg_task_switch                        0x00000980   Section        0  hal_cm.o(i.dbg_task_switch)
    i.delay                                  0x00000990   Section        0  thread.o(i.delay)
    i.factorial                              0x000009a6   Section        0  thread.o(i.factorial)
    i.isrMessageGet                          0x000009c0   Section        0  rt_cmsis.o(i.isrMessageGet)
    i.isrMessagePut                          0x000009ea   Section        0  rt_cmsis.o(i.isrMessagePut)
    i.isr_mbx_receive                        0x00000a18   Section        0  rt_mailbox.o(i.isr_mbx_receive)
    i.isr_mbx_send                           0x00000a6e   Section        0  rt_mailbox.o(i.isr_mbx_send)
    i.main                                   0x00000a7c   Section        0  main.o(i.main)
    i.osDelay                                0x00000aa0   Section        0  rt_cmsis.o(i.osDelay)
    i.osKernelInitialize                     0x00000ab8   Section        0  rt_cmsis.o(i.osKernelInitialize)
    i.osKernelStart                          0x00000adc   Section        0  rt_cmsis.o(i.osKernelStart)
    i.osMessageGet                           0x00000b48   Section        0  rt_cmsis.o(i.osMessageGet)
    i.osThreadCreate                         0x00000b60   Section        0  rt_cmsis.o(i.osThreadCreate)
    i.osThreadExit                           0x00000b8c   Section        0  rt_cmsis.o(i.osThreadExit)
    i.osThreadYield                          0x00000ba4   Section        0  rt_cmsis.o(i.osThreadYield)
    i.osTimerCall                            0x00000bbc   Section        0  rt_cmsis.o(i.osTimerCall)
    i.osTimerThread                          0x00000bc8   Section        0  rt_cmsis.o(i.osTimerThread)
    i.os_error                               0x00000bf4   Section        0  rtx_conf_cm.o(i.os_error)
    i.os_tick_init                           0x00000c18   Section        0  rt_system.o(i.os_tick_init)
    i.os_tick_irqack                         0x00000c40   Section        0  rt_system.o(i.os_tick_irqack)
    i.pi_r_squared                           0x00000c44   Section        0  thread.o(i.pi_r_squared)
    i.power                                  0x00000c64   Section        0  thread.o(i.power)
    i.powerAndFactorial                      0x00000c8c   Section        0  thread.o(i.powerAndFactorial)
    i.rt_alloc_box                           0x00000cbc   Section        0  rt_membox.o(i.rt_alloc_box)
    i.rt_alloc_mem                           0x00000cd6   Section        0  rt_memory.o(i.rt_alloc_mem)
    i.rt_block                               0x00000d14   Section        0  rt_task.o(i.rt_block)
    i.rt_chk_robin                           0x00000d4c   Section        0  rtx_conf_cm.o(i.rt_chk_robin)
    i.rt_dec_dly                             0x00000d50   Section        0  rt_list.o(i.rt_dec_dly)
    i.rt_dispatch                            0x00000dc0   Section        0  rt_task.o(i.rt_dispatch)
    i.rt_dly_wait                            0x00000e04   Section        0  rt_time.o(i.rt_dly_wait)
    i.rt_evt_psh                             0x00000e0c   Section        0  rt_event.o(i.rt_evt_psh)
    i.rt_free_box                            0x00000e5c   Section        0  rt_membox.o(i.rt_free_box)
    i.rt_free_mem                            0x00000e88   Section        0  rt_memory.o(i.rt_free_mem)
    i.rt_get_first                           0x00000eb0   Section        0  rt_list.o(i.rt_get_first)
    i.rt_get_same_rdy_prio                   0x00000ed8   Section        0  rt_list.o(i.rt_get_same_rdy_prio)
    i.rt_id2obj                              0x00000efc   Section        0  rt_cmsis.o(i.rt_id2obj)
    rt_id2obj                                0x00000efd   Thumb Code     8  rt_cmsis.o(i.rt_id2obj)
    i.rt_init_context                        0x00000f04   Section        0  rt_task.o(i.rt_init_context)
    rt_init_context                          0x00000f05   Thumb Code    66  rt_task.o(i.rt_init_context)
    i.rt_init_mem                            0x00000f4c   Section        0  rt_memory.o(i.rt_init_mem)
    i.rt_init_robin                          0x00000f66   Section        0  rtx_conf_cm.o(i.rt_init_robin)
    i.rt_init_stack                          0x00000f68   Section        0  hal_cm.o(i.rt_init_stack)
    i.rt_mbx_check                           0x00000fe8   Section        0  rt_mailbox.o(i.rt_mbx_check)
    i.rt_mbx_init                            0x00000ff0   Section        0  rt_mailbox.o(i.rt_mbx_init)
    i.rt_mbx_psh                             0x0000100c   Section        0  rt_mailbox.o(i.rt_mbx_psh)
    i.rt_mbx_wait                            0x000010fc   Section        0  rt_mailbox.o(i.rt_mbx_wait)
    i.rt_ms2tick                             0x000011b0   Section        0  rt_cmsis.o(i.rt_ms2tick)
    rt_ms2tick                               0x000011b1   Thumb Code    58  rt_cmsis.o(i.rt_ms2tick)
    i.rt_pop_req                             0x000011f4   Section        0  rt_system.o(i.rt_pop_req)
    i.rt_psh_req                             0x00001270   Section        0  rt_system.o(i.rt_psh_req)
    i.rt_psq_enq                             0x00001290   Section        0  rt_list.o(i.rt_psq_enq)
    i.rt_put_dly                             0x000012ec   Section        0  rt_list.o(i.rt_put_dly)
    i.rt_put_prio                            0x00001334   Section        0  rt_list.o(i.rt_put_prio)
    i.rt_put_rdy_first                       0x0000136c   Section        0  rt_list.o(i.rt_put_rdy_first)
    i.rt_resort_prio                         0x00001380   Section        0  rt_list.o(i.rt_resort_prio)
    i.rt_ret_val                             0x000013b4   Section        0  hal_cm.o(i.rt_ret_val)
    i.rt_ret_val2                            0x000013ba   Section        0  hal_cm.o(i.rt_ret_val2)
    i.rt_rmv_dly                             0x000013c2   Section        0  rt_list.o(i.rt_rmv_dly)
    i.rt_rmv_list                            0x000013ec   Section        0  rt_list.o(i.rt_rmv_list)
    i.rt_sem_psh                             0x0000141c   Section        0  rt_semaphore.o(i.rt_sem_psh)
    i.rt_stk_check                           0x00001450   Section        0  rt_system.o(i.rt_stk_check)
    i.rt_switch_req                          0x00001474   Section        0  rt_task.o(i.rt_switch_req)
    i.rt_sys_init                            0x0000149c   Section        0  rt_task.o(i.rt_sys_init)
    i.rt_sys_start                           0x00001568   Section        0  rt_task.o(i.rt_sys_start)
    i.rt_systick                             0x000015e0   Section        0  rt_system.o(i.rt_systick)
    i.rt_tid2ptcb                            0x00001620   Section        0  rt_cmsis.o(i.rt_tid2ptcb)
    rt_tid2ptcb                              0x00001621   Thumb Code    18  rt_cmsis.o(i.rt_tid2ptcb)
    i.rt_timer_insert                        0x00001634   Section        0  rt_cmsis.o(i.rt_timer_insert)
    rt_timer_insert                          0x00001635   Thumb Code    48  rt_cmsis.o(i.rt_timer_insert)
    i.rt_tsk_create                          0x00001668   Section        0  rt_task.o(i.rt_tsk_create)
    i.rt_tsk_delete                          0x000016f0   Section        0  rt_task.o(i.rt_tsk_delete)
    i.rt_tsk_pass                            0x0000186c   Section        0  rt_task.o(i.rt_tsk_pass)
    i.rt_tsk_prio                            0x0000189c   Section        0  rt_task.o(i.rt_tsk_prio)
    i.rt_tsk_self                            0x00001918   Section        0  rt_task.o(i.rt_tsk_self)
    i.svcDelay                               0x00001928   Section        0  rt_cmsis.o(i.svcDelay)
    i.svcKernelInitialize                    0x0000193c   Section        0  rt_cmsis.o(i.svcKernelInitialize)
    i.svcKernelStart                         0x000019ac   Section        0  rt_cmsis.o(i.svcKernelStart)
    i.svcMessageCreate                       0x000019f4   Section        0  rt_cmsis.o(i.svcMessageCreate)
    i.svcMessageGet                          0x00001a18   Section        0  rt_cmsis.o(i.svcMessageGet)
    i.svcThreadCreate                        0x00001a54   Section        0  rt_cmsis.o(i.svcThreadCreate)
    i.svcThreadGetId                         0x00001ac0   Section        0  rt_cmsis.o(i.svcThreadGetId)
    i.svcThreadTerminate                     0x00001adc   Section        0  rt_cmsis.o(i.svcThreadTerminate)
    i.svcThreadYield                         0x00001b14   Section        0  rt_cmsis.o(i.svcThreadYield)
    i.svcTimerCall                           0x00001b1e   Section        0  rt_cmsis.o(i.svcTimerCall)
    i.sysTimerTick                           0x00001b38   Section        0  rt_cmsis.o(i.sysTimerTick)
    i.turnOffAllLeds                         0x00001b94   Section        0  thread.o(i.turnOffAllLeds)
    i.turnOffAllLeds2                        0x00001bc8   Section        0  main.o(i.turnOffAllLeds2)
    i.turnOnLed                              0x00001bfc   Section        0  thread.o(i.turnOnLed)
    .constdata                               0x00001c08   Section       80  thread.o(.constdata)
    .constdata                               0x00001c58   Section       32  led.o(.constdata)
    .constdata                               0x00001c78   Section      104  rtx_conf_cm.o(.constdata)
    __tagsym$$used                           0x00001c94   Number         0  rtx_conf_cm.o(.constdata)
    __tagsym$$used                           0x00001c98   Number         0  rtx_conf_cm.o(.constdata)
    __tagsym$$used                           0x00001c9c   Number         0  rtx_conf_cm.o(.constdata)
    __tagsym$$used                           0x00001ca0   Number         0  rtx_conf_cm.o(.constdata)
    .bss                                     0x10000000   Section    25904  rtx_conf_cm.o(.bss)
    .data                                    0x2007c000   Section       20  thread.o(.data)
    .data                                    0x2007c014   Section       16  rtx_conf_cm.o(.data)
    .data                                    0x2007c024   Section        8  rt_cmsis.o(.data)
    .data                                    0x2007c02c   Section        8  rt_task.o(.data)
    .data                                    0x2007c034   Section        8  rt_system.o(.data)
    os_lock                                  0x2007c034   Data           1  rt_system.o(.data)
    os_psh_flag                              0x2007c035   Data           1  rt_system.o(.data)
    pend_flags                               0x2007c036   Data           1  rt_system.o(.data)
    .data                                    0x2007c03c   Section        4  rt_time.o(.data)
    .data                                    0x2007c040   Section        1  hal_cm.o(.data)
    .bss                                     0x2007c044   Section       52  rt_task.o(.bss)
    .bss                                     0x2007c078   Section       48  rt_list.o(.bss)
    STACK                                    0x2007c0a8   Section      512  startup_lpc17xx.o(STACK)

    Global Symbols

    Symbol Name                              Value     Ov Type        Size  Object(Section)

    BuildAttributes$$THM_ISAv4$P$D$K$B$S$PE$A:L22UL41UL21$X:L11$S22US41US21$IEEE1$IW$USESV6$~STKCKD$USESV7$~SHL$OSPACE$ROPI$EBA8$MICROLIB$REQ8$PRES8$EABIv2 0x00000000   Number         0  anon$$obj.o ABSOLUTE
    __ARM_use_no_argv                        0x00000000   Number         0  main.o ABSOLUTE
    __Vectors                                0x00000000   Data           4  startup_lpc17xx.o(RESET)
    __cpp_initialize__aeabi_                  - Undefined Weak Reference
    __cxa_finalize                            - Undefined Weak Reference
    __decompress                              - Undefined Weak Reference
    _clock_init                               - Undefined Weak Reference
    _microlib_exit                            - Undefined Weak Reference
    __main                                   0x000000cd   Thumb Code     0  entry.o(.ARM.Collect$$$$00000000)
    _main_stk                                0x000000cd   Thumb Code     0  entry2.o(.ARM.Collect$$$$00000001)
    _main_scatterload                        0x000000d1   Thumb Code     0  entry5.o(.ARM.Collect$$$$00000004)
    __main_after_scatterload                 0x000000d5   Thumb Code     0  entry5.o(.ARM.Collect$$$$00000004)
    __rt_final_cpp                           0x000000d5   Thumb Code     0  entry10a.o(.ARM.Collect$$$$0000000D)
    __rt_final_exit                          0x000000d5   Thumb Code     0  entry11a.o(.ARM.Collect$$$$0000000F)
    _main_clock                              0x000000d5   Thumb Code     0  entry7b.o(.ARM.Collect$$$$00000008)
    _main_cpp_init                           0x000000d5   Thumb Code     0  entry8b.o(.ARM.Collect$$$$0000000A)
    _main_init                               0x000000d5   Thumb Code    18  rtx_conf_cm.o(.ARM.Collect$$$$000000FF)
    rt_set_PSP                               0x000000f1   Thumb Code     6  hal_cm3.o(.emb_text)
    rt_get_PSP                               0x000000f7   Thumb Code     6  hal_cm3.o(.emb_text)
    os_set_env                               0x000000fd   Thumb Code    24  hal_cm3.o(.emb_text)
    _alloc_box                               0x00000119   Thumb Code    28  hal_cm3.o(.emb_text)
    _free_box                                0x00000139   Thumb Code    28  hal_cm3.o(.emb_text)
    SVC_Handler                              0x00000159   Thumb Code   108  hal_cm3.o(.emb_text)
    PendSV_Handler                           0x000001d1   Thumb Code    56  hal_cm3.o(.emb_text)
    SysTick_Handler                          0x0000020d   Thumb Code     8  hal_cm3.o(.emb_text)
    OS_Tick_Handler                          0x00000215   Thumb Code    12  hal_cm3.o(.emb_text)
    Reset_Handler                            0x00000221   Thumb Code     8  startup_lpc17xx.o(.text)
    NMI_Handler                              0x00000229   Thumb Code     2  startup_lpc17xx.o(.text)
    HardFault_Handler                        0x0000022b   Thumb Code     2  startup_lpc17xx.o(.text)
    MemManage_Handler                        0x0000022d   Thumb Code     2  startup_lpc17xx.o(.text)
    BusFault_Handler                         0x0000022f   Thumb Code     2  startup_lpc17xx.o(.text)
    UsageFault_Handler                       0x00000231   Thumb Code     2  startup_lpc17xx.o(.text)
    DebugMon_Handler                         0x00000235   Thumb Code     2  startup_lpc17xx.o(.text)
    ADC_IRQHandler                           0x0000023b   Thumb Code     0  startup_lpc17xx.o(.text)
    BOD_IRQHandler                           0x0000023b   Thumb Code     0  startup_lpc17xx.o(.text)
    CANActivity_IRQHandler                   0x0000023b   Thumb Code     0  startup_lpc17xx.o(.text)
    CAN_IRQHandler                           0x0000023b   Thumb Code     0  startup_lpc17xx.o(.text)
    DMA_IRQHandler                           0x0000023b   Thumb Code     0  startup_lpc17xx.o(.text)
    EINT0_IRQHandler                         0x0000023b   Thumb Code     0  startup_lpc17xx.o(.text)
    EINT1_IRQHandler                         0x0000023b   Thumb Code     0  startup_lpc17xx.o(.text)
    EINT2_IRQHandler                         0x0000023b   Thumb Code     0  startup_lpc17xx.o(.text)
    EINT3_IRQHandler                         0x0000023b   Thumb Code     0  startup_lpc17xx.o(.text)
    ENET_IRQHandler                          0x0000023b   Thumb Code     0  startup_lpc17xx.o(.text)
    I2C0_IRQHandler                          0x0000023b   Thumb Code     0  startup_lpc17xx.o(.text)
    I2C1_IRQHandler                          0x0000023b   Thumb Code     0  startup_lpc17xx.o(.text)
    I2C2_IRQHandler                          0x0000023b   Thumb Code     0  startup_lpc17xx.o(.text)
    I2S_IRQHandler                           0x0000023b   Thumb Code     0  startup_lpc17xx.o(.text)
    MCPWM_IRQHandler                         0x0000023b   Thumb Code     0  startup_lpc17xx.o(.text)
    PLL0_IRQHandler                          0x0000023b   Thumb Code     0  startup_lpc17xx.o(.text)
    PLL1_IRQHandler                          0x0000023b   Thumb Code     0  startup_lpc17xx.o(.text)
    PWM1_IRQHandler                          0x0000023b   Thumb Code     0  startup_lpc17xx.o(.text)
    QEI_IRQHandler                           0x0000023b   Thumb Code     0  startup_lpc17xx.o(.text)
    RIT_IRQHandler                           0x0000023b   Thumb Code     0  startup_lpc17xx.o(.text)
    RTC_IRQHandler                           0x0000023b   Thumb Code     0  startup_lpc17xx.o(.text)
    SPI_IRQHandler                           0x0000023b   Thumb Code     0  startup_lpc17xx.o(.text)
    SSP0_IRQHandler                          0x0000023b   Thumb Code     0  startup_lpc17xx.o(.text)
    SSP1_IRQHandler                          0x0000023b   Thumb Code     0  startup_lpc17xx.o(.text)
    TIMER0_IRQHandler                        0x0000023b   Thumb Code     0  startup_lpc17xx.o(.text)
    TIMER1_IRQHandler                        0x0000023b   Thumb Code     0  startup_lpc17xx.o(.text)
    TIMER2_IRQHandler                        0x0000023b   Thumb Code     0  startup_lpc17xx.o(.text)
    TIMER3_IRQHandler                        0x0000023b   Thumb Code     0  startup_lpc17xx.o(.text)
    UART0_IRQHandler                         0x0000023b   Thumb Code     0  startup_lpc17xx.o(.text)
    UART1_IRQHandler                         0x0000023b   Thumb Code     0  startup_lpc17xx.o(.text)
    UART2_IRQHandler                         0x0000023b   Thumb Code     0  startup_lpc17xx.o(.text)
    UART3_IRQHandler                         0x0000023b   Thumb Code     0  startup_lpc17xx.o(.text)
    USBActivity_IRQHandler                   0x0000023b   Thumb Code     0  startup_lpc17xx.o(.text)
    USB_IRQHandler                           0x0000023b   Thumb Code     0  startup_lpc17xx.o(.text)
    WDT_IRQHandler                           0x0000023b   Thumb Code     0  startup_lpc17xx.o(.text)
    __aeabi_i2d                              0x00000245   Thumb Code    34  dflti.o(.text)
    __aeabi_ui2d                             0x00000267   Thumb Code    26  dfltui.o(.text)
    __aeabi_llsl                             0x00000281   Thumb Code    30  llshl.o(.text)
    _ll_shift_l                              0x00000281   Thumb Code     0  llshl.o(.text)
    __aeabi_llsr                             0x0000029f   Thumb Code    32  llushr.o(.text)
    _ll_ushift_r                             0x0000029f   Thumb Code     0  llushr.o(.text)
    __I$use$fp                               0x000002bf   Thumb Code     0  iusefp.o(.text)
    __scatterload                            0x000002c1   Thumb Code    28  init.o(.text)
    __scatterload_rt2                        0x000002c1   Thumb Code     0  init.o(.text)
    SVC_Count                                0x000002e4   Data           4  svc_table.o(SVC_TABLE)
    SVC_Table                                0x000002e8   Data           0  svc_table.o(SVC_TABLE)
    __scatterload_copy                       0x000002e9   Thumb Code    14  handlers.o(i.__scatterload_copy)
    __scatterload_null                       0x000002f7   Thumb Code     2  handlers.o(i.__scatterload_null)
    os_idle_demon                            0x000002f9   Thumb Code     4  rtx_conf_cm.o(i.os_idle_demon)
    __aeabi_dmul                             0x00000301   Thumb Code   228  dmul.o(.text)
    __aeabi_ddiv                             0x000003e5   Thumb Code   222  ddiv.o(.text)
    __RL_RTX_VER                             0x00000482   Number         0  rt_system.o ABSOLUTE
    _double_round                            0x000004c3   Thumb Code    30  depilogue.o(.text)
    _double_epilogue                         0x000004e1   Thumb Code   156  depilogue.o(.text)
    Init_Thread                              0x0000057d   Thumb Code    82  thread.o(i.Init_Thread)
    LED_Init                                 0x000005f9   Thumb Code    40  led.o(i.LED_Init)
    LED_Off                                  0x00000629   Thumb Code    40  led.o(i.LED_Off)
    LED_On                                   0x00000659   Thumb Code    40  led.o(i.LED_On)
    SystemInit                               0x00000689   Thumb Code   302  system_lpc17xx.o(i.SystemInit)
    ThreadA                                  0x000007c9   Thumb Code    54  thread.o(i.ThreadA)
    ThreadB                                  0x000007ff   Thumb Code    62  thread.o(i.ThreadB)
    ThreadC                                  0x0000083d   Thumb Code    52  thread.o(i.ThreadC)
    ThreadD                                  0x00000871   Thumb Code    50  thread.o(i.ThreadD)
    ThreadE                                  0x000008a3   Thumb Code    56  thread.o(i.ThreadE)
    __scatterload_zeroinit                   0x000008db   Thumb Code    14  handlers.o(i.__scatterload_zeroinit)
    _init_box                                0x000008e9   Thumb Code    70  rt_membox.o(i._init_box)
    dbg_init                                 0x00000931   Thumb Code    34  hal_cm.o(i.dbg_init)
    dbg_task_notify                          0x00000961   Thumb Code    32  hal_cm.o(i.dbg_task_notify)
    dbg_task_switch                          0x00000981   Thumb Code    16  hal_cm.o(i.dbg_task_switch)
    delay                                    0x00000991   Thumb Code    22  thread.o(i.delay)
    factorial                                0x000009a7   Thumb Code    26  thread.o(i.factorial)
    isrMessageGet                            0x000009c1   Thumb Code    42  rt_cmsis.o(i.isrMessageGet)
    isrMessagePut                            0x000009eb   Thumb Code    44  rt_cmsis.o(i.isrMessagePut)
    isr_mbx_receive                          0x00000a19   Thumb Code    86  rt_mailbox.o(i.isr_mbx_receive)
    isr_mbx_send                             0x00000a6f   Thumb Code    14  rt_mailbox.o(i.isr_mbx_send)
    main                                     0x00000a7d   Thumb Code    34  main.o(i.main)
    osDelay                                  0x00000aa1   Thumb Code    18  rt_cmsis.o(i.osDelay)
    osKernelInitialize                       0x00000ab9   Thumb Code    30  rt_cmsis.o(i.osKernelInitialize)
    osKernelStart                            0x00000add   Thumb Code    98  rt_cmsis.o(i.osKernelStart)
    osMessageGet                             0x00000b49   Thumb Code    18  rt_cmsis.o(i.osMessageGet)
    osThreadCreate                           0x00000b61   Thumb Code    36  rt_cmsis.o(i.osThreadCreate)
    osThreadExit                             0x00000b8d   Thumb Code    14  rt_cmsis.o(i.osThreadExit)
    osThreadYield                            0x00000ba5   Thumb Code    18  rt_cmsis.o(i.osThreadYield)
    osTimerCall                              0x00000bbd   Thumb Code     8  rt_cmsis.o(i.osTimerCall)
    osTimerThread                            0x00000bc9   Thumb Code    38  rt_cmsis.o(i.osTimerThread)
    os_error                                 0x00000bf5   Thumb Code    34  rtx_conf_cm.o(i.os_error)
    os_tick_init                             0x00000c19   Thumb Code    32  rt_system.o(i.os_tick_init)
    os_tick_irqack                           0x00000c41   Thumb Code     2  rt_system.o(i.os_tick_irqack)
    pi_r_squared                             0x00000c45   Thumb Code    24  thread.o(i.pi_r_squared)
    power                                    0x00000c65   Thumb Code    34  thread.o(i.power)
    powerAndFactorial                        0x00000c8d   Thumb Code    48  thread.o(i.powerAndFactorial)
    rt_alloc_box                             0x00000cbd   Thumb Code    26  rt_membox.o(i.rt_alloc_box)
    rt_alloc_mem                             0x00000cd7   Thumb Code    62  rt_memory.o(i.rt_alloc_mem)
    rt_block                                 0x00000d15   Thumb Code    48  rt_task.o(i.rt_block)
    rt_chk_robin                             0x00000d4d   Thumb Code     2  rtx_conf_cm.o(i.rt_chk_robin)
    rt_dec_dly                               0x00000d51   Thumb Code   102  rt_list.o(i.rt_dec_dly)
    rt_dispatch                              0x00000dc1   Thumb Code    60  rt_task.o(i.rt_dispatch)
    rt_dly_wait                              0x00000e05   Thumb Code     6  rt_time.o(i.rt_dly_wait)
    rt_evt_psh                               0x00000e0d   Thumb Code    76  rt_event.o(i.rt_evt_psh)
    rt_free_box                              0x00000e5d   Thumb Code    44  rt_membox.o(i.rt_free_box)
    rt_free_mem                              0x00000e89   Thumb Code    40  rt_memory.o(i.rt_free_mem)
    rt_get_first                             0x00000eb1   Thumb Code    40  rt_list.o(i.rt_get_first)
    rt_get_same_rdy_prio                     0x00000ed9   Thumb Code    26  rt_list.o(i.rt_get_same_rdy_prio)
    rt_init_mem                              0x00000f4d   Thumb Code    26  rt_memory.o(i.rt_init_mem)
    rt_init_robin                            0x00000f67   Thumb Code     2  rtx_conf_cm.o(i.rt_init_robin)
    rt_init_stack                            0x00000f69   Thumb Code   118  hal_cm.o(i.rt_init_stack)
    rt_mbx_check                             0x00000fe9   Thumb Code     8  rt_mailbox.o(i.rt_mbx_check)
    rt_mbx_init                              0x00000ff1   Thumb Code    26  rt_mailbox.o(i.rt_mbx_init)
    rt_mbx_psh                               0x0000100d   Thumb Code   236  rt_mailbox.o(i.rt_mbx_psh)
    rt_mbx_wait                              0x000010fd   Thumb Code   174  rt_mailbox.o(i.rt_mbx_wait)
    rt_pop_req                               0x000011f5   Thumb Code   112  rt_system.o(i.rt_pop_req)
    rt_psh_req                               0x00001271   Thumb Code    22  rt_system.o(i.rt_psh_req)
    rt_psq_enq                               0x00001291   Thumb Code    88  rt_list.o(i.rt_psq_enq)
    rt_put_dly                               0x000012ed   Thumb Code    68  rt_list.o(i.rt_put_dly)
    rt_put_prio                              0x00001335   Thumb Code    54  rt_list.o(i.rt_put_prio)
    rt_put_rdy_first                         0x0000136d   Thumb Code    14  rt_list.o(i.rt_put_rdy_first)
    rt_resort_prio                           0x00001381   Thumb Code    46  rt_list.o(i.rt_resort_prio)
    rt_ret_val                               0x000013b5   Thumb Code     6  hal_cm.o(i.rt_ret_val)
    rt_ret_val2                              0x000013bb   Thumb Code     8  hal_cm.o(i.rt_ret_val2)
    rt_rmv_dly                               0x000013c3   Thumb Code    40  rt_list.o(i.rt_rmv_dly)
    rt_rmv_list                              0x000013ed   Thumb Code    44  rt_list.o(i.rt_rmv_list)
    rt_sem_psh                               0x0000141d   Thumb Code    48  rt_semaphore.o(i.rt_sem_psh)
    rt_stk_check                             0x00001451   Thumb Code    28  rt_system.o(i.rt_stk_check)
    rt_switch_req                            0x00001475   Thumb Code    30  rt_task.o(i.rt_switch_req)
    rt_sys_init                              0x0000149d   Thumb Code   138  rt_task.o(i.rt_sys_init)
    rt_sys_start                             0x00001569   Thumb Code   110  rt_task.o(i.rt_sys_start)
    rt_systick                               0x000015e1   Thumb Code    50  rt_system.o(i.rt_systick)
    rt_tsk_create                            0x00001669   Thumb Code   118  rt_task.o(i.rt_tsk_create)
    rt_tsk_delete                            0x000016f1   Thumb Code   352  rt_task.o(i.rt_tsk_delete)
    rt_tsk_pass                              0x0000186d   Thumb Code    38  rt_task.o(i.rt_tsk_pass)
    rt_tsk_prio                              0x0000189d   Thumb Code   108  rt_task.o(i.rt_tsk_prio)
    rt_tsk_self                              0x00001919   Thumb Code    12  rt_task.o(i.rt_tsk_self)
    svcDelay                                 0x00001929   Thumb Code    18  rt_cmsis.o(i.svcDelay)
    svcKernelInitialize                      0x0000193d   Thumb Code    80  rt_cmsis.o(i.svcKernelInitialize)
    svcKernelStart                           0x000019ad   Thumb Code    62  rt_cmsis.o(i.svcKernelStart)
    svcMessageCreate                         0x000019f5   Thumb Code    36  rt_cmsis.o(i.svcMessageCreate)
    svcMessageGet                            0x00001a19   Thumb Code    58  rt_cmsis.o(i.svcMessageGet)
    svcThreadCreate                          0x00001a55   Thumb Code    96  rt_cmsis.o(i.svcThreadCreate)
    svcThreadGetId                           0x00001ac1   Thumb Code    22  rt_cmsis.o(i.svcThreadGetId)
    svcThreadTerminate                       0x00001add   Thumb Code    50  rt_cmsis.o(i.svcThreadTerminate)
    svcThreadYield                           0x00001b15   Thumb Code    10  rt_cmsis.o(i.svcThreadYield)
    svcTimerCall                             0x00001b1f   Thumb Code    24  rt_cmsis.o(i.svcTimerCall)
    sysTimerTick                             0x00001b39   Thumb Code    84  rt_cmsis.o(i.sysTimerTick)
    turnOffAllLeds                           0x00001b95   Thumb Code    52  thread.o(i.turnOffAllLeds)
    turnOffAllLeds2                          0x00001bc9   Thumb Code    52  main.o(i.turnOffAllLeds2)
    turnOnLed                                0x00001bfd   Thumb Code    12  thread.o(i.turnOnLed)
    os_thread_def_ThreadB                    0x00001c08   Data          16  thread.o(.constdata)
    os_thread_def_ThreadE                    0x00001c18   Data          16  thread.o(.constdata)
    os_thread_def_ThreadD                    0x00001c28   Data          16  thread.o(.constdata)
    os_thread_def_ThreadA                    0x00001c38   Data          16  thread.o(.constdata)
    os_thread_def_ThreadC                    0x00001c48   Data          16  thread.o(.constdata)
    led_mask                                 0x00001c58   Data          32  led.o(.constdata)
    os_maxtaskrun                            0x00001c78   Data           2  rtx_conf_cm.o(.constdata)
    os_stackinfo                             0x00001c7c   Data           4  rtx_conf_cm.o(.constdata)
    os_rrobin                                0x00001c80   Data           4  rtx_conf_cm.o(.constdata)
    os_tickfreq                              0x00001c84   Data           4  rtx_conf_cm.o(.constdata)
    os_tickus_i                              0x00001c88   Data           2  rtx_conf_cm.o(.constdata)
    os_tickus_f                              0x00001c8a   Data           2  rtx_conf_cm.o(.constdata)
    os_trv                                   0x00001c8c   Data           4  rtx_conf_cm.o(.constdata)
    os_flags                                 0x00001c90   Data           1  rtx_conf_cm.o(.constdata)
    CMSIS_RTOS_API_Version                   0x00001c94   Data           4  rtx_conf_cm.o(.constdata)
    CMSIS_RTOS_RTX_Version                   0x00001c98   Data           4  rtx_conf_cm.o(.constdata)
    os_clockrate                             0x00001c9c   Data           4  rtx_conf_cm.o(.constdata)
    os_timernum                              0x00001ca0   Data           4  rtx_conf_cm.o(.constdata)
    mp_tcb_size                              0x00001ca4   Data           2  rtx_conf_cm.o(.constdata)
    mp_stk_size                              0x00001ca8   Data           4  rtx_conf_cm.o(.constdata)
    os_stack_sz                              0x00001cac   Data           4  rtx_conf_cm.o(.constdata)
    os_fifo_size                             0x00001cb0   Data           1  rtx_conf_cm.o(.constdata)
    os_thread_def_osTimerThread              0x00001cb4   Data          16  rtx_conf_cm.o(.constdata)
    os_messageQ_def_osTimerMessageQ          0x00001cc4   Data           8  rtx_conf_cm.o(.constdata)
    mp_tmr_size                              0x00001ccc   Data           2  rtx_conf_cm.o(.constdata)
    os_thread_def_main                       0x00001cd0   Data          16  rtx_conf_cm.o(.constdata)
    Region$$Table$$Base                      0x00001ce0   Number         0  anon$$obj.o(Region$$Table)
    Region$$Table$$Limit                     0x00001d10   Number         0  anon$$obj.o(Region$$Table)
    mp_tcb                                   0x10000000   Data         376  rtx_conf_cm.o(.bss)
    mp_stk                                   0x10000178   Data       24592  rtx_conf_cm.o(.bss)
    os_stack_mem                             0x10006188   Data         744  rtx_conf_cm.o(.bss)
    os_fifo                                  0x10006470   Data         132  rtx_conf_cm.o(.bss)
    os_active_TCB                            0x100064f4   Data          28  rtx_conf_cm.o(.bss)
    os_messageQ_q_osTimerMessageQ            0x10006510   Data          32  rtx_conf_cm.o(.bss)
    tid_B_Thread                             0x2007c000   Data           4  thread.o(.data)
    tid_E_Thread                             0x2007c004   Data           4  thread.o(.data)
    tid_D_Thread                             0x2007c008   Data           4  thread.o(.data)
    tid_A_Thread                             0x2007c00c   Data           4  thread.o(.data)
    tid_C_Thread                             0x2007c010   Data           4  thread.o(.data)
    osThreadId_osTimerThread                 0x2007c014   Data           4  rtx_conf_cm.o(.data)
    osMessageQId_osTimerMessageQ             0x2007c018   Data           4  rtx_conf_cm.o(.data)
    os_tmr                                   0x2007c01c   Data           4  rtx_conf_cm.o(.data)
    m_tmr                                    0x2007c020   Data           4  rtx_conf_cm.o(.data)
    os_initialized                           0x2007c024   Data           1  rt_cmsis.o(.data)
    os_running                               0x2007c025   Data           1  rt_cmsis.o(.data)
    os_timer_head                            0x2007c028   Data           4  rt_cmsis.o(.data)
    os_tsk                                   0x2007c02c   Data           8  rt_task.o(.data)
    os_tick_irqn                             0x2007c038   Data           4  rt_system.o(.data)
    os_time                                  0x2007c03c   Data           4  rt_time.o(.data)
    dbg_msg                                  0x2007c040   Data           1  hal_cm.o(.data)
    os_idle_TCB                              0x2007c044   Data          52  rt_task.o(.bss)
    os_rdy                                   0x2007c078   Data          24  rt_list.o(.bss)
    os_dly                                   0x2007c090   Data          24  rt_list.o(.bss)
    __initial_sp                             0x2007c2a8   Data           0  startup_lpc17xx.o(STACK)



==============================================================================

Memory Map of the image

  Image Entry point : 0x000000cd

  Load Region LR_IROM1 (Base: 0x00000000, Size: 0x00001d54, Max: 0x00080000, ABSOLUTE)

    Execution Region ER_IROM1 (Exec base: 0x00000000, Load base: 0x00000000, Size: 0x00001d10, Max: 0x00080000, ABSOLUTE)

    Exec Addr    Load Addr    Size         Type   Attr      Idx    E Section Name        Object

    0x00000000   0x00000000   0x000000cc   Data   RO          272    RESET               startup_lpc17xx.o
    0x000000cc   0x000000cc   0x00000000   Code   RO         1527  * .ARM.Collect$$$$00000000  mc_w.l(entry.o)
    0x000000cc   0x000000cc   0x00000004   Code   RO         1540    .ARM.Collect$$$$00000001  mc_w.l(entry2.o)
    0x000000d0   0x000000d0   0x00000004   Code   RO         1543    .ARM.Collect$$$$00000004  mc_w.l(entry5.o)
    0x000000d4   0x000000d4   0x00000000   Code   RO         1545    .ARM.Collect$$$$00000008  mc_w.l(entry7b.o)
    0x000000d4   0x000000d4   0x00000000   Code   RO         1547    .ARM.Collect$$$$0000000A  mc_w.l(entry8b.o)
    0x000000d4   0x000000d4   0x00000000   Code   RO         1548    .ARM.Collect$$$$0000000D  mc_w.l(entry10a.o)
    0x000000d4   0x000000d4   0x00000000   Code   RO         1550    .ARM.Collect$$$$0000000F  mc_w.l(entry11a.o)
    0x000000d4   0x000000d4   0x00000018   Code   RO          223    .ARM.Collect$$$$000000FF  rtx_conf_cm.o
    0x000000ec   0x000000ec   0x00000004   Code   RO         1541    .ARM.Collect$$$$00002712  mc_w.l(entry2.o)
    0x000000f0   0x000000f0   0x00000130   Code   RO         1514    .emb_text           RTX_CM3.lib(hal_cm3.o)
    0x00000220   0x00000220   0x00000024   Code   RO          274    .text               startup_lpc17xx.o
    0x00000244   0x00000244   0x00000022   Code   RO         1536    .text               mf_w.l(dflti.o)
    0x00000266   0x00000266   0x0000001a   Code   RO         1538    .text               mf_w.l(dfltui.o)
    0x00000280   0x00000280   0x0000001e   Code   RO         1552    .text               mc_w.l(llshl.o)
    0x0000029e   0x0000029e   0x00000020   Code   RO         1554    .text               mc_w.l(llushr.o)
    0x000002be   0x000002be   0x00000000   Code   RO         1556    .text               mc_w.l(iusefp.o)
    0x000002be   0x000002be   0x00000002   PAD
    0x000002c0   0x000002c0   0x00000024   Code   RO         1559    .text               mc_w.l(init.o)
    0x000002e4   0x000002e4   0x00000004   Code   RO         1524    SVC_TABLE           RTX_CM3.lib(svc_table.o)
    0x000002e8   0x000002e8   0x0000000e   Code   RO         1563    i.__scatterload_copy  mc_w.l(handlers.o)
    0x000002f6   0x000002f6   0x00000002   Code   RO         1564    i.__scatterload_null  mc_w.l(handlers.o)
    0x000002f8   0x000002f8   0x00000004   Code   RO          225    i.os_idle_demon     rtx_conf_cm.o
    0x000002fc   0x000002fc   0x00000004   Code   RO          273    .ARM.__at_0x02FC    startup_lpc17xx.o
    0x00000300   0x00000300   0x000000e4   Code   RO         1532    .text               mf_w.l(dmul.o)
    0x000003e4   0x000003e4   0x000000de   Code   RO         1534    .text               mf_w.l(ddiv.o)
    0x000004c2   0x000004c2   0x000000ba   Code   RO         1557    .text               mf_w.l(depilogue.o)
    0x0000057c   0x0000057c   0x0000007c   Code   RO           79    i.Init_Thread       thread.o
    0x000005f8   0x000005f8   0x00000030   Code   RO          178    i.LED_Init          led.o
    0x00000628   0x00000628   0x00000030   Code   RO          179    i.LED_Off           led.o
    0x00000658   0x00000658   0x00000030   Code   RO          180    i.LED_On            led.o
    0x00000688   0x00000688   0x00000140   Code   RO          284    i.SystemInit        system_lpc17xx.o
    0x000007c8   0x000007c8   0x00000036   Code   RO           80    i.ThreadA           thread.o
    0x000007fe   0x000007fe   0x0000003e   Code   RO           81    i.ThreadB           thread.o
    0x0000083c   0x0000083c   0x00000034   Code   RO           82    i.ThreadC           thread.o
    0x00000870   0x00000870   0x00000032   Code   RO           83    i.ThreadD           thread.o
    0x000008a2   0x000008a2   0x00000038   Code   RO           84    i.ThreadE           thread.o
    0x000008da   0x000008da   0x0000000e   Code   RO         1565    i.__scatterload_zeroinit  mc_w.l(handlers.o)
    0x000008e8   0x000008e8   0x00000046   Code   RO         1392    i._init_box         RTX_CM3.lib(rt_membox.o)
    0x0000092e   0x0000092e   0x00000002   PAD
    0x00000930   0x00000930   0x00000030   Code   RO         1445    i.dbg_init          RTX_CM3.lib(hal_cm.o)
    0x00000960   0x00000960   0x00000020   Code   RO         1446    i.dbg_task_notify   RTX_CM3.lib(hal_cm.o)
    0x00000980   0x00000980   0x00000010   Code   RO         1447    i.dbg_task_switch   RTX_CM3.lib(hal_cm.o)
    0x00000990   0x00000990   0x00000016   Code   RO           85    i.delay             thread.o
    0x000009a6   0x000009a6   0x0000001a   Code   RO           86    i.factorial         thread.o
    0x000009c0   0x000009c0   0x0000002a   Code   RO          319    i.isrMessageGet     RTX_CM3.lib(rt_cmsis.o)
    0x000009ea   0x000009ea   0x0000002c   Code   RO          320    i.isrMessagePut     RTX_CM3.lib(rt_cmsis.o)
    0x00000a16   0x00000a16   0x00000002   PAD
    0x00000a18   0x00000a18   0x00000056   Code   RO         1238    i.isr_mbx_receive   RTX_CM3.lib(rt_mailbox.o)
    0x00000a6e   0x00000a6e   0x0000000e   Code   RO         1239    i.isr_mbx_send      RTX_CM3.lib(rt_mailbox.o)
    0x00000a7c   0x00000a7c   0x00000022   Code   RO            4    i.main              main.o
    0x00000a9e   0x00000a9e   0x00000002   PAD
    0x00000aa0   0x00000aa0   0x00000018   Code   RO          323    i.osDelay           RTX_CM3.lib(rt_cmsis.o)
    0x00000ab8   0x00000ab8   0x00000024   Code   RO          324    i.osKernelInitialize  RTX_CM3.lib(rt_cmsis.o)
    0x00000adc   0x00000adc   0x0000006c   Code   RO          326    i.osKernelStart     RTX_CM3.lib(rt_cmsis.o)
    0x00000b48   0x00000b48   0x00000018   Code   RO          335    i.osMessageGet      RTX_CM3.lib(rt_cmsis.o)
    0x00000b60   0x00000b60   0x0000002c   Code   RO          352    i.osThreadCreate    RTX_CM3.lib(rt_cmsis.o)
    0x00000b8c   0x00000b8c   0x00000018   Code   RO          353    i.osThreadExit      RTX_CM3.lib(rt_cmsis.o)
    0x00000ba4   0x00000ba4   0x00000018   Code   RO          358    i.osThreadYield     RTX_CM3.lib(rt_cmsis.o)
    0x00000bbc   0x00000bbc   0x0000000c   Code   RO          359    i.osTimerCall       RTX_CM3.lib(rt_cmsis.o)
    0x00000bc8   0x00000bc8   0x0000002c   Code   RO          364    i.osTimerThread     RTX_CM3.lib(rt_cmsis.o)
    0x00000bf4   0x00000bf4   0x00000022   Code   RO          224    i.os_error          rtx_conf_cm.o
    0x00000c16   0x00000c16   0x00000002   PAD
    0x00000c18   0x00000c18   0x00000028   Code   RO         1026    i.os_tick_init      RTX_CM3.lib(rt_system.o)
    0x00000c40   0x00000c40   0x00000002   Code   RO         1027    i.os_tick_irqack    RTX_CM3.lib(rt_system.o)
    0x00000c42   0x00000c42   0x00000002   PAD
    0x00000c44   0x00000c44   0x00000020   Code   RO           87    i.pi_r_squared      thread.o
    0x00000c64   0x00000c64   0x00000028   Code   RO           88    i.power             thread.o
    0x00000c8c   0x00000c8c   0x00000030   Code   RO           89    i.powerAndFactorial  thread.o
    0x00000cbc   0x00000cbc   0x0000001a   Code   RO         1393    i.rt_alloc_box      RTX_CM3.lib(rt_membox.o)
    0x00000cd6   0x00000cd6   0x0000003e   Code   RO         1421    i.rt_alloc_mem      RTX_CM3.lib(rt_memory.o)
    0x00000d14   0x00000d14   0x00000038   Code   RO          941    i.rt_block          RTX_CM3.lib(rt_task.o)
    0x00000d4c   0x00000d4c   0x00000002   Code   RO          226    i.rt_chk_robin      rtx_conf_cm.o
    0x00000d4e   0x00000d4e   0x00000002   PAD
    0x00000d50   0x00000d50   0x00000070   Code   RO         1162    i.rt_dec_dly        RTX_CM3.lib(rt_list.o)
    0x00000dc0   0x00000dc0   0x00000044   Code   RO          942    i.rt_dispatch       RTX_CM3.lib(rt_task.o)
    0x00000e04   0x00000e04   0x00000006   Code   RO         1328    i.rt_dly_wait       RTX_CM3.lib(rt_time.o)
    0x00000e0a   0x00000e0a   0x00000002   PAD
    0x00000e0c   0x00000e0c   0x00000050   Code   RO         1119    i.rt_evt_psh        RTX_CM3.lib(rt_event.o)
    0x00000e5c   0x00000e5c   0x0000002c   Code   RO         1394    i.rt_free_box       RTX_CM3.lib(rt_membox.o)
    0x00000e88   0x00000e88   0x00000028   Code   RO         1422    i.rt_free_mem       RTX_CM3.lib(rt_memory.o)
    0x00000eb0   0x00000eb0   0x00000028   Code   RO         1163    i.rt_get_first      RTX_CM3.lib(rt_list.o)
    0x00000ed8   0x00000ed8   0x00000024   Code   RO         1164    i.rt_get_same_rdy_prio  RTX_CM3.lib(rt_list.o)
    0x00000efc   0x00000efc   0x00000008   Code   RO          369    i.rt_id2obj         RTX_CM3.lib(rt_cmsis.o)
    0x00000f04   0x00000f04   0x00000048   Code   RO          943    i.rt_init_context   RTX_CM3.lib(rt_task.o)
    0x00000f4c   0x00000f4c   0x0000001a   Code   RO         1423    i.rt_init_mem       RTX_CM3.lib(rt_memory.o)
    0x00000f66   0x00000f66   0x00000002   Code   RO          227    i.rt_init_robin     rtx_conf_cm.o
    0x00000f68   0x00000f68   0x00000080   Code   RO         1448    i.rt_init_stack     RTX_CM3.lib(hal_cm.o)
    0x00000fe8   0x00000fe8   0x00000008   Code   RO         1240    i.rt_mbx_check      RTX_CM3.lib(rt_mailbox.o)
    0x00000ff0   0x00000ff0   0x0000001a   Code   RO         1241    i.rt_mbx_init       RTX_CM3.lib(rt_mailbox.o)
    0x0000100a   0x0000100a   0x00000002   PAD
    0x0000100c   0x0000100c   0x000000f0   Code   RO         1242    i.rt_mbx_psh        RTX_CM3.lib(rt_mailbox.o)
    0x000010fc   0x000010fc   0x000000b4   Code   RO         1244    i.rt_mbx_wait       RTX_CM3.lib(rt_mailbox.o)
    0x000011b0   0x000011b0   0x00000044   Code   RO          370    i.rt_ms2tick        RTX_CM3.lib(rt_cmsis.o)
    0x000011f4   0x000011f4   0x0000007c   Code   RO         1030    i.rt_pop_req        RTX_CM3.lib(rt_system.o)
    0x00001270   0x00001270   0x00000020   Code   RO         1031    i.rt_psh_req        RTX_CM3.lib(rt_system.o)
    0x00001290   0x00001290   0x0000005c   Code   RO         1165    i.rt_psq_enq        RTX_CM3.lib(rt_list.o)
    0x000012ec   0x000012ec   0x00000048   Code   RO         1166    i.rt_put_dly        RTX_CM3.lib(rt_list.o)
    0x00001334   0x00001334   0x00000036   Code   RO         1167    i.rt_put_prio       RTX_CM3.lib(rt_list.o)
    0x0000136a   0x0000136a   0x00000002   PAD
    0x0000136c   0x0000136c   0x00000014   Code   RO         1168    i.rt_put_rdy_first  RTX_CM3.lib(rt_list.o)
    0x00001380   0x00001380   0x00000034   Code   RO         1169    i.rt_resort_prio    RTX_CM3.lib(rt_list.o)
    0x000013b4   0x000013b4   0x00000006   Code   RO         1449    i.rt_ret_val        RTX_CM3.lib(hal_cm.o)
    0x000013ba   0x000013ba   0x00000008   Code   RO         1450    i.rt_ret_val2       RTX_CM3.lib(hal_cm.o)
    0x000013c2   0x000013c2   0x00000028   Code   RO         1170    i.rt_rmv_dly        RTX_CM3.lib(rt_list.o)
    0x000013ea   0x000013ea   0x00000002   PAD
    0x000013ec   0x000013ec   0x00000030   Code   RO         1171    i.rt_rmv_list       RTX_CM3.lib(rt_list.o)
    0x0000141c   0x0000141c   0x00000034   Code   RO         1289    i.rt_sem_psh        RTX_CM3.lib(rt_semaphore.o)
    0x00001450   0x00001450   0x00000024   Code   RO         1033    i.rt_stk_check      RTX_CM3.lib(rt_system.o)
    0x00001474   0x00001474   0x00000028   Code   RO          944    i.rt_switch_req     RTX_CM3.lib(rt_task.o)
    0x0000149c   0x0000149c   0x000000cc   Code   RO          945    i.rt_sys_init       RTX_CM3.lib(rt_task.o)
    0x00001568   0x00001568   0x00000078   Code   RO          946    i.rt_sys_start      RTX_CM3.lib(rt_task.o)
    0x000015e0   0x000015e0   0x00000040   Code   RO         1035    i.rt_systick        RTX_CM3.lib(rt_system.o)
    0x00001620   0x00001620   0x00000012   Code   RO          371    i.rt_tid2ptcb       RTX_CM3.lib(rt_cmsis.o)
    0x00001632   0x00001632   0x00000002   PAD
    0x00001634   0x00001634   0x00000034   Code   RO          372    i.rt_timer_insert   RTX_CM3.lib(rt_cmsis.o)
    0x00001668   0x00001668   0x00000088   Code   RO          947    i.rt_tsk_create     RTX_CM3.lib(rt_task.o)
    0x000016f0   0x000016f0   0x0000017c   Code   RO          948    i.rt_tsk_delete     RTX_CM3.lib(rt_task.o)
    0x0000186c   0x0000186c   0x00000030   Code   RO          949    i.rt_tsk_pass       RTX_CM3.lib(rt_task.o)
    0x0000189c   0x0000189c   0x0000007c   Code   RO          950    i.rt_tsk_prio       RTX_CM3.lib(rt_task.o)
    0x00001918   0x00001918   0x00000010   Code   RO          951    i.rt_tsk_self       RTX_CM3.lib(rt_task.o)
    0x00001928   0x00001928   0x00000012   Code   RO          374    i.svcDelay          RTX_CM3.lib(rt_cmsis.o)
    0x0000193a   0x0000193a   0x00000002   PAD
    0x0000193c   0x0000193c   0x00000070   Code   RO          375    i.svcKernelInitialize  RTX_CM3.lib(rt_cmsis.o)
    0x000019ac   0x000019ac   0x00000048   Code   RO          377    i.svcKernelStart    RTX_CM3.lib(rt_cmsis.o)
    0x000019f4   0x000019f4   0x00000024   Code   RO          380    i.svcMessageCreate  RTX_CM3.lib(rt_cmsis.o)
    0x00001a18   0x00001a18   0x0000003a   Code   RO          381    i.svcMessageGet     RTX_CM3.lib(rt_cmsis.o)
    0x00001a52   0x00001a52   0x00000002   PAD
    0x00001a54   0x00001a54   0x0000006c   Code   RO          395    i.svcThreadCreate   RTX_CM3.lib(rt_cmsis.o)
    0x00001ac0   0x00001ac0   0x0000001c   Code   RO          396    i.svcThreadGetId    RTX_CM3.lib(rt_cmsis.o)
    0x00001adc   0x00001adc   0x00000038   Code   RO          399    i.svcThreadTerminate  RTX_CM3.lib(rt_cmsis.o)
    0x00001b14   0x00001b14   0x0000000a   Code   RO          400    i.svcThreadYield    RTX_CM3.lib(rt_cmsis.o)
    0x00001b1e   0x00001b1e   0x00000018   Code   RO          401    i.svcTimerCall      RTX_CM3.lib(rt_cmsis.o)
    0x00001b36   0x00001b36   0x00000002   PAD
    0x00001b38   0x00001b38   0x0000005c   Code   RO          410    i.sysTimerTick      RTX_CM3.lib(rt_cmsis.o)
    0x00001b94   0x00001b94   0x00000034   Code   RO           90    i.turnOffAllLeds    thread.o
    0x00001bc8   0x00001bc8   0x00000034   Code   RO            5    i.turnOffAllLeds2   main.o
    0x00001bfc   0x00001bfc   0x0000000c   Code   RO           91    i.turnOnLed         thread.o
    0x00001c08   0x00001c08   0x00000050   Data   RO           92    .constdata          thread.o
    0x00001c58   0x00001c58   0x00000020   Data   RO          182    .constdata          led.o
    0x00001c78   0x00001c78   0x00000068   Data   RO          229    .constdata          rtx_conf_cm.o
    0x00001ce0   0x00001ce0   0x00000030   Data   RO         1561    Region$$Table       anon$$obj.o


    Execution Region RW_IRAM1 (Exec base: 0x10000000, Load base: 0x00001d10, Size: 0x00006530, Max: 0x00008000, ABSOLUTE)

    Exec Addr    Load Addr    Size         Type   Attr      Idx    E Section Name        Object

    0x10000000        -       0x00006530   Zero   RW          228    .bss                rtx_conf_cm.o


    Execution Region RW_IRAM2 (Exec base: 0x2007c000, Load base: 0x00001d10, Size: 0x000002a8, Max: 0x00008000, ABSOLUTE)

    Exec Addr    Load Addr    Size         Type   Attr      Idx    E Section Name        Object

    0x2007c000   0x00001d10   0x00000014   Data   RW           93    .data               thread.o
    0x2007c014   0x00001d24   0x00000010   Data   RW          230    .data               rtx_conf_cm.o
    0x2007c024   0x00001d34   0x00000008   Data   RW          413    .data               RTX_CM3.lib(rt_cmsis.o)
    0x2007c02c   0x00001d3c   0x00000008   Data   RW          953    .data               RTX_CM3.lib(rt_task.o)
    0x2007c034   0x00001d44   0x00000008   Data   RW         1038    .data               RTX_CM3.lib(rt_system.o)
    0x2007c03c   0x00001d4c   0x00000004   Data   RW         1332    .data               RTX_CM3.lib(rt_time.o)
    0x2007c040   0x00001d50   0x00000001   Data   RW         1451    .data               RTX_CM3.lib(hal_cm.o)
    0x2007c041   0x00001d51   0x00000003   PAD
    0x2007c044        -       0x00000034   Zero   RW          952    .bss                RTX_CM3.lib(rt_task.o)
    0x2007c078        -       0x00000030   Zero   RW         1172    .bss                RTX_CM3.lib(rt_list.o)
    0x2007c0a8        -       0x00000200   Zero   RW          270    STACK               startup_lpc17xx.o


==============================================================================

Image component sizes


      Code (inc. data)   RO Data    RW Data    ZI Data      Debug   Object Name

       144         24         32          0          0       1753   led.o
        86          0          0          0          0       9511   main.o
        66          6        104         16      25904       8583   rtx_conf_cm.o
        40         12        204          0        512        996   startup_lpc17xx.o
       320         18          0          0          0        577   system_lpc17xx.o
       630         56         80         20          0       7921   thread.o

    ----------------------------------------------------------------------
      1292        116        468         36      26416      29341   Object Totals
         0          0         48          0          0          0   (incl. Generated)
         6          0          0          0          0          0   (incl. Padding)

    ----------------------------------------------------------------------

      Code (inc. data)   RO Data    RW Data    ZI Data      Debug   Library Member Name

       238         24          0          1          0       3244   hal_cm.o
       304         36          0          0          0        756   hal_cm3.o
      1186        150          0          8          0      34355   rt_cmsis.o
        80          4          0          0          0        649   rt_event.o
       566         44          0          0         48       8688   rt_list.o
       554         10          0          0          0       3889   rt_mailbox.o
       140          0          0          0          0       1889   rt_membox.o
       128          0          0          0          0       2267   rt_memory.o
        52          4          0          0          0        565   rt_semaphore.o
       298         52          0          8          0       6139   rt_system.o
      1264        184          0          8         52      10023   rt_task.o
         6          0          0          4          0        636   rt_time.o
         4          4          0          0          0        196   svc_table.o
         0          0          0          0          0          0   entry.o
         0          0          0          0          0          0   entry10a.o
         0          0          0          0          0          0   entry11a.o
         8          4          0          0          0          0   entry2.o
         4          0          0          0          0          0   entry5.o
         0          0          0          0          0          0   entry7b.o
         0          0          0          0          0          0   entry8b.o
        30          0          0          0          0          0   handlers.o
        36          8          0          0          0         68   init.o
         0          0          0          0          0          0   iusefp.o
        30          0          0          0          0         68   llshl.o
        32          0          0          0          0         68   llushr.o
       222          0          0          0          0        100   ddiv.o
       186          0          0          0          0        176   depilogue.o
        34          0          0          0          0         76   dflti.o
        26          0          0          0          0         76   dfltui.o
       228          0          0          0          0         96   dmul.o

    ----------------------------------------------------------------------
      5680        524          0         32        100      74024   Library Totals
        24          0          0          3          0          0   (incl. Padding)

    ----------------------------------------------------------------------

      Code (inc. data)   RO Data    RW Data    ZI Data      Debug   Library Name

      4820        512          0         29        100      73296   RTX_CM3.lib
       140         12          0          0          0        204   mc_w.l
       696          0          0          0          0        524   mf_w.l

    ----------------------------------------------------------------------
      5680        524          0         32        100      74024   Library Totals

    ----------------------------------------------------------------------

==============================================================================


      Code (inc. data)   RO Data    RW Data    ZI Data      Debug   

      6972        640        468         68      26516      98473   Grand Totals
      6972        640        468         68      26516      98473   ELF Image Totals
      6972        640        468         68          0          0   ROM Totals

==============================================================================

    Total RO  Size (Code + RO Data)                 7440 (   7.27kB)
    Total RW  Size (RW Data + ZI Data)             26584 (  25.96kB)
    Total ROM Size (Code + RO Data + RW Data)       7508 (   7.33kB)

==============================================================================

