Component: ARM Compiler 5.06 update 6 (build 750) Tool: armlink [4d35ed]

==============================================================================

Section Cross References

    irq.o(i.SysTick_Handler) refers to irq.o(.data) for ticks
    main.o(i.DisplayMainMenu) refers to glcd_spi_lpc1700.o(i.GLCD_Clear) for GLCD_Clear
    main.o(i.DisplayMainMenu) refers to glcd_spi_lpc1700.o(i.GLCD_SetBackColor) for GLCD_SetBackColor
    main.o(i.DisplayMainMenu) refers to glcd_spi_lpc1700.o(i.GLCD_SetTextColor) for GLCD_SetTextColor
    main.o(i.DisplayMainMenu) refers to glcd_spi_lpc1700.o(i.GLCD_DisplayString) for GLCD_DisplayString
    main.o(i.main) refers to kbd.o(i.KBD_Init) for KBD_Init
    main.o(i.main) refers to glcd_spi_lpc1700.o(i.GLCD_Init) for GLCD_Init
    main.o(i.main) refers to main.o(i.DisplayMainMenu) for DisplayMainMenu
    glcd_spi_lpc1700.o(i.GLCD_Bargraph) refers to glcd_spi_lpc1700.o(i.GLCD_SetWindow) for GLCD_SetWindow
    glcd_spi_lpc1700.o(i.GLCD_Bargraph) refers to glcd_spi_lpc1700.o(i.wr_cmd) for wr_cmd
    glcd_spi_lpc1700.o(i.GLCD_Bargraph) refers to glcd_spi_lpc1700.o(i.wr_dat_start) for wr_dat_start
    glcd_spi_lpc1700.o(i.GLCD_Bargraph) refers to glcd_spi_lpc1700.o(i.wr_dat_only) for wr_dat_only
    glcd_spi_lpc1700.o(i.GLCD_Bargraph) refers to glcd_spi_lpc1700.o(i.wr_dat_stop) for wr_dat_stop
    glcd_spi_lpc1700.o(i.GLCD_Bargraph) refers to glcd_spi_lpc1700.o(.data) for Color
    glcd_spi_lpc1700.o(i.GLCD_Bitmap) refers to glcd_spi_lpc1700.o(i.GLCD_SetWindow) for GLCD_SetWindow
    glcd_spi_lpc1700.o(i.GLCD_Bitmap) refers to glcd_spi_lpc1700.o(i.wr_cmd) for wr_cmd
    glcd_spi_lpc1700.o(i.GLCD_Bitmap) refers to glcd_spi_lpc1700.o(i.wr_dat_start) for wr_dat_start
    glcd_spi_lpc1700.o(i.GLCD_Bitmap) refers to glcd_spi_lpc1700.o(i.wr_dat_only) for wr_dat_only
    glcd_spi_lpc1700.o(i.GLCD_Bitmap) refers to glcd_spi_lpc1700.o(i.wr_dat_stop) for wr_dat_stop
    glcd_spi_lpc1700.o(i.GLCD_Clear) refers to glcd_spi_lpc1700.o(i.GLCD_WindowMax) for GLCD_WindowMax
    glcd_spi_lpc1700.o(i.GLCD_Clear) refers to glcd_spi_lpc1700.o(i.wr_cmd) for wr_cmd
    glcd_spi_lpc1700.o(i.GLCD_Clear) refers to glcd_spi_lpc1700.o(i.wr_dat_start) for wr_dat_start
    glcd_spi_lpc1700.o(i.GLCD_Clear) refers to glcd_spi_lpc1700.o(i.wr_dat_only) for wr_dat_only
    glcd_spi_lpc1700.o(i.GLCD_Clear) refers to glcd_spi_lpc1700.o(i.wr_dat_stop) for wr_dat_stop
    glcd_spi_lpc1700.o(i.GLCD_ClearLn) refers to glcd_spi_lpc1700.o(i.GLCD_WindowMax) for GLCD_WindowMax
    glcd_spi_lpc1700.o(i.GLCD_ClearLn) refers to glcd_spi_lpc1700.o(i.GLCD_DisplayString) for GLCD_DisplayString
    glcd_spi_lpc1700.o(i.GLCD_DisplayChar) refers to glcd_spi_lpc1700.o(i.GLCD_DrawChar) for GLCD_DrawChar
    glcd_spi_lpc1700.o(i.GLCD_DisplayChar) refers to glcd_spi_lpc1700.o(.constdata) for Font_6x8_h
    glcd_spi_lpc1700.o(i.GLCD_DisplayString) refers to glcd_spi_lpc1700.o(i.GLCD_DisplayChar) for GLCD_DisplayChar
    glcd_spi_lpc1700.o(i.GLCD_DrawChar) refers to glcd_spi_lpc1700.o(i.GLCD_SetWindow) for GLCD_SetWindow
    glcd_spi_lpc1700.o(i.GLCD_DrawChar) refers to glcd_spi_lpc1700.o(i.wr_cmd) for wr_cmd
    glcd_spi_lpc1700.o(i.GLCD_DrawChar) refers to glcd_spi_lpc1700.o(i.wr_dat_start) for wr_dat_start
    glcd_spi_lpc1700.o(i.GLCD_DrawChar) refers to glcd_spi_lpc1700.o(i.wr_dat_only) for wr_dat_only
    glcd_spi_lpc1700.o(i.GLCD_DrawChar) refers to glcd_spi_lpc1700.o(i.wr_dat_stop) for wr_dat_stop
    glcd_spi_lpc1700.o(i.GLCD_DrawChar) refers to glcd_spi_lpc1700.o(.data) for Color
    glcd_spi_lpc1700.o(i.GLCD_Init) refers to glcd_spi_lpc1700.o(i.rd_id_man) for rd_id_man
    glcd_spi_lpc1700.o(i.GLCD_Init) refers to glcd_spi_lpc1700.o(i.rd_reg) for rd_reg
    glcd_spi_lpc1700.o(i.GLCD_Init) refers to glcd_spi_lpc1700.o(i.wr_reg) for wr_reg
    glcd_spi_lpc1700.o(i.GLCD_Init) refers to glcd_spi_lpc1700.o(i.delay) for delay
    glcd_spi_lpc1700.o(i.GLCD_Init) refers to glcd_spi_lpc1700.o(.data) for Himax
    glcd_spi_lpc1700.o(i.GLCD_PutPixel) refers to glcd_spi_lpc1700.o(i.wr_reg) for wr_reg
    glcd_spi_lpc1700.o(i.GLCD_PutPixel) refers to glcd_spi_lpc1700.o(i.wr_cmd) for wr_cmd
    glcd_spi_lpc1700.o(i.GLCD_PutPixel) refers to glcd_spi_lpc1700.o(i.wr_dat) for wr_dat
    glcd_spi_lpc1700.o(i.GLCD_PutPixel) refers to glcd_spi_lpc1700.o(.data) for Himax
    glcd_spi_lpc1700.o(i.GLCD_SetBackColor) refers to glcd_spi_lpc1700.o(.data) for Color
    glcd_spi_lpc1700.o(i.GLCD_SetTextColor) refers to glcd_spi_lpc1700.o(.data) for Color
    glcd_spi_lpc1700.o(i.GLCD_SetWindow) refers to glcd_spi_lpc1700.o(i.wr_reg) for wr_reg
    glcd_spi_lpc1700.o(i.GLCD_SetWindow) refers to glcd_spi_lpc1700.o(.data) for Himax
    glcd_spi_lpc1700.o(i.GLCD_WindowMax) refers to glcd_spi_lpc1700.o(i.GLCD_SetWindow) for GLCD_SetWindow
    glcd_spi_lpc1700.o(i.GLCD_WrCmd) refers to glcd_spi_lpc1700.o(i.wr_cmd) for wr_cmd
    glcd_spi_lpc1700.o(i.GLCD_WrReg) refers to glcd_spi_lpc1700.o(i.wr_reg) for wr_reg
    glcd_spi_lpc1700.o(i.rd_id_man) refers to glcd_spi_lpc1700.o(i.spi_tran_man) for spi_tran_man
    glcd_spi_lpc1700.o(i.rd_reg) refers to glcd_spi_lpc1700.o(i.wr_cmd) for wr_cmd
    glcd_spi_lpc1700.o(i.rd_reg) refers to glcd_spi_lpc1700.o(i.spi_tran) for spi_tran
    glcd_spi_lpc1700.o(i.spi_tran_man) refers to glcd_spi_lpc1700.o(i.delay) for delay
    glcd_spi_lpc1700.o(i.wr_cmd) refers to glcd_spi_lpc1700.o(i.spi_tran) for spi_tran
    glcd_spi_lpc1700.o(i.wr_dat) refers to glcd_spi_lpc1700.o(i.spi_tran) for spi_tran
    glcd_spi_lpc1700.o(i.wr_dat_only) refers to glcd_spi_lpc1700.o(i.spi_tran) for spi_tran
    glcd_spi_lpc1700.o(i.wr_dat_start) refers to glcd_spi_lpc1700.o(i.spi_tran) for spi_tran
    glcd_spi_lpc1700.o(i.wr_reg) refers to glcd_spi_lpc1700.o(i.wr_cmd) for wr_cmd
    glcd_spi_lpc1700.o(i.wr_reg) refers to glcd_spi_lpc1700.o(i.wr_dat) for wr_dat
    kbd.o(i.get_button) refers to kbd.o(i.KBD_get) for KBD_get
    adc_mcb1700.o(i.ADC_ConversionDone) refers to adc_mcb1700.o(.data) for AD_done
    adc_mcb1700.o(i.ADC_GetValue) refers to adc_mcb1700.o(.data) for AD_done
    adc_mcb1700.o(i.ADC_IRQHandler) refers to adc_mcb1700.o(.data) for AD_last
    adc_mcb1700.o(i.ADC_Initialize) refers to pin_lpc17xx.o(i.PIN_Configure) for PIN_Configure
    adc_mcb1700.o(i.ADC_Initialize) refers to adc_mcb1700.o(.constdata) for ADC_PIN
    adc_mcb1700.o(i.ADC_Uninitialize) refers to pin_lpc17xx.o(i.PIN_Configure) for PIN_Configure
    adc_mcb1700.o(i.ADC_Uninitialize) refers to adc_mcb1700.o(.constdata) for ADC_PIN
    joystick_mcb1700.o(i.Joystick_GetState) refers to gpio_lpc17xx.o(i.GPIO_PinRead) for GPIO_PinRead
    joystick_mcb1700.o(i.Joystick_GetState) refers to joystick_mcb1700.o(.constdata) for JOYSTICK_PIN
    joystick_mcb1700.o(i.Joystick_Initialize) refers to gpio_lpc17xx.o(i.GPIO_PortClock) for GPIO_PortClock
    joystick_mcb1700.o(i.Joystick_Initialize) refers to pin_lpc17xx.o(i.PIN_Configure) for PIN_Configure
    joystick_mcb1700.o(i.Joystick_Initialize) refers to gpio_lpc17xx.o(i.GPIO_SetDir) for GPIO_SetDir
    joystick_mcb1700.o(i.Joystick_Initialize) refers to joystick_mcb1700.o(.constdata) for JOYSTICK_PIN
    joystick_mcb1700.o(i.Joystick_Uninitialize) refers to pin_lpc17xx.o(i.PIN_Configure) for PIN_Configure
    joystick_mcb1700.o(i.Joystick_Uninitialize) refers to joystick_mcb1700.o(.constdata) for JOYSTICK_PIN
    retarget_io.o(i.ITM_ReceiveChar) refers to retarget_io.o(.data) for ITM_RxBuffer
    retarget_io.o(i.__aeabi_assert) refers to fputs.o(i.fputs) for fputs
    retarget_io.o(i.__aeabi_assert) refers to retarget_io.o(i.abort) for abort
    retarget_io.o(i.__aeabi_assert) refers to stderr.o(.data) for __stderr
    retarget_io.o(i.fputc) refers to retarget_io.o(i.stdout_putchar) for stdout_putchar
    retarget_io.o(i.fputc) refers to stdout.o(.data) for __stdout
    retarget_io.o(i.stdout_putchar) refers to retarget_io.o(i.ITM_SendChar) for ITM_SendChar
    startup_lpc17xx.o(RESET) refers to startup_lpc17xx.o(STACK) for __initial_sp
    startup_lpc17xx.o(RESET) refers to startup_lpc17xx.o(.text) for Reset_Handler
    startup_lpc17xx.o(RESET) refers to irq.o(i.SysTick_Handler) for SysTick_Handler
    startup_lpc17xx.o(RESET) refers to adc_mcb1700.o(i.ADC_IRQHandler) for ADC_IRQHandler
    startup_lpc17xx.o(.text) refers to system_lpc17xx.o(i.SystemInit) for SystemInit
    startup_lpc17xx.o(.text) refers to entry.o(.ARM.Collect$$$$00000000) for __main
    system_lpc17xx.o(i.SystemCoreClockUpdate) refers to uldiv.o(.text) for __aeabi_uldivmod
    system_lpc17xx.o(i.SystemCoreClockUpdate) refers to system_lpc17xx.o(.data) for SystemCoreClock
    entry.o(.ARM.Collect$$$$00000000) refers (Special) to entry10a.o(.ARM.Collect$$$$0000000D) for __rt_final_cpp
    entry.o(.ARM.Collect$$$$00000000) refers (Special) to entry11a.o(.ARM.Collect$$$$0000000F) for __rt_final_exit
    entry.o(.ARM.Collect$$$$00000000) refers (Special) to entry7b.o(.ARM.Collect$$$$00000008) for _main_clock
    entry.o(.ARM.Collect$$$$00000000) refers (Special) to entry8b.o(.ARM.Collect$$$$0000000A) for _main_cpp_init
    entry.o(.ARM.Collect$$$$00000000) refers (Special) to entry9a.o(.ARM.Collect$$$$0000000B) for _main_init
    entry.o(.ARM.Collect$$$$00000000) refers (Special) to entry5.o(.ARM.Collect$$$$00000004) for _main_scatterload
    entry.o(.ARM.Collect$$$$00000000) refers (Special) to entry2.o(.ARM.Collect$$$$00000001) for _main_stk
    fputs.o(i.fputs) refers to retarget_io.o(i.fputc) for fputc
    fputs_e.o(.text) refers to retarget_io.o(i.fputc) for fputc
    uldiv.o(.text) refers to llushr.o(.text) for __aeabi_llsr
    uldiv.o(.text) refers to llshl.o(.text) for __aeabi_llsl
    entry2.o(.ARM.Collect$$$$00000001) refers to entry2.o(.ARM.Collect$$$$00002712) for __lit__00000000
    entry2.o(.ARM.Collect$$$$00002712) refers to startup_lpc17xx.o(STACK) for __initial_sp
    entry2.o(__vectab_stack_and_reset_area) refers to startup_lpc17xx.o(STACK) for __initial_sp
    entry2.o(__vectab_stack_and_reset_area) refers to entry.o(.ARM.Collect$$$$00000000) for __main
    entry5.o(.ARM.Collect$$$$00000004) refers to init.o(.text) for __scatterload
    entry9a.o(.ARM.Collect$$$$0000000B) refers to main.o(i.main) for main
    entry9b.o(.ARM.Collect$$$$0000000C) refers to main.o(i.main) for main
    init.o(.text) refers to entry5.o(.ARM.Collect$$$$00000004) for __main_after_scatterload


==============================================================================

Removing Unused input sections from the image.

    Removing main.o(.data), (12 bytes).
    Removing glcd_spi_lpc1700.o(i.GLCD_Bargraph), (104 bytes).
    Removing glcd_spi_lpc1700.o(i.GLCD_Bitmap), (82 bytes).
    Removing glcd_spi_lpc1700.o(i.GLCD_ClearLn), (94 bytes).
    Removing glcd_spi_lpc1700.o(i.GLCD_PutPixel), (128 bytes).
    Removing glcd_spi_lpc1700.o(i.GLCD_ScrollVertical), (2 bytes).
    Removing glcd_spi_lpc1700.o(i.GLCD_WrCmd), (12 bytes).
    Removing glcd_spi_lpc1700.o(i.GLCD_WrReg), (16 bytes).
    Removing kbd.o(i.KBD_get), (16 bytes).
    Removing kbd.o(i.get_button), (20 bytes).
    Removing kbd.o(.data), (4 bytes).
    Removing adc_mcb1700.o(i.ADC_ConversionDone), (20 bytes).
    Removing adc_mcb1700.o(i.ADC_GetResolution), (4 bytes).
    Removing adc_mcb1700.o(i.ADC_GetValue), (32 bytes).
    Removing adc_mcb1700.o(i.ADC_Initialize), (88 bytes).
    Removing adc_mcb1700.o(i.ADC_StartConversion), (32 bytes).
    Removing adc_mcb1700.o(i.ADC_Uninitialize), (84 bytes).
    Removing adc_mcb1700.o(.constdata), (2 bytes).
    Removing joystick_mcb1700.o(i.Joystick_GetState), (92 bytes).
    Removing joystick_mcb1700.o(i.Joystick_Initialize), (72 bytes).
    Removing joystick_mcb1700.o(i.Joystick_Uninitialize), (48 bytes).
    Removing joystick_mcb1700.o(.constdata), (10 bytes).
    Removing retarget_io.o(i.ITM_ReceiveChar), (36 bytes).
    Removing retarget_io.o(i.ITM_SendChar), (48 bytes).
    Removing retarget_io.o(i.__aeabi_assert), (156 bytes).
    Removing retarget_io.o(i.__backspace), (8 bytes).
    Removing retarget_io.o(i.abort), (4 bytes).
    Removing retarget_io.o(i.fgetc), (8 bytes).
    Removing retarget_io.o(i.fputc), (32 bytes).
    Removing retarget_io.o(i.stdout_putchar), (12 bytes).
    Removing retarget_io.o(.data), (4 bytes).
    Removing gpio_lpc17xx.o(i.GPIO_PinRead), (32 bytes).
    Removing gpio_lpc17xx.o(i.GPIO_PinWrite), (40 bytes).
    Removing gpio_lpc17xx.o(i.GPIO_PortClock), (44 bytes).
    Removing gpio_lpc17xx.o(i.GPIO_PortRead), (20 bytes).
    Removing gpio_lpc17xx.o(i.GPIO_PortWrite), (32 bytes).
    Removing gpio_lpc17xx.o(i.GPIO_SetDir), (56 bytes).
    Removing pin_lpc17xx.o(i.PIN_Configure), (252 bytes).
    Removing pin_lpc17xx.o(i.PIN_ConfigureI2C0Pins), (32 bytes).
    Removing pin_lpc17xx.o(i.PIN_ConfigureTPIU), (40 bytes).
    Removing startup_lpc17xx.o(HEAP), (0 bytes).
    Removing system_lpc17xx.o(i.SystemCoreClockUpdate), (424 bytes).
    Removing system_lpc17xx.o(.data), (4 bytes).

43 unused section(s) (total 2258 bytes) removed from the image.

==============================================================================

Image Symbol Table

    Local Symbols

    Symbol Name                              Value     Ov Type        Size  Object(Section)

    RESET                                    0x00000000   Section      204  startup_lpc17xx.o(RESET)
    ../clib/microlib/division.c              0x00000000   Number         0  uldiv.o ABSOLUTE
    ../clib/microlib/init/entry.s            0x00000000   Number         0  entry8b.o ABSOLUTE
    ../clib/microlib/init/entry.s            0x00000000   Number         0  entry11b.o ABSOLUTE
    ../clib/microlib/init/entry.s            0x00000000   Number         0  entry7a.o ABSOLUTE
    ../clib/microlib/init/entry.s            0x00000000   Number         0  entry11a.o ABSOLUTE
    ../clib/microlib/init/entry.s            0x00000000   Number         0  entry10b.o ABSOLUTE
    ../clib/microlib/init/entry.s            0x00000000   Number         0  entry7b.o ABSOLUTE
    ../clib/microlib/init/entry.s            0x00000000   Number         0  entry.o ABSOLUTE
    ../clib/microlib/init/entry.s            0x00000000   Number         0  entry10a.o ABSOLUTE
    ../clib/microlib/init/entry.s            0x00000000   Number         0  entry8a.o ABSOLUTE
    ../clib/microlib/init/entry.s            0x00000000   Number         0  entry9b.o ABSOLUTE
    ../clib/microlib/init/entry.s            0x00000000   Number         0  entry9a.o ABSOLUTE
    ../clib/microlib/init/entry.s            0x00000000   Number         0  entry2.o ABSOLUTE
    ../clib/microlib/init/entry.s            0x00000000   Number         0  entry5.o ABSOLUTE
    ../clib/microlib/longlong.c              0x00000000   Number         0  llshl.o ABSOLUTE
    ../clib/microlib/longlong.c              0x00000000   Number         0  llushr.o ABSOLUTE
    ../clib/microlib/stdio/fputs.c           0x00000000   Number         0  fputs_e.o ABSOLUTE
    ../clib/microlib/stdio/fputs.c           0x00000000   Number         0  fputs.o ABSOLUTE
    ../clib/microlib/stdio/streams.c         0x00000000   Number         0  stdout.o ABSOLUTE
    ../clib/microlib/stdio/streams.c         0x00000000   Number         0  stderr.o ABSOLUTE
    C:\Users\ECBME\AppData\Local\Arm\Packs\Keil\ARM_Compiler\1.6.3\Source\retarget_io.c 0x00000000   Number         0  retarget_io.o ABSOLUTE
    C:\Users\ECBME\AppData\Local\Arm\Packs\Keil\LPC1700_DFP\2.6.0\Boards\Keil\MCB1700\Common\ADC_MCB1700.c 0x00000000   Number         0  adc_mcb1700.o ABSOLUTE
    C:\Users\ECBME\AppData\Local\Arm\Packs\Keil\LPC1700_DFP\2.6.0\Boards\Keil\MCB1700\Common\Joystick_MCB1700.c 0x00000000   Number         0  joystick_mcb1700.o ABSOLUTE
    C:\Users\ECBME\AppData\Local\Arm\Packs\Keil\LPC1700_DFP\2.6.0\RTE_Driver\GPIO_LPC17xx.c 0x00000000   Number         0  gpio_lpc17xx.o ABSOLUTE
    C:\Users\ECBME\AppData\Local\Arm\Packs\Keil\LPC1700_DFP\2.6.0\RTE_Driver\PIN_LPC17xx.c 0x00000000   Number         0  pin_lpc17xx.o ABSOLUTE
    GLCD_SPI_LPC1700.c                       0x00000000   Number         0  glcd_spi_lpc1700.o ABSOLUTE
    IRQ.c                                    0x00000000   Number         0  irq.o ABSOLUTE
    KBD.c                                    0x00000000   Number         0  kbd.o ABSOLUTE
    RTE\Device\LPC1768\startup_LPC17xx.s     0x00000000   Number         0  startup_lpc17xx.o ABSOLUTE
    RTE\Device\LPC1768\system_LPC17xx.c      0x00000000   Number         0  system_lpc17xx.o ABSOLUTE
    dc.s                                     0x00000000   Number         0  dc.o ABSOLUTE
    handlers.s                               0x00000000   Number         0  handlers.o ABSOLUTE
    init.s                                   0x00000000   Number         0  init.o ABSOLUTE
    main.c                                   0x00000000   Number         0  main.o ABSOLUTE
    .ARM.Collect$$$$00000000                 0x000000cc   Section        0  entry.o(.ARM.Collect$$$$00000000)
    .ARM.Collect$$$$00000001                 0x000000cc   Section        4  entry2.o(.ARM.Collect$$$$00000001)
    .ARM.Collect$$$$00000004                 0x000000d0   Section        4  entry5.o(.ARM.Collect$$$$00000004)
    .ARM.Collect$$$$00000008                 0x000000d4   Section        0  entry7b.o(.ARM.Collect$$$$00000008)
    .ARM.Collect$$$$0000000A                 0x000000d4   Section        0  entry8b.o(.ARM.Collect$$$$0000000A)
    .ARM.Collect$$$$0000000B                 0x000000d4   Section        8  entry9a.o(.ARM.Collect$$$$0000000B)
    .ARM.Collect$$$$0000000D                 0x000000dc   Section        0  entry10a.o(.ARM.Collect$$$$0000000D)
    .ARM.Collect$$$$0000000F                 0x000000dc   Section        0  entry11a.o(.ARM.Collect$$$$0000000F)
    .ARM.Collect$$$$00002712                 0x000000dc   Section        4  entry2.o(.ARM.Collect$$$$00002712)
    __lit__00000000                          0x000000dc   Data           4  entry2.o(.ARM.Collect$$$$00002712)
    .text                                    0x000000e0   Section       36  startup_lpc17xx.o(.text)
    .text                                    0x00000104   Section       36  init.o(.text)
    i.ADC_IRQHandler                         0x00000128   Section        0  adc_mcb1700.o(i.ADC_IRQHandler)
    i.DisplayMainMenu                        0x00000150   Section        0  main.o(i.DisplayMainMenu)
    i.GLCD_Clear                             0x000002ac   Section        0  glcd_spi_lpc1700.o(i.GLCD_Clear)
    i.GLCD_SetBackColor                      0x000002d8   Section        0  glcd_spi_lpc1700.o(i.GLCD_SetBackColor)
    i.GLCD_SetTextColor                      0x000002e4   Section        0  glcd_spi_lpc1700.o(i.GLCD_SetTextColor)
    i.__scatterload_null                     0x000002f0   Section        2  handlers.o(i.__scatterload_null)
    .ARM.__at_0x02FC                         0x000002fc   Section        4  startup_lpc17xx.o(.ARM.__at_0x02FC)
    i.GLCD_DisplayChar                       0x00000300   Section        0  glcd_spi_lpc1700.o(i.GLCD_DisplayChar)
    i.GLCD_DisplayString                     0x0000035c   Section        0  glcd_spi_lpc1700.o(i.GLCD_DisplayString)
    i.GLCD_DrawChar                          0x00000384   Section        0  glcd_spi_lpc1700.o(i.GLCD_DrawChar)
    i.GLCD_Init                              0x00000420   Section        0  glcd_spi_lpc1700.o(i.GLCD_Init)
    i.GLCD_SetWindow                         0x00000a08   Section        0  glcd_spi_lpc1700.o(i.GLCD_SetWindow)
    i.GLCD_WindowMax                         0x00000ab4   Section        0  glcd_spi_lpc1700.o(i.GLCD_WindowMax)
    i.KBD_Init                               0x00000ac8   Section        0  kbd.o(i.KBD_Init)
    i.SysTick_Handler                        0x00000b04   Section        0  irq.o(i.SysTick_Handler)
    i.SystemInit                             0x00000b2c   Section        0  system_lpc17xx.o(i.SystemInit)
    i.__scatterload_copy                     0x00000c6c   Section       14  handlers.o(i.__scatterload_copy)
    i.__scatterload_zeroinit                 0x00000c7a   Section       14  handlers.o(i.__scatterload_zeroinit)
    i.delay                                  0x00000c88   Section        0  glcd_spi_lpc1700.o(i.delay)
    delay                                    0x00000c89   Thumb Code    14  glcd_spi_lpc1700.o(i.delay)
    i.main                                   0x00000c96   Section        0  main.o(i.main)
    i.rd_id_man                              0x00000ca8   Section        0  glcd_spi_lpc1700.o(i.rd_id_man)
    rd_id_man                                0x00000ca9   Thumb Code   132  glcd_spi_lpc1700.o(i.rd_id_man)
    i.rd_reg                                 0x00000d34   Section        0  glcd_spi_lpc1700.o(i.rd_reg)
    rd_reg                                   0x00000d35   Thumb Code    66  glcd_spi_lpc1700.o(i.rd_reg)
    i.spi_tran                               0x00000d7c   Section        0  glcd_spi_lpc1700.o(i.spi_tran)
    spi_tran                                 0x00000d7d   Thumb Code    28  glcd_spi_lpc1700.o(i.spi_tran)
    i.spi_tran_man                           0x00000d9c   Section        0  glcd_spi_lpc1700.o(i.spi_tran_man)
    spi_tran_man                             0x00000d9d   Thumb Code   124  glcd_spi_lpc1700.o(i.spi_tran_man)
    i.wr_cmd                                 0x00000e1c   Section        0  glcd_spi_lpc1700.o(i.wr_cmd)
    wr_cmd                                   0x00000e1d   Thumb Code    36  glcd_spi_lpc1700.o(i.wr_cmd)
    i.wr_dat                                 0x00000e44   Section        0  glcd_spi_lpc1700.o(i.wr_dat)
    wr_dat                                   0x00000e45   Thumb Code    36  glcd_spi_lpc1700.o(i.wr_dat)
    i.wr_dat_only                            0x00000e6c   Section        0  glcd_spi_lpc1700.o(i.wr_dat_only)
    wr_dat_only                              0x00000e6d   Thumb Code    18  glcd_spi_lpc1700.o(i.wr_dat_only)
    i.wr_dat_start                           0x00000e80   Section        0  glcd_spi_lpc1700.o(i.wr_dat_start)
    wr_dat_start                             0x00000e81   Thumb Code    16  glcd_spi_lpc1700.o(i.wr_dat_start)
    i.wr_dat_stop                            0x00000e94   Section        0  glcd_spi_lpc1700.o(i.wr_dat_stop)
    wr_dat_stop                              0x00000e95   Thumb Code     8  glcd_spi_lpc1700.o(i.wr_dat_stop)
    i.wr_reg                                 0x00000ea0   Section        0  glcd_spi_lpc1700.o(i.wr_reg)
    wr_reg                                   0x00000ea1   Thumb Code    20  glcd_spi_lpc1700.o(i.wr_reg)
    .constdata                               0x00000eb4   Section     6272  glcd_spi_lpc1700.o(.constdata)
    .data                                    0x10000000   Section       16  irq.o(.data)
    ticks                                    0x10000004   Data           4  irq.o(.data)
    timetick                                 0x10000008   Data           4  irq.o(.data)
    leds                                     0x1000000c   Data           4  irq.o(.data)
    .data                                    0x10000010   Section        5  glcd_spi_lpc1700.o(.data)
    Color                                    0x10000010   Data           4  glcd_spi_lpc1700.o(.data)
    Himax                                    0x10000014   Data           1  glcd_spi_lpc1700.o(.data)
    .data                                    0x10000016   Section        3  adc_mcb1700.o(.data)
    AD_last                                  0x10000016   Data           2  adc_mcb1700.o(.data)
    AD_done                                  0x10000018   Data           1  adc_mcb1700.o(.data)
    STACK                                    0x10000020   Section      512  startup_lpc17xx.o(STACK)

    Global Symbols

    Symbol Name                              Value     Ov Type        Size  Object(Section)

    BuildAttributes$$THM_ISAv4$P$D$K$B$S$PE$A:L22UL41UL21$X:L11$S22US41US21$IEEE1$IW$USESV6$~STKCKD$USESV7$~SHL$OSPACE$EBA8$MICROLIB$REQ8$PRES8$EABIv2 0x00000000   Number         0  anon$$obj.o ABSOLUTE
    __ARM_use_no_argv                        0x00000000   Number         0  main.o ABSOLUTE
    __Vectors                                0x00000000   Data           4  startup_lpc17xx.o(RESET)
    __cpp_initialize__aeabi_                  - Undefined Weak Reference
    __cxa_finalize                            - Undefined Weak Reference
    __decompress                              - Undefined Weak Reference
    _clock_init                               - Undefined Weak Reference
    _microlib_exit                            - Undefined Weak Reference
    __main                                   0x000000cd   Thumb Code     0  entry.o(.ARM.Collect$$$$00000000)
    _main_stk                                0x000000cd   Thumb Code     0  entry2.o(.ARM.Collect$$$$00000001)
    _main_scatterload                        0x000000d1   Thumb Code     0  entry5.o(.ARM.Collect$$$$00000004)
    __main_after_scatterload                 0x000000d5   Thumb Code     0  entry5.o(.ARM.Collect$$$$00000004)
    _main_clock                              0x000000d5   Thumb Code     0  entry7b.o(.ARM.Collect$$$$00000008)
    _main_cpp_init                           0x000000d5   Thumb Code     0  entry8b.o(.ARM.Collect$$$$0000000A)
    _main_init                               0x000000d5   Thumb Code     0  entry9a.o(.ARM.Collect$$$$0000000B)
    __rt_final_cpp                           0x000000dd   Thumb Code     0  entry10a.o(.ARM.Collect$$$$0000000D)
    __rt_final_exit                          0x000000dd   Thumb Code     0  entry11a.o(.ARM.Collect$$$$0000000F)
    Reset_Handler                            0x000000e1   Thumb Code     8  startup_lpc17xx.o(.text)
    NMI_Handler                              0x000000e9   Thumb Code     2  startup_lpc17xx.o(.text)
    HardFault_Handler                        0x000000eb   Thumb Code     2  startup_lpc17xx.o(.text)
    MemManage_Handler                        0x000000ed   Thumb Code     2  startup_lpc17xx.o(.text)
    BusFault_Handler                         0x000000ef   Thumb Code     2  startup_lpc17xx.o(.text)
    UsageFault_Handler                       0x000000f1   Thumb Code     2  startup_lpc17xx.o(.text)
    SVC_Handler                              0x000000f3   Thumb Code     2  startup_lpc17xx.o(.text)
    DebugMon_Handler                         0x000000f5   Thumb Code     2  startup_lpc17xx.o(.text)
    PendSV_Handler                           0x000000f7   Thumb Code     2  startup_lpc17xx.o(.text)
    BOD_IRQHandler                           0x000000fb   Thumb Code     0  startup_lpc17xx.o(.text)
    CANActivity_IRQHandler                   0x000000fb   Thumb Code     0  startup_lpc17xx.o(.text)
    CAN_IRQHandler                           0x000000fb   Thumb Code     0  startup_lpc17xx.o(.text)
    DMA_IRQHandler                           0x000000fb   Thumb Code     0  startup_lpc17xx.o(.text)
    EINT0_IRQHandler                         0x000000fb   Thumb Code     0  startup_lpc17xx.o(.text)
    EINT1_IRQHandler                         0x000000fb   Thumb Code     0  startup_lpc17xx.o(.text)
    EINT2_IRQHandler                         0x000000fb   Thumb Code     0  startup_lpc17xx.o(.text)
    EINT3_IRQHandler                         0x000000fb   Thumb Code     0  startup_lpc17xx.o(.text)
    ENET_IRQHandler                          0x000000fb   Thumb Code     0  startup_lpc17xx.o(.text)
    I2C0_IRQHandler                          0x000000fb   Thumb Code     0  startup_lpc17xx.o(.text)
    I2C1_IRQHandler                          0x000000fb   Thumb Code     0  startup_lpc17xx.o(.text)
    I2C2_IRQHandler                          0x000000fb   Thumb Code     0  startup_lpc17xx.o(.text)
    I2S_IRQHandler                           0x000000fb   Thumb Code     0  startup_lpc17xx.o(.text)
    MCPWM_IRQHandler                         0x000000fb   Thumb Code     0  startup_lpc17xx.o(.text)
    PLL0_IRQHandler                          0x000000fb   Thumb Code     0  startup_lpc17xx.o(.text)
    PLL1_IRQHandler                          0x000000fb   Thumb Code     0  startup_lpc17xx.o(.text)
    PWM1_IRQHandler                          0x000000fb   Thumb Code     0  startup_lpc17xx.o(.text)
    QEI_IRQHandler                           0x000000fb   Thumb Code     0  startup_lpc17xx.o(.text)
    RIT_IRQHandler                           0x000000fb   Thumb Code     0  startup_lpc17xx.o(.text)
    RTC_IRQHandler                           0x000000fb   Thumb Code     0  startup_lpc17xx.o(.text)
    SPI_IRQHandler                           0x000000fb   Thumb Code     0  startup_lpc17xx.o(.text)
    SSP0_IRQHandler                          0x000000fb   Thumb Code     0  startup_lpc17xx.o(.text)
    SSP1_IRQHandler                          0x000000fb   Thumb Code     0  startup_lpc17xx.o(.text)
    TIMER0_IRQHandler                        0x000000fb   Thumb Code     0  startup_lpc17xx.o(.text)
    TIMER1_IRQHandler                        0x000000fb   Thumb Code     0  startup_lpc17xx.o(.text)
    TIMER2_IRQHandler                        0x000000fb   Thumb Code     0  startup_lpc17xx.o(.text)
    TIMER3_IRQHandler                        0x000000fb   Thumb Code     0  startup_lpc17xx.o(.text)
    UART0_IRQHandler                         0x000000fb   Thumb Code     0  startup_lpc17xx.o(.text)
    UART1_IRQHandler                         0x000000fb   Thumb Code     0  startup_lpc17xx.o(.text)
    UART2_IRQHandler                         0x000000fb   Thumb Code     0  startup_lpc17xx.o(.text)
    UART3_IRQHandler                         0x000000fb   Thumb Code     0  startup_lpc17xx.o(.text)
    USBActivity_IRQHandler                   0x000000fb   Thumb Code     0  startup_lpc17xx.o(.text)
    USB_IRQHandler                           0x000000fb   Thumb Code     0  startup_lpc17xx.o(.text)
    WDT_IRQHandler                           0x000000fb   Thumb Code     0  startup_lpc17xx.o(.text)
    __scatterload                            0x00000105   Thumb Code    28  init.o(.text)
    __scatterload_rt2                        0x00000105   Thumb Code     0  init.o(.text)
    ADC_IRQHandler                           0x00000129   Thumb Code    28  adc_mcb1700.o(i.ADC_IRQHandler)
    DisplayMainMenu                          0x00000151   Thumb Code   178  main.o(i.DisplayMainMenu)
    GLCD_Clear                               0x000002ad   Thumb Code    42  glcd_spi_lpc1700.o(i.GLCD_Clear)
    GLCD_SetBackColor                        0x000002d9   Thumb Code     6  glcd_spi_lpc1700.o(i.GLCD_SetBackColor)
    GLCD_SetTextColor                        0x000002e5   Thumb Code     6  glcd_spi_lpc1700.o(i.GLCD_SetTextColor)
    __scatterload_null                       0x000002f1   Thumb Code     2  handlers.o(i.__scatterload_null)
    GLCD_DisplayChar                         0x00000301   Thumb Code    84  glcd_spi_lpc1700.o(i.GLCD_DisplayChar)
    GLCD_DisplayString                       0x0000035d   Thumb Code    40  glcd_spi_lpc1700.o(i.GLCD_DisplayString)
    GLCD_DrawChar                            0x00000385   Thumb Code   150  glcd_spi_lpc1700.o(i.GLCD_DrawChar)
    GLCD_Init                                0x00000421   Thumb Code  1506  glcd_spi_lpc1700.o(i.GLCD_Init)
    GLCD_SetWindow                           0x00000a09   Thumb Code   168  glcd_spi_lpc1700.o(i.GLCD_SetWindow)
    GLCD_WindowMax                           0x00000ab5   Thumb Code    18  glcd_spi_lpc1700.o(i.GLCD_WindowMax)
    KBD_Init                                 0x00000ac9   Thumb Code    42  kbd.o(i.KBD_Init)
    SysTick_Handler                          0x00000b05   Thumb Code    30  irq.o(i.SysTick_Handler)
    SystemInit                               0x00000b2d   Thumb Code   302  system_lpc17xx.o(i.SystemInit)
    __scatterload_copy                       0x00000c6d   Thumb Code    14  handlers.o(i.__scatterload_copy)
    __scatterload_zeroinit                   0x00000c7b   Thumb Code    14  handlers.o(i.__scatterload_zeroinit)
    main                                     0x00000c97   Thumb Code    18  main.o(i.main)
    Font_6x8_h                               0x00000eb4   Data         896  glcd_spi_lpc1700.o(.constdata)
    Font_16x24_h                             0x00001234   Data        5376  glcd_spi_lpc1700.o(.constdata)
    Region$$Table$$Base                      0x00002734   Number         0  anon$$obj.o(Region$$Table)
    Region$$Table$$Limit                     0x00002754   Number         0  anon$$obj.o(Region$$Table)
    clock_ms                                 0x10000000   Data           1  irq.o(.data)
    __initial_sp                             0x10000220   Data           0  startup_lpc17xx.o(STACK)



==============================================================================

Memory Map of the image

  Image Entry point : 0x000000cd

  Load Region LR_IROM1 (Base: 0x00000000, Size: 0x00002770, Max: 0x00080000, ABSOLUTE)

    Execution Region ER_IROM1 (Exec base: 0x00000000, Load base: 0x00000000, Size: 0x00002754, Max: 0x00080000, ABSOLUTE)

    Exec Addr    Load Addr    Size         Type   Attr      Idx    E Section Name        Object

    0x00000000   0x00000000   0x000000cc   Data   RO          513    RESET               startup_lpc17xx.o
    0x000000cc   0x000000cc   0x00000000   Code   RO          543  * .ARM.Collect$$$$00000000  mc_w.l(entry.o)
    0x000000cc   0x000000cc   0x00000004   Code   RO          554    .ARM.Collect$$$$00000001  mc_w.l(entry2.o)
    0x000000d0   0x000000d0   0x00000004   Code   RO          557    .ARM.Collect$$$$00000004  mc_w.l(entry5.o)
    0x000000d4   0x000000d4   0x00000000   Code   RO          559    .ARM.Collect$$$$00000008  mc_w.l(entry7b.o)
    0x000000d4   0x000000d4   0x00000000   Code   RO          561    .ARM.Collect$$$$0000000A  mc_w.l(entry8b.o)
    0x000000d4   0x000000d4   0x00000008   Code   RO          562    .ARM.Collect$$$$0000000B  mc_w.l(entry9a.o)
    0x000000dc   0x000000dc   0x00000000   Code   RO          564    .ARM.Collect$$$$0000000D  mc_w.l(entry10a.o)
    0x000000dc   0x000000dc   0x00000000   Code   RO          566    .ARM.Collect$$$$0000000F  mc_w.l(entry11a.o)
    0x000000dc   0x000000dc   0x00000004   Code   RO          555    .ARM.Collect$$$$00002712  mc_w.l(entry2.o)
    0x000000e0   0x000000e0   0x00000024   Code   RO          515    .text               startup_lpc17xx.o
    0x00000104   0x00000104   0x00000024   Code   RO          572    .text               mc_w.l(init.o)
    0x00000128   0x00000128   0x00000028   Code   RO          282    i.ADC_IRQHandler    adc_mcb1700.o
    0x00000150   0x00000150   0x0000015c   Code   RO           31    i.DisplayMainMenu   main.o
    0x000002ac   0x000002ac   0x0000002a   Code   RO           72    i.GLCD_Clear        glcd_spi_lpc1700.o
    0x000002d6   0x000002d6   0x00000002   PAD
    0x000002d8   0x000002d8   0x0000000c   Code   RO           80    i.GLCD_SetBackColor  glcd_spi_lpc1700.o
    0x000002e4   0x000002e4   0x0000000c   Code   RO           81    i.GLCD_SetTextColor  glcd_spi_lpc1700.o
    0x000002f0   0x000002f0   0x00000002   Code   RO          577    i.__scatterload_null  mc_w.l(handlers.o)
    0x000002f2   0x000002f2   0x0000000a   PAD
    0x000002fc   0x000002fc   0x00000004   Code   RO          514    .ARM.__at_0x02FC    startup_lpc17xx.o
    0x00000300   0x00000300   0x0000005c   Code   RO           74    i.GLCD_DisplayChar  glcd_spi_lpc1700.o
    0x0000035c   0x0000035c   0x00000028   Code   RO           75    i.GLCD_DisplayString  glcd_spi_lpc1700.o
    0x00000384   0x00000384   0x0000009c   Code   RO           76    i.GLCD_DrawChar     glcd_spi_lpc1700.o
    0x00000420   0x00000420   0x000005e8   Code   RO           77    i.GLCD_Init         glcd_spi_lpc1700.o
    0x00000a08   0x00000a08   0x000000ac   Code   RO           82    i.GLCD_SetWindow    glcd_spi_lpc1700.o
    0x00000ab4   0x00000ab4   0x00000012   Code   RO           83    i.GLCD_WindowMax    glcd_spi_lpc1700.o
    0x00000ac6   0x00000ac6   0x00000002   PAD
    0x00000ac8   0x00000ac8   0x0000003c   Code   RO          243    i.KBD_Init          kbd.o
    0x00000b04   0x00000b04   0x00000028   Code   RO            1    i.SysTick_Handler   irq.o
    0x00000b2c   0x00000b2c   0x00000140   Code   RO          523    i.SystemInit        system_lpc17xx.o
    0x00000c6c   0x00000c6c   0x0000000e   Code   RO          576    i.__scatterload_copy  mc_w.l(handlers.o)
    0x00000c7a   0x00000c7a   0x0000000e   Code   RO          578    i.__scatterload_zeroinit  mc_w.l(handlers.o)
    0x00000c88   0x00000c88   0x0000000e   Code   RO           86    i.delay             glcd_spi_lpc1700.o
    0x00000c96   0x00000c96   0x00000012   Code   RO           32    i.main              main.o
    0x00000ca8   0x00000ca8   0x0000008c   Code   RO           87    i.rd_id_man         glcd_spi_lpc1700.o
    0x00000d34   0x00000d34   0x00000048   Code   RO           88    i.rd_reg            glcd_spi_lpc1700.o
    0x00000d7c   0x00000d7c   0x00000020   Code   RO           89    i.spi_tran          glcd_spi_lpc1700.o
    0x00000d9c   0x00000d9c   0x00000080   Code   RO           90    i.spi_tran_man      glcd_spi_lpc1700.o
    0x00000e1c   0x00000e1c   0x00000028   Code   RO           91    i.wr_cmd            glcd_spi_lpc1700.o
    0x00000e44   0x00000e44   0x00000028   Code   RO           92    i.wr_dat            glcd_spi_lpc1700.o
    0x00000e6c   0x00000e6c   0x00000012   Code   RO           93    i.wr_dat_only       glcd_spi_lpc1700.o
    0x00000e7e   0x00000e7e   0x00000002   PAD
    0x00000e80   0x00000e80   0x00000014   Code   RO           94    i.wr_dat_start      glcd_spi_lpc1700.o
    0x00000e94   0x00000e94   0x0000000c   Code   RO           95    i.wr_dat_stop       glcd_spi_lpc1700.o
    0x00000ea0   0x00000ea0   0x00000014   Code   RO           96    i.wr_reg            glcd_spi_lpc1700.o
    0x00000eb4   0x00000eb4   0x00001880   Data   RO           97    .constdata          glcd_spi_lpc1700.o
    0x00002734   0x00002734   0x00000020   Data   RO          574    Region$$Table       anon$$obj.o


    Execution Region RW_IRAM1 (Exec base: 0x10000000, Load base: 0x00002754, Size: 0x00000220, Max: 0x00008000, ABSOLUTE)

    Exec Addr    Load Addr    Size         Type   Attr      Idx    E Section Name        Object

    0x10000000   0x00002754   0x00000010   Data   RW            2    .data               irq.o
    0x10000010   0x00002764   0x00000005   Data   RW           98    .data               glcd_spi_lpc1700.o
    0x10000015   0x00002769   0x00000001   PAD
    0x10000016   0x0000276a   0x00000003   Data   RW          287    .data               adc_mcb1700.o
    0x10000019   0x0000276d   0x00000007   PAD
    0x10000020        -       0x00000200   Zero   RW          511    STACK               startup_lpc17xx.o


==============================================================================

Image component sizes


      Code (inc. data)   RO Data    RW Data    ZI Data      Debug   Object Name

        40         12          0          3          0       2391   adc_mcb1700.o
      2592         94       6272          5          0      13257   glcd_spi_lpc1700.o
        40         10          0         16          0       5181   irq.o
        60         18          0          0          0        375   kbd.o
       366        170          0          0          0        901   main.o
        40         12        204          0        512       1040   startup_lpc17xx.o
       320         18          0          0          0        581   system_lpc17xx.o

    ----------------------------------------------------------------------
      3464        334       6508         28        516      23726   Object Totals
         0          0         32          0          0          0   (incl. Generated)
         6          0          0          4          4          0   (incl. Padding)

    ----------------------------------------------------------------------

      Code (inc. data)   RO Data    RW Data    ZI Data      Debug   Library Member Name

         0          0          0          0          0          0   entry.o
         0          0          0          0          0          0   entry10a.o
         0          0          0          0          0          0   entry11a.o
         8          4          0          0          0          0   entry2.o
         4          0          0          0          0          0   entry5.o
         0          0          0          0          0          0   entry7b.o
         0          0          0          0          0          0   entry8b.o
         8          4          0          0          0          0   entry9a.o
        30          0          0          0          0          0   handlers.o
        36          8          0          0          0         68   init.o

    ----------------------------------------------------------------------
        96         16          0          0          0         68   Library Totals
        10          0          0          0          0          0   (incl. Padding)

    ----------------------------------------------------------------------

      Code (inc. data)   RO Data    RW Data    ZI Data      Debug   Library Name

        86         16          0          0          0         68   mc_w.l

    ----------------------------------------------------------------------
        96         16          0          0          0         68   Library Totals

    ----------------------------------------------------------------------

==============================================================================


      Code (inc. data)   RO Data    RW Data    ZI Data      Debug   

      3560        350       6508         28        516      22802   Grand Totals
      3560        350       6508         28        516      22802   ELF Image Totals
      3560        350       6508         28          0          0   ROM Totals

==============================================================================

    Total RO  Size (Code + RO Data)                10068 (   9.83kB)
    Total RW  Size (RW Data + ZI Data)               544 (   0.53kB)
    Total ROM Size (Code + RO Data + RW Data)      10096 (   9.86kB)

==============================================================================

