Component: ARM Compiler 5.06 update 6 (build 750) Tool: armlink [4d35ed]

==============================================================================

Section Cross References

    irq.o(i.SysTick_Handler1) refers to led.o(i.LED_Out) for LED_Out
    irq.o(i.SysTick_Handler1) refers to adc_mcb1700.o(i.ADC_StartConversion) for ADC_StartConversion
    irq.o(i.SysTick_Handler1) refers to irq.o(.data) for ticks
    irq.o(i.SysTick_Handler1) refers to main.o(.data) for ADC_last
    main.o(i.main) refers to led.o(i.LED_Init) for LED_Init
    main.o(i.main) refers to adc_mcb1700.o(i.ADC_Initialize) for ADC_Initialize
    main.o(i.main) refers to kbd.o(i.KBD_Init) for KBD_Init
    main.o(i.main) refers to glcd_spi_lpc1700.o(i.GLCD_Init) for GLCD_Init
    main.o(i.main) refers to rt_cmsis.o(i.osKernelInitialize) for osKernelInitialize
    main.o(i.main) refers to thread.o(i.Init_Thread) for Init_Thread
    main.o(i.main) refers to rt_cmsis.o(i.osKernelStart) for osKernelStart
    main.o(i.main) refers to rt_cmsis.o(i.osDelay) for osDelay
    main.o(i.main) refers to kbd.o(i.get_button) for get_button
    main.o(i.main) refers to printf2.o(i.__0printf$2) for __2printf
    main.o(i.main) refers to mainmenu.o(.data) for currentSelection
    main.o(i.main) refers to irq.o(.data) for clock_ms
    main.o(i.main) refers to main.o(.bss) for text
    mainmenu.o(i.clearCursor) refers to glcd_spi_lpc1700.o(i.GLCD_ClearLn) for GLCD_ClearLn
    mainmenu.o(i.clearCursor) refers to glcd_spi_lpc1700.o(i.GLCD_SetBackColor) for GLCD_SetBackColor
    mainmenu.o(i.clearCursor) refers to glcd_spi_lpc1700.o(i.GLCD_SetTextColor) for GLCD_SetTextColor
    mainmenu.o(i.clearCursor) refers to glcd_spi_lpc1700.o(i.GLCD_DisplayString) for GLCD_DisplayString
    mainmenu.o(i.displayMainMenu) refers to glcd_spi_lpc1700.o(i.GLCD_Clear) for GLCD_Clear
    mainmenu.o(i.displayMainMenu) refers to glcd_spi_lpc1700.o(i.GLCD_SetBackColor) for GLCD_SetBackColor
    mainmenu.o(i.displayMainMenu) refers to glcd_spi_lpc1700.o(i.GLCD_SetTextColor) for GLCD_SetTextColor
    mainmenu.o(i.displayMainMenu) refers to glcd_spi_lpc1700.o(i.GLCD_DisplayString) for GLCD_DisplayString
    mainmenu.o(i.displayMainMenu) refers to mainmenu.o(.data) for currentSelection
    mainmenu.o(i.selectCursor) refers to glcd_spi_lpc1700.o(i.GLCD_ClearLn) for GLCD_ClearLn
    mainmenu.o(i.selectCursor) refers to glcd_spi_lpc1700.o(i.GLCD_SetBackColor) for GLCD_SetBackColor
    mainmenu.o(i.selectCursor) refers to glcd_spi_lpc1700.o(i.GLCD_SetTextColor) for GLCD_SetTextColor
    mainmenu.o(i.selectCursor) refers to glcd_spi_lpc1700.o(i.GLCD_DisplayString) for GLCD_DisplayString
    thread.o(i.GalleryThread) refers to gallery.o(i.initializeGallery) for initializeGallery
    thread.o(i.GalleryThread) refers to rt_cmsis.o(i.osSignalSet) for osSignalSet
    thread.o(i.GalleryThread) refers to rt_cmsis.o(i.osSignalWait) for osSignalWait
    thread.o(i.GalleryThread) refers to kbd.o(i.get_button) for get_button
    thread.o(i.GalleryThread) refers to gallery.o(i.displayPicture) for displayPicture
    thread.o(i.GalleryThread) refers to thread.o(i.delay) for delay
    thread.o(i.GalleryThread) refers to thread.o(.data) for currentPic
    thread.o(i.GameThread) refers to rt_cmsis.o(i.osSignalSet) for osSignalSet
    thread.o(i.GameThread) refers to rt_cmsis.o(i.osSignalWait) for osSignalWait
    thread.o(i.GameThread) refers to kbd.o(i.get_button) for get_button
    thread.o(i.GameThread) refers to thread.o(.data) for mainMenuId
    thread.o(i.Init_Thread) refers to rt_cmsis.o(i.osThreadCreate) for osThreadCreate
    thread.o(i.Init_Thread) refers to thread.o(.constdata) for os_thread_def_MainMenuThread
    thread.o(i.Init_Thread) refers to thread.o(.data) for mainMenuId
    thread.o(i.MP3PlayerThread) refers to rt_cmsis.o(i.osSignalSet) for osSignalSet
    thread.o(i.MP3PlayerThread) refers to rt_cmsis.o(i.osSignalWait) for osSignalWait
    thread.o(i.MP3PlayerThread) refers to kbd.o(i.get_button) for get_button
    thread.o(i.MP3PlayerThread) refers to thread.o(.data) for mainMenuId
    thread.o(i.MainMenuThread) refers to mainmenu.o(i.displayMainMenu) for displayMainMenu
    thread.o(i.MainMenuThread) refers to mainmenu.o(i.selectCursor) for selectCursor
    thread.o(i.MainMenuThread) refers to kbd.o(i.get_button) for get_button
    thread.o(i.MainMenuThread) refers to mainmenu.o(i.clearCursor) for clearCursor
    thread.o(i.MainMenuThread) refers to rt_cmsis.o(i.osThreadSetPriority) for osThreadSetPriority
    thread.o(i.MainMenuThread) refers to rt_cmsis.o(i.osSignalSet) for osSignalSet
    thread.o(i.MainMenuThread) refers to rt_cmsis.o(i.osSignalWait) for osSignalWait
    thread.o(i.MainMenuThread) refers to thread.o(.data) for galleryThreadId
    thread.o(.constdata) refers to thread.o(i.MainMenuThread) for MainMenuThread
    thread.o(.constdata) refers to thread.o(i.GalleryThread) for GalleryThread
[...]
    Removing joystick_mcb1700.o(.rev16_text), (4 bytes).
    Removing joystick_mcb1700.o(.revsh_text), (4 bytes).
    Removing joystick_mcb1700.o(.rrx_text), (6 bytes).
    Removing joystick_mcb1700.o(i.Joystick_GetState), (92 bytes).
    Removing joystick_mcb1700.o(i.Joystick_Initialize), (72 bytes).
    Removing joystick_mcb1700.o(i.Joystick_Uninitialize), (48 bytes).
    Removing joystick_mcb1700.o(.constdata), (10 bytes).
    Removing retarget_io.o(i.ITM_ReceiveChar), (36 bytes).
    Removing retarget_io.o(i.ITM_SendChar), (48 bytes).
    Removing retarget_io.o(i.__aeabi_assert), (156 bytes).
    Removing retarget_io.o(i.__backspace), (8 bytes).
    Removing retarget_io.o(i.abort), (4 bytes).
    Removing retarget_io.o(i.fgetc), (8 bytes).
    Removing retarget_io.o(i.fputc), (32 bytes).
    Removing retarget_io.o(i.stdout_putchar), (12 bytes).
    Removing retarget_io.o(.data), (4 bytes).
    Removing gpio_lpc17xx.o(.rev16_text), (4 bytes).
    Removing gpio_lpc17xx.o(.revsh_text), (4 bytes).
    Removing gpio_lpc17xx.o(.rrx_text), (6 bytes).
    Removing gpio_lpc17xx.o(i.GPIO_PinRead), (32 bytes).
    Removing gpio_lpc17xx.o(i.GPIO_PinWrite), (40 bytes).
    Removing gpio_lpc17xx.o(i.GPIO_PortClock), (44 bytes).
    Removing gpio_lpc17xx.o(i.GPIO_PortRead), (20 bytes).
    Removing gpio_lpc17xx.o(i.GPIO_PortWrite), (32 bytes).
    Removing gpio_lpc17xx.o(i.GPIO_SetDir), (56 bytes).
    Removing pin_lpc17xx.o(.rev16_text), (4 bytes).
    Removing pin_lpc17xx.o(.revsh_text), (4 bytes).
    Removing pin_lpc17xx.o(.rrx_text), (6 bytes).
    Removing pin_lpc17xx.o(i.PIN_ConfigureI2C0Pins), (32 bytes).
    Removing pin_lpc17xx.o(i.PIN_ConfigureTPIU), (40 bytes).
    Removing startup_lpc17xx.o(HEAP), (0 bytes).
    Removing system_lpc17xx.o(.rev16_text), (4 bytes).
    Removing system_lpc17xx.o(.revsh_text), (4 bytes).
    Removing system_lpc17xx.o(.rrx_text), (6 bytes).
    Removing system_lpc17xx.o(i.SystemCoreClockUpdate), (424 bytes).
    Removing system_lpc17xx.o(.data), (4 bytes).
    Removing rt_cmsis.o(.rev16_text), (4 bytes).
    Removing rt_cmsis.o(.revsh_text), (4 bytes).
    Removing rt_cmsis.o(.rrx_text), (6 bytes).
    Removing rt_cmsis.o(i.isrSemaphoreRelease), (40 bytes).
    Removing rt_cmsis.o(i.osKernelRunning), (36 bytes).
    Removing rt_cmsis.o(i.osKernelSysTick), (24 bytes).
    Removing rt_cmsis.o(i.osMailAlloc), (28 bytes).
    Removing rt_cmsis.o(i.osMailCAlloc), (48 bytes).
    Removing rt_cmsis.o(i.osMailCreate), (44 bytes).
    Removing rt_cmsis.o(i.osMailFree), (28 bytes).
    Removing rt_cmsis.o(i.osMailGet), (22 bytes).
    Removing rt_cmsis.o(i.osMailPut), (20 bytes).
    Removing rt_cmsis.o(i.osMessageCreate), (44 bytes).
    Removing rt_cmsis.o(i.osMessagePut), (24 bytes).
    Removing rt_cmsis.o(i.osMutexCreate), (44 bytes).
    Removing rt_cmsis.o(i.osMutexDelete), (24 bytes).
    Removing rt_cmsis.o(i.osMutexRelease), (24 bytes).
    Removing rt_cmsis.o(i.osMutexWait), (24 bytes).
    Removing rt_cmsis.o(i.osPoolAlloc), (32 bytes).
    Removing rt_cmsis.o(i.osPoolCAlloc), (52 bytes).
    Removing rt_cmsis.o(i.osPoolCreate), (44 bytes).
    Removing rt_cmsis.o(i.osPoolFree), (32 bytes).
    Removing rt_cmsis.o(i.osSemaphoreCreate), (44 bytes).
    Removing rt_cmsis.o(i.osSemaphoreDelete), (24 bytes).
    Removing rt_cmsis.o(i.osSemaphoreRelease), (24 bytes).
    Removing rt_cmsis.o(i.osSemaphoreWait), (24 bytes).
    Removing rt_cmsis.o(i.osSignalClear), (24 bytes).
    Removing rt_cmsis.o(i.osThreadGetId), (24 bytes).
    Removing rt_cmsis.o(i.osThreadGetPriority), (24 bytes).
    Removing rt_cmsis.o(i.osThreadTerminate), (24 bytes).
    Removing rt_cmsis.o(i.osThreadYield), (24 bytes).
    Removing rt_cmsis.o(i.osTimerCreate), (44 bytes).
    Removing rt_cmsis.o(i.osTimerDelete), (24 bytes).
    Removing rt_cmsis.o(i.osTimerStart), (24 bytes).
    Removing rt_cmsis.o(i.osTimerStop), (24 bytes).
    Removing rt_cmsis.o(i.osWait), (4 bytes).
    Removing rt_cmsis.o(i.os_resume), (12 bytes).
    Removing rt_cmsis.o(i.os_suspend), (12 bytes).
    Removing rt_cmsis.o(i.rt_clr_box), (24 bytes).
    Removing rt_cmsis.o(i.rt_timer_remove), (60 bytes).
    Removing rt_cmsis.o(i.svcKernelRunning), (12 bytes).
    Removing rt_cmsis.o(i.svcKernelSysTick), (56 bytes).
    Removing rt_cmsis.o(i.svcMailCreate), (66 bytes).
    Removing rt_cmsis.o(i.svcMessagePut), (54 bytes).
    Removing rt_cmsis.o(i.svcMutexCreate), (28 bytes).
    Removing rt_cmsis.o(i.svcMutexDelete), (26 bytes).
    Removing rt_cmsis.o(i.svcMutexRelease), (34 bytes).
    Removing rt_cmsis.o(i.svcMutexWait), (58 bytes).
    Removing rt_cmsis.o(i.svcPoolCreate), (40 bytes).
    Removing rt_cmsis.o(i.svcSemaphoreCreate), (36 bytes).
    Removing rt_cmsis.o(i.svcSemaphoreDelete), (26 bytes).
    Removing rt_cmsis.o(i.svcSemaphoreRelease), (40 bytes).
    Removing rt_cmsis.o(i.svcSemaphoreWait), (50 bytes).
    Removing rt_cmsis.o(i.svcSignalClear), (36 bytes).
    Removing rt_cmsis.o(i.svcThreadGetPriority), (18 bytes).
    Removing rt_cmsis.o(i.svcThreadYield), (10 bytes).
    Removing rt_cmsis.o(i.svcTimerCreate), (56 bytes).
    Removing rt_cmsis.o(i.svcTimerDelete), (40 bytes).
    Removing rt_cmsis.o(i.svcTimerStart), (100 bytes).
    Removing rt_cmsis.o(i.svcTimerStop), (36 bytes).
    Removing rt_cmsis.o(i.sysMailAlloc), (88 bytes).
    Removing rt_cmsis.o(i.sysMailFree), (96 bytes).
    Removing rt_cmsis.o(i.sysPoolAlloc), (10 bytes).
    Removing rt_cmsis.o(i.sysPoolFree), (20 bytes).
    Removing rt_cmsis.o(i.sysUserTimerUpdate), (48 bytes).
    Removing rt_cmsis.o(i.sysUserTimerWakeupTime), (20 bytes).
    Removing rt_task.o(i.rt_tsk_pass), (48 bytes).
    Removing rt_system.o(.emb_text), (0 bytes).
    Removing rt_system.o(i.os_tick_ovf), (16 bytes).
    Removing rt_system.o(i.os_tick_val), (20 bytes).
    Removing rt_system.o(i.rt_resume), (136 bytes).
    Removing rt_system.o(i.rt_suspend), (36 bytes).
    Removing rt_system.o(i.rt_tsk_lock), (80 bytes).
    Removing rt_system.o(i.rt_tsk_unlock), (80 bytes).
    Removing rt_event.o(i.rt_evt_clr), (28 bytes).
    Removing rt_event.o(i.rt_evt_get), (12 bytes).
    Removing rt_list.o(i.rt_get_same_rdy_prio), (36 bytes).
    Removing rt_mailbox.o(i.rt_mbx_send), (152 bytes).
    Removing rt_semaphore.o(i.isr_sem_send), (16 bytes).
    Removing rt_semaphore.o(i.rt_sem_delete), (92 bytes).
    Removing rt_semaphore.o(i.rt_sem_init), (12 bytes).
    Removing rt_semaphore.o(i.rt_sem_send), (42 bytes).
    Removing rt_semaphore.o(i.rt_sem_wait), (64 bytes).
    Removing rt_time.o(i.rt_itv_set), (24 bytes).
    Removing rt_time.o(i.rt_itv_wait), (40 bytes).
    Removing rt_time.o(i.rt_time_get), (12 bytes).
    Removing rt_mutex.o(i.rt_mut_delete), (176 bytes).
    Removing rt_mutex.o(i.rt_mut_init), (16 bytes).
    Removing rt_mutex.o(i.rt_mut_release), (216 bytes).
    Removing rt_mutex.o(i.rt_mut_wait), (120 bytes).
    Removing rt_membox.o(i._calloc_box), (30 bytes).
    Removing rt_robin.o(i.rt_chk_robin), (72 bytes).
    Removing rt_robin.o(i.rt_init_robin), (24 bytes).
    Removing rt_robin.o(.data), (8 bytes).
    Removing dadd.o(.text), (334 bytes).
    Removing dmul.o(.text), (228 bytes).
    Removing ddiv.o(.text), (222 bytes).
    Removing dfixul.o(.text), (48 bytes).
    Removing cdrcmple.o(.text), (48 bytes).
    Removing depilogue.o(.text), (186 bytes).

182 unused section(s) (total 139365 bytes) removed from the image.

==============================================================================

Image Symbol Table

    Local Symbols

    Symbol Name                              Value     Ov Type        Size  Object(Section)

    RESET                                    0x00000000   Section      204  startup_lpc17xx.o(RESET)
    ../clib/microlib/division.c              0x00000000   Number         0  uldiv.o ABSOLUTE
    ../clib/microlib/division.c              0x00000000   Number         0  uidiv.o ABSOLUTE
    ../clib/microlib/init/entry.s            0x00000000   Number         0  entry7b.o ABSOLUTE
    ../clib/microlib/init/entry.s            0x00000000   Number         0  entry2.o ABSOLUTE
    ../clib/microlib/init/entry.s            0x00000000   Number         0  entry11b.o ABSOLUTE
    ../clib/microlib/init/entry.s            0x00000000   Number         0  entry11a.o ABSOLUTE
    ../clib/microlib/init/entry.s            0x00000000   Number         0  entry.o ABSOLUTE
    ../clib/microlib/init/entry.s            0x00000000   Number         0  entry5.o ABSOLUTE
    ../clib/microlib/init/entry.s            0x00000000   Number         0  entry10b.o ABSOLUTE
    ../clib/microlib/init/entry.s            0x00000000   Number         0  entry10a.o ABSOLUTE
    ../clib/microlib/init/entry.s            0x00000000   Number         0  entry8b.o ABSOLUTE
    ../clib/microlib/init/entry.s            0x00000000   Number         0  entry8a.o ABSOLUTE
    ../clib/microlib/init/entry.s            0x00000000   Number         0  entry7a.o ABSOLUTE
    ../clib/microlib/longlong.c              0x00000000   Number         0  llsshr.o ABSOLUTE
    ../clib/microlib/longlong.c              0x00000000   Number         0  llushr.o ABSOLUTE
    ../clib/microlib/longlong.c              0x00000000   Number         0  llshl.o ABSOLUTE
    ../clib/microlib/printf/printf.c         0x00000000   Number         0  printf1.o ABSOLUTE
    ../clib/microlib/printf/printf.c         0x00000000   Number         0  printf2.o ABSOLUTE
    ../clib/microlib/printf/printf.c         0x00000000   Number         0  printf3.o ABSOLUTE
    ../clib/microlib/printf/printf.c         0x00000000   Number         0  printf4.o ABSOLUTE
    ../clib/microlib/printf/printf.c         0x00000000   Number         0  printf5.o ABSOLUTE
    ../clib/microlib/printf/printf.c         0x00000000   Number         0  printf6.o ABSOLUTE
    ../clib/microlib/printf/printf.c         0x00000000   Number         0  printf7.o ABSOLUTE
    ../clib/microlib/printf/printf.c         0x00000000   Number         0  printfa.o ABSOLUTE
    ../clib/microlib/printf/printf.c         0x00000000   Number         0  printf8.o ABSOLUTE
    ../clib/microlib/printf/printf.c         0x00000000   Number         0  printfb.o ABSOLUTE
    ../clib/microlib/printf/printf.c         0x00000000   Number         0  printf0.o ABSOLUTE
    ../clib/microlib/printf/stubs.s          0x00000000   Number         0  stubs.o ABSOLUTE
    ../clib/microlib/stdio/fputs.c           0x00000000   Number         0  fputs_e.o ABSOLUTE
    ../clib/microlib/stdio/fputs.c           0x00000000   Number         0  fputs.o ABSOLUTE
    ../clib/microlib/stdio/streams.c         0x00000000   Number         0  stderr.o ABSOLUTE
    ../clib/microlib/stubs.s                 0x00000000   Number         0  iusefp.o ABSOLUTE
    ../fplib/microlib/fpadd.c                0x00000000   Number         0  dadd.o ABSOLUTE
    ../fplib/microlib/fpdiv.c                0x00000000   Number         0  ddiv.o ABSOLUTE
    ../fplib/microlib/fpepilogue.c           0x00000000   Number         0  depilogue.o ABSOLUTE
    ../fplib/microlib/fpfix.c                0x00000000   Number         0  dfixul.o ABSOLUTE
    ../fplib/microlib/fpmul.c                0x00000000   Number         0  dmul.o ABSOLUTE
    ..\HAL_CM.c                              0x00000000   Number         0  hal_cm.o ABSOLUTE
    ..\\rt_CMSIS.c                           0x00000000   Number         0  rt_cmsis.o ABSOLUTE
    ..\\rt_System.c                          0x00000000   Number         0  rt_system.o ABSOLUTE
    ..\rt_CMSIS.c                            0x00000000   Number         0  rt_cmsis.o ABSOLUTE
    ..\rt_Event.c                            0x00000000   Number         0  rt_event.o ABSOLUTE
    ..\rt_List.c                             0x00000000   Number         0  rt_list.o ABSOLUTE
    ..\rt_Mailbox.c                          0x00000000   Number         0  rt_mailbox.o ABSOLUTE
    ..\rt_MemBox.c                           0x00000000   Number         0  rt_membox.o ABSOLUTE
    ..\rt_Memory.c                           0x00000000   Number         0  rt_memory.o ABSOLUTE
    ..\rt_Mutex.c                            0x00000000   Number         0  rt_mutex.o ABSOLUTE
    ..\rt_Robin.c                            0x00000000   Number         0  rt_robin.o ABSOLUTE
    ..\rt_Semaphore.c                        0x00000000   Number         0  rt_semaphore.o ABSOLUTE
    ..\rt_System.c                           0x00000000   Number         0  rt_system.o ABSOLUTE
    ..\rt_Task.c                             0x00000000   Number         0  rt_task.o ABSOLUTE
    ..\rt_Time.c                             0x00000000   Number         0  rt_time.o ABSOLUTE
    C:\Users\ECBME\AppData\Local\Arm\Packs\Keil\ARM_Compiler\1.6.3\Source\retarget_io.c 0x00000000   Number         0  retarget_io.o ABSOLUTE
    C:\Users\ECBME\AppData\Local\Arm\Packs\Keil\LPC1700_DFP\2.6.0\Boards\Keil\MCB1700\Common\ADC_MCB1700.c 0x00000000   Number         0  adc_mcb1700.o ABSOLUTE
    C:\Users\ECBME\AppData\Local\Arm\Packs\Keil\LPC1700_DFP\2.6.0\Boards\Keil\MCB1700\Common\Joystick_MCB1700.c 0x00000000   Number         0  joystick_mcb1700.o ABSOLUTE
    C:\Users\ECBME\AppData\Local\Arm\Packs\Keil\LPC1700_DFP\2.6.0\RTE_Driver\GPIO_LPC17xx.c 0x00000000   Number         0  gpio_lpc17xx.o ABSOLUTE
    C:\Users\ECBME\AppData\Local\Arm\Packs\Keil\LPC1700_DFP\2.6.0\RTE_Driver\PIN_LPC17xx.c 0x00000000   Number         0  pin_lpc17xx.o ABSOLUTE
    C:\\Users\\ECBME\\AppData\\Local\\Arm\\Packs\\Keil\\LPC1700_DFP\\2.6.0\\Boards\\Keil\\MCB1700\\Common\\ADC_MCB1700.c 0x00000000   Number         0  adc_mcb1700.o ABSOLUTE
    C:\\Users\\ECBME\\AppData\\Local\\Arm\\Packs\\Keil\\LPC1700_DFP\\2.6.0\\Boards\\Keil\\MCB1700\\Common\\Joystick_MCB1700.c 0x00000000   Number         0  joystick_mcb1700.o ABSOLUTE
    C:\\Users\\ECBME\\AppData\\Local\\Arm\\Packs\\Keil\\LPC1700_DFP\\2.6.0\\RTE_Driver\\GPIO_LPC17xx.c 0x00000000   Number         0  gpio_lpc17xx.o ABSOLUTE
    C:\\Users\\ECBME\\AppData\\Local\\Arm\\Packs\\Keil\\LPC1700_DFP\\2.6.0\\RTE_Driver\\PIN_LPC17xx.c 0x00000000   Number         0  pin_lpc17xx.o ABSOLUTE
    GLCD_SPI_LPC1700.c                       0x00000000   Number         0  glcd_spi_lpc1700.o ABSOLUTE
    GLCD_SPI_LPC1700.c                       0x00000000   Number         0  glcd_spi_lpc1700.o ABSOLUTE
    HAL_CM3.c                                0x00000000   Number         0  hal_cm3.o ABSOLUTE
    HAL_CM3.c                                0x00000000   Number         0  hal_cm3.o ABSOLUTE
    IMG_6156.c                               0x00000000   Number         0  img_6156.o ABSOLUTE
    IMG_6157.c                               0x00000000   Number         0  img_6157.o ABSOLUTE
    IMG_6158.c                               0x00000000   Number         0  img_6158.o ABSOLUTE
    IRQ.c                                    0x00000000   Number         0  irq.o ABSOLUTE
    IRQ.c                                    0x00000000   Number         0  irq.o ABSOLUTE
    KBD.c                                    0x00000000   Number         0  kbd.o ABSOLUTE
    KBD.c                                    0x00000000   Number         0  kbd.o ABSOLUTE
    LED.c                                    0x00000000   Number         0  led.o ABSOLUTE
    LED.c                                    0x00000000   Number         0  led.o ABSOLUTE
    RTE\CMSIS\RTX_Conf_CM.c                  0x00000000   Number         0  rtx_conf_cm.o ABSOLUTE
    RTE\Device\LPC1768\startup_LPC17xx.s     0x00000000   Number         0  startup_lpc17xx.o ABSOLUTE
    RTE\Device\LPC1768\system_LPC17xx.c      0x00000000   Number         0  system_lpc17xx.o ABSOLUTE
    RTE\\Device\\LPC1768\\system_LPC17xx.c   0x00000000   Number         0  system_lpc17xx.o ABSOLUTE
    SVC_Table.s                              0x00000000   Number         0  svc_table.o ABSOLUTE
    Thread.c                                 0x00000000   Number         0  thread.o ABSOLUTE
    Thread.c                                 0x00000000   Number         0  thread.o ABSOLUTE
    cdrcmple.s                               0x00000000   Number         0  cdrcmple.o ABSOLUTE
    dc.s                                     0x00000000   Number         0  dc.o ABSOLUTE
    gallery.c                                0x00000000   Number         0  gallery.o ABSOLUTE
    gallery.c                                0x00000000   Number         0  gallery.o ABSOLUTE
    game.c                                   0x00000000   Number         0  game.o ABSOLUTE
    handlers.s                               0x00000000   Number         0  handlers.o ABSOLUTE
    init.s                                   0x00000000   Number         0  init.o ABSOLUTE
    main.c                                   0x00000000   Number         0  main.o ABSOLUTE
    main.c                                   0x00000000   Number         0  main.o ABSOLUTE
    mainMenu.c                               0x00000000   Number         0  mainmenu.o ABSOLUTE
    mainMenu.c                               0x00000000   Number         0  mainmenu.o ABSOLUTE
    .ARM.Collect$$$$00000000                 0x000000cc   Section        0  entry.o(.ARM.Collect$$$$00000000)
    .ARM.Collect$$$$00000001                 0x000000cc   Section        4  entry2.o(.ARM.Collect$$$$00000001)
    .ARM.Collect$$$$00000004                 0x000000d0   Section        4  entry5.o(.ARM.Collect$$$$00000004)
    .ARM.Collect$$$$00000008                 0x000000d4   Section        0  entry7b.o(.ARM.Collect$$$$00000008)
    .ARM.Collect$$$$0000000A                 0x000000d4   Section        0  entry8b.o(.ARM.Collect$$$$0000000A)
    .ARM.Collect$$$$0000000D                 0x000000d4   Section        0  entry10a.o(.ARM.Collect$$$$0000000D)
    .ARM.Collect$$$$0000000F                 0x000000d4   Section        0  entry11a.o(.ARM.Collect$$$$0000000F)
    .ARM.Collect$$$$000000FF                 0x000000d4   Section        0  rtx_conf_cm.o(.ARM.Collect$$$$000000FF)
    .ARM.Collect$$$$00002712                 0x000000ec   Section        4  entry2.o(.ARM.Collect$$$$00002712)
    __lit__00000000                          0x000000ec   Data           4  entry2.o(.ARM.Collect$$$$00002712)
    .emb_text                                0x000000f0   Section      304  hal_cm3.o(.emb_text)
    .text                                    0x00000220   Section       36  startup_lpc17xx.o(.text)
    .text                                    0x00000244   Section       36  init.o(.text)
    SVC_TABLE                                0x00000268   Section        4  svc_table.o(SVC_TABLE)
    i.ADC_IRQHandler                         0x0000026c   Section        0  adc_mcb1700.o(i.ADC_IRQHandler)
    i.ADC_Initialize                         0x00000294   Section        0  adc_mcb1700.o(i.ADC_Initialize)
    .ARM.__at_0x02FC                         0x000002fc   Section        4  startup_lpc17xx.o(.ARM.__at_0x02FC)
    i.GLCD_Bitmap                            0x00000300   Section        0  glcd_spi_lpc1700.o(i.GLCD_Bitmap)
    i.GLCD_Clear                             0x00000352   Section        0  glcd_spi_lpc1700.o(i.GLCD_Clear)
    i.GLCD_ClearLn                           0x0000037c   Section        0  glcd_spi_lpc1700.o(i.GLCD_ClearLn)
    i.GLCD_DisplayChar                       0x000003dc   Section        0  glcd_spi_lpc1700.o(i.GLCD_DisplayChar)
    i.GLCD_DisplayString                     0x00000438   Section        0  glcd_spi_lpc1700.o(i.GLCD_DisplayString)
    i.GLCD_DrawChar                          0x00000460   Section        0  glcd_spi_lpc1700.o(i.GLCD_DrawChar)
    i.GLCD_Init                              0x000004fc   Section        0  glcd_spi_lpc1700.o(i.GLCD_Init)
    i.GLCD_SetBackColor                      0x00000ae4   Section        0  glcd_spi_lpc1700.o(i.GLCD_SetBackColor)
    i.GLCD_SetTextColor                      0x00000af0   Section        0  glcd_spi_lpc1700.o(i.GLCD_SetTextColor)
    i.GLCD_SetWindow                         0x00000afc   Section        0  glcd_spi_lpc1700.o(i.GLCD_SetWindow)
    i.GLCD_WindowMax                         0x00000ba8   Section        0  glcd_spi_lpc1700.o(i.GLCD_WindowMax)
    i.GalleryThread                          0x00000bbc   Section        0  thread.o(i.GalleryThread)
    i.GameThread                             0x00000c60   Section        0  thread.o(i.GameThread)
    i.Init_Thread                            0x00000c98   Section        0  thread.o(i.Init_Thread)
    i.KBD_Init                               0x00000d0c   Section        0  kbd.o(i.KBD_Init)
    i.KBD_get                                0x00000d48   Section        0  kbd.o(i.KBD_get)
    i.LED_Init                               0x00000d58   Section        0  led.o(i.LED_Init)
    i.MP3PlayerThread                        0x00000d88   Section        0  thread.o(i.MP3PlayerThread)
    i.MainMenuThread                         0x00000dc0   Section        0  thread.o(i.MainMenuThread)
    i.PIN_Configure                          0x00000ee0   Section        0  pin_lpc17xx.o(i.PIN_Configure)
    i.SystemInit                             0x00000fdc   Section        0  system_lpc17xx.o(i.SystemInit)
    i.__0printf$2                            0x0000111c   Section        0  printf2.o(i.__0printf$2)
    i.__scatterload_copy                     0x0000113c   Section       14  handlers.o(i.__scatterload_copy)
    i.__scatterload_null                     0x0000114a   Section        2  handlers.o(i.__scatterload_null)
    i.__scatterload_zeroinit                 0x0000114c   Section       14  handlers.o(i.__scatterload_zeroinit)
    i._init_box                              0x0000115a   Section        0  rt_membox.o(i._init_box)
    i._printf_core                           0x000011a0   Section        0  printf2.o(i._printf_core)
    _printf_core                             0x000011a1   Thumb Code   214  printf2.o(i._printf_core)
    i.clearCursor                            0x00001278   Section        0  mainmenu.o(i.clearCursor)
    i.clearLCDForGallery                     0x00001344   Section        0  gallery.o(i.clearLCDForGallery)
    i.dbg_init                               0x000013fc   Section        0  hal_cm.o(i.dbg_init)
    i.dbg_task_notify                        0x0000142c   Section        0  hal_cm.o(i.dbg_task_notify)
    i.dbg_task_switch                        0x0000144c   Section        0  hal_cm.o(i.dbg_task_switch)
    i.delay                                  0x0000145c   Section        0  thread.o(i.delay)
    i.delay                                  0x00001476   Section        0  glcd_spi_lpc1700.o(i.delay)
    delay                                    0x00001477   Thumb Code    14  glcd_spi_lpc1700.o(i.delay)
    i.displayMainMenu                        0x00001484   Section        0  mainmenu.o(i.displayMainMenu)
    i.displayPicture                         0x000015e8   Section        0  gallery.o(i.displayPicture)
    i.fputc                                  0x00001664   Section        0  main.o(i.fputc)
    i.get_button                             0x00001688   Section        0  kbd.o(i.get_button)
    i.initializeGallery                      0x0000169c   Section        0  gallery.o(i.initializeGallery)
    i.isrMessageGet                          0x000016b8   Section        0  rt_cmsis.o(i.isrMessageGet)
    i.isrMessagePut                          0x000016e2   Section        0  rt_cmsis.o(i.isrMessagePut)
    i.isrSignalSet                           0x0000170e   Section        0  rt_cmsis.o(i.isrSignalSet)
    i.isr_evt_set                            0x00001734   Section        0  rt_event.o(i.isr_evt_set)
    i.isr_mbx_receive                        0x0000175c   Section        0  rt_mailbox.o(i.isr_mbx_receive)
    i.isr_mbx_send                           0x000017b2   Section        0  rt_mailbox.o(i.isr_mbx_send)
    i.main                                   0x000017c0   Section        0  main.o(i.main)
    i.osDelay                                0x00001894   Section        0  rt_cmsis.o(i.osDelay)
    i.osKernelInitialize                     0x000018ac   Section        0  rt_cmsis.o(i.osKernelInitialize)
    i.osKernelStart                          0x000018d0   Section        0  rt_cmsis.o(i.osKernelStart)
    i.osMessageGet                           0x0000193c   Section        0  rt_cmsis.o(i.osMessageGet)
    i.osSignalSet                            0x00001954   Section        0  rt_cmsis.o(i.osSignalSet)
    i.osSignalWait                           0x0000196c   Section        0  rt_cmsis.o(i.osSignalWait)
    i.osThreadCreate                         0x00001984   Section        0  rt_cmsis.o(i.osThreadCreate)
    i.osThreadExit                           0x000019b0   Section        0  rt_cmsis.o(i.osThreadExit)
    i.osThreadSetPriority                    0x000019c8   Section        0  rt_cmsis.o(i.osThreadSetPriority)
    i.osTimerCall                            0x000019e0   Section        0  rt_cmsis.o(i.osTimerCall)
    i.osTimerThread                          0x000019ec   Section        0  rt_cmsis.o(i.osTimerThread)
    i.os_error                               0x00001a18   Section        0  rtx_conf_cm.o(i.os_error)
    i.os_idle_demon                          0x00001a3a   Section        0  rtx_conf_cm.o(i.os_idle_demon)
    i.os_tick_init                           0x00001a40   Section        0  rt_system.o(i.os_tick_init)
    i.os_tick_irqack                         0x00001a68   Section        0  rt_system.o(i.os_tick_irqack)
    i.rd_id_man                              0x00001a6c   Section        0  glcd_spi_lpc1700.o(i.rd_id_man)
    rd_id_man                                0x00001a6d   Thumb Code   132  glcd_spi_lpc1700.o(i.rd_id_man)
    i.rd_reg                                 0x00001af8   Section        0  glcd_spi_lpc1700.o(i.rd_reg)
    rd_reg                                   0x00001af9   Thumb Code    66  glcd_spi_lpc1700.o(i.rd_reg)
    i.rt_alloc_box                           0x00001b40   Section        0  rt_membox.o(i.rt_alloc_box)
    i.rt_alloc_mem                           0x00001b5a   Section        0  rt_memory.o(i.rt_alloc_mem)
    i.rt_block                               0x00001b98   Section        0  rt_task.o(i.rt_block)
    i.rt_chk_robin                           0x00001bd0   Section        0  rtx_conf_cm.o(i.rt_chk_robin)
    i.rt_dec_dly                             0x00001bd4   Section        0  rt_list.o(i.rt_dec_dly)
    i.rt_dispatch                            0x00001c44   Section        0  rt_task.o(i.rt_dispatch)
    i.rt_dly_wait                            0x00001c88   Section        0  rt_time.o(i.rt_dly_wait)
    i.rt_evt_psh                             0x00001c90   Section        0  rt_event.o(i.rt_evt_psh)
    i.rt_evt_set                             0x00001ce0   Section        0  rt_event.o(i.rt_evt_set)
    i.rt_evt_wait                            0x00001d3c   Section        0  rt_event.o(i.rt_evt_wait)
    i.rt_free_box                            0x00001d78   Section        0  rt_membox.o(i.rt_free_box)
    i.rt_free_mem                            0x00001da4   Section        0  rt_memory.o(i.rt_free_mem)
    i.rt_get_first                           0x00001dcc   Section        0  rt_list.o(i.rt_get_first)
    i.rt_id2obj                              0x00001df4   Section        0  rt_cmsis.o(i.rt_id2obj)
    rt_id2obj                                0x00001df5   Thumb Code     8  rt_cmsis.o(i.rt_id2obj)
    i.rt_init_context                        0x00001dfc   Section        0  rt_task.o(i.rt_init_context)
    rt_init_context                          0x00001dfd   Thumb Code    66  rt_task.o(i.rt_init_context)
    i.rt_init_mem                            0x00001e44   Section        0  rt_memory.o(i.rt_init_mem)
    i.rt_init_robin                          0x00001e5e   Section        0  rtx_conf_cm.o(i.rt_init_robin)
    i.rt_init_stack                          0x00001e60   Section        0  hal_cm.o(i.rt_init_stack)
    i.rt_mbx_check                           0x00001ee0   Section        0  rt_mailbox.o(i.rt_mbx_check)
    i.rt_mbx_init                            0x00001ee8   Section        0  rt_mailbox.o(i.rt_mbx_init)
    i.rt_mbx_psh                             0x00001f04   Section        0  rt_mailbox.o(i.rt_mbx_psh)
    i.rt_mbx_wait                            0x00001ff4   Section        0  rt_mailbox.o(i.rt_mbx_wait)
    i.rt_ms2tick                             0x000020a8   Section        0  rt_cmsis.o(i.rt_ms2tick)
    rt_ms2tick                               0x000020a9   Thumb Code    58  rt_cmsis.o(i.rt_ms2tick)
    i.rt_pop_req                             0x000020ec   Section        0  rt_system.o(i.rt_pop_req)
    i.rt_psh_req                             0x00002168   Section        0  rt_system.o(i.rt_psh_req)
    i.rt_psq_enq                             0x00002188   Section        0  rt_list.o(i.rt_psq_enq)
    i.rt_put_dly                             0x000021e4   Section        0  rt_list.o(i.rt_put_dly)
    i.rt_put_prio                            0x0000222c   Section        0  rt_list.o(i.rt_put_prio)
    i.rt_put_rdy_first                       0x00002264   Section        0  rt_list.o(i.rt_put_rdy_first)
    i.rt_resort_prio                         0x00002278   Section        0  rt_list.o(i.rt_resort_prio)
    i.rt_ret_val                             0x000022ac   Section        0  hal_cm.o(i.rt_ret_val)
    i.rt_ret_val2                            0x000022b2   Section        0  hal_cm.o(i.rt_ret_val2)
    i.rt_rmv_dly                             0x000022ba   Section        0  rt_list.o(i.rt_rmv_dly)
    i.rt_rmv_list                            0x000022e4   Section        0  rt_list.o(i.rt_rmv_list)
    i.rt_sem_psh                             0x00002314   Section        0  rt_semaphore.o(i.rt_sem_psh)
    i.rt_stk_check                           0x00002348   Section        0  rt_system.o(i.rt_stk_check)
    i.rt_switch_req                          0x0000236c   Section        0  rt_task.o(i.rt_switch_req)
    i.rt_sys_init                            0x00002394   Section        0  rt_task.o(i.rt_sys_init)
    i.rt_sys_start                           0x00002460   Section        0  rt_task.o(i.rt_sys_start)
    i.rt_systick                             0x000024d8   Section        0  rt_system.o(i.rt_systick)
    i.rt_tid2ptcb                            0x00002518   Section        0  rt_cmsis.o(i.rt_tid2ptcb)
    rt_tid2ptcb                              0x00002519   Thumb Code    18  rt_cmsis.o(i.rt_tid2ptcb)
    i.rt_timer_insert                        0x0000252c   Section        0  rt_cmsis.o(i.rt_timer_insert)
    rt_timer_insert                          0x0000252d   Thumb Code    48  rt_cmsis.o(i.rt_timer_insert)
    i.rt_tsk_create                          0x00002560   Section        0  rt_task.o(i.rt_tsk_create)
    i.rt_tsk_delete                          0x000025e8   Section        0  rt_task.o(i.rt_tsk_delete)
    i.rt_tsk_prio                            0x00002764   Section        0  rt_task.o(i.rt_tsk_prio)
    i.rt_tsk_self                            0x000027e0   Section        0  rt_task.o(i.rt_tsk_self)
    i.selectCursor                           0x000027f0   Section        0  mainmenu.o(i.selectCursor)
    i.spi_tran                               0x000028bc   Section        0  glcd_spi_lpc1700.o(i.spi_tran)
    spi_tran                                 0x000028bd   Thumb Code    28  glcd_spi_lpc1700.o(i.spi_tran)
    i.spi_tran_man                           0x000028dc   Section        0  glcd_spi_lpc1700.o(i.spi_tran_man)
    spi_tran_man                             0x000028dd   Thumb Code   124  glcd_spi_lpc1700.o(i.spi_tran_man)
    i.svcDelay                               0x0000295c   Section        0  rt_cmsis.o(i.svcDelay)
    i.svcKernelInitialize                    0x00002970   Section        0  rt_cmsis.o(i.svcKernelInitialize)
    i.svcKernelStart                         0x000029e0   Section        0  rt_cmsis.o(i.svcKernelStart)
    i.svcMessageCreate                       0x00002a28   Section        0  rt_cmsis.o(i.svcMessageCreate)
    i.svcMessageGet                          0x00002a4c   Section        0  rt_cmsis.o(i.svcMessageGet)
    i.svcSignalSet                           0x00002a86   Section        0  rt_cmsis.o(i.svcSignalSet)
    i.svcSignalWait                          0x00002aac   Section        0  rt_cmsis.o(i.svcSignalWait)
    i.svcThreadCreate                        0x00002b00   Section        0  rt_cmsis.o(i.svcThreadCreate)
    i.svcThreadGetId                         0x00002b6c   Section        0  rt_cmsis.o(i.svcThreadGetId)
    i.svcThreadSetPriority                   0x00002b88   Section        0  rt_cmsis.o(i.svcThreadSetPriority)
    i.svcThreadTerminate                     0x00002bb8   Section        0  rt_cmsis.o(i.svcThreadTerminate)
    i.svcTimerCall                           0x00002bf0   Section        0  rt_cmsis.o(i.svcTimerCall)
    i.sysTimerTick                           0x00002c08   Section        0  rt_cmsis.o(i.sysTimerTick)
    i.wr_cmd                                 0x00002c64   Section        0  glcd_spi_lpc1700.o(i.wr_cmd)
    wr_cmd                                   0x00002c65   Thumb Code    36  glcd_spi_lpc1700.o(i.wr_cmd)
    i.wr_dat                                 0x00002c8c   Section        0  glcd_spi_lpc1700.o(i.wr_dat)
    wr_dat                                   0x00002c8d   Thumb Code    36  glcd_spi_lpc1700.o(i.wr_dat)
    i.wr_dat_only                            0x00002cb4   Section        0  glcd_spi_lpc1700.o(i.wr_dat_only)
    wr_dat_only                              0x00002cb5   Thumb Code    18  glcd_spi_lpc1700.o(i.wr_dat_only)
    i.wr_dat_start                           0x00002cc8   Section        0  glcd_spi_lpc1700.o(i.wr_dat_start)
    wr_dat_start                             0x00002cc9   Thumb Code    16  glcd_spi_lpc1700.o(i.wr_dat_start)
    i.wr_dat_stop                            0x00002cdc   Section        0  glcd_spi_lpc1700.o(i.wr_dat_stop)
    wr_dat_stop                              0x00002cdd   Thumb Code     8  glcd_spi_lpc1700.o(i.wr_dat_stop)
    i.wr_reg                                 0x00002ce8   Section        0  glcd_spi_lpc1700.o(i.wr_reg)
    wr_reg                                   0x00002ce9   Thumb Code    20  glcd_spi_lpc1700.o(i.wr_reg)
    .constdata                               0x00002cfc   Section       64  thread.o(.constdata)
    .constdata                               0x00002d3c   Section    132303  gallery.o(.constdata)
    SELFIE_pixel_data                        0x00002d3c   Data       44101  gallery.o(.constdata)
    BOARDPIC_pixel_data                      0x0000d981   Data       45001  gallery.o(.constdata)
    MYCODEPIC_pixel_data                     0x0001894a   Data       43201  gallery.o(.constdata)
    .constdata                               0x0002320c   Section     6272  glcd_spi_lpc1700.o(.constdata)
    .constdata                               0x00024a8c   Section        2  adc_mcb1700.o(.constdata)
    .constdata                               0x00024a90   Section      104  rtx_conf_cm.o(.constdata)
    __tagsym$$used                           0x00024aac   Number         0  rtx_conf_cm.o(.constdata)
    __tagsym$$used                           0x00024ab0   Number         0  rtx_conf_cm.o(.constdata)
    __tagsym$$used                           0x00024ab4   Number         0  rtx_conf_cm.o(.constdata)
    __tagsym$$used                           0x00024ab8   Number         0  rtx_conf_cm.o(.constdata)
    .conststring                             0x00024af8   Section       69  gallery.o(.conststring)
    .data                                    0x10000000   Section       16  irq.o(.data)
    ticks                                    0x10000004   Data           4  irq.o(.data)
    timetick                                 0x10000008   Data           4  irq.o(.data)
    leds                                     0x1000000c   Data           4  irq.o(.data)
    .data                                    0x10000010   Section       18  main.o(.data)
    AD_dbg                                   0x10000018   Data           2  main.o(.data)
    .data                                    0x10000022   Section        2  mainmenu.o(.data)
    .data                                    0x10000024   Section       17  thread.o(.data)
    .data                                    0x10000038   Section       16  gallery.o(.data)
    .data                                    0x10000048   Section        5  glcd_spi_lpc1700.o(.data)
    Color                                    0x10000048   Data           4  glcd_spi_lpc1700.o(.data)
    Himax                                    0x1000004c   Data           1  glcd_spi_lpc1700.o(.data)
    .data                                    0x1000004e   Section        3  adc_mcb1700.o(.data)
    AD_last                                  0x1000004e   Data           2  adc_mcb1700.o(.data)
    AD_done                                  0x10000050   Data           1  adc_mcb1700.o(.data)
    .data                                    0x10000054   Section       16  rtx_conf_cm.o(.data)
    .data                                    0x10000064   Section        8  rt_cmsis.o(.data)
    .data                                    0x1000006c   Section        8  rt_task.o(.data)
    .data                                    0x10000074   Section        8  rt_system.o(.data)
    os_lock                                  0x10000074   Data           1  rt_system.o(.data)
    os_psh_flag                              0x10000075   Data           1  rt_system.o(.data)
    pend_flags                               0x10000076   Data           1  rt_system.o(.data)
    .data                                    0x1000007c   Section        4  rt_time.o(.data)
    .data                                    0x10000080   Section        1  hal_cm.o(.data)
    .bss                                     0x10000084   Section       20  main.o(.bss)
    .bss                                     0x10000098   Section    15152  rtx_conf_cm.o(.bss)
    .bss                                     0x10003bc8   Section       52  rt_task.o(.bss)
    .bss                                     0x10003bfc   Section       48  rt_list.o(.bss)
    STACK                                    0x10003c30   Section      512  startup_lpc17xx.o(STACK)

    Global Symbols

    Symbol Name                              Value     Ov Type        Size  Object(Section)

    BuildAttributes$$THM_ISAv4$P$D$K$B$S$PE$A:L22UL41UL21$X:L11$S22US41US21$IEEE1$IW$USESV6$~STKCKD$USESV7$~SHL$OSPACE$ROPI$EBA8$MICROLIB$REQ8$PRES8$EABIv2 0x00000000   Number         0  anon$$obj.o ABSOLUTE
    __ARM_use_no_argv                        0x00000000   Number         0  main.o ABSOLUTE
    __Vectors                                0x00000000   Data           4  startup_lpc17xx.o(RESET)
    _printf_a                                0x00000000   Number         0  stubs.o ABSOLUTE
    _printf_c                                0x00000000   Number         0  stubs.o ABSOLUTE
    _printf_charcount                        0x00000000   Number         0  stubs.o ABSOLUTE
    _printf_d                                0x00000000   Number         0  stubs.o ABSOLUTE
    _printf_e                                0x00000000   Number         0  stubs.o ABSOLUTE
    _printf_f                                0x00000000   Number         0  stubs.o ABSOLUTE
    _printf_flags                            0x00000000   Number         0  stubs.o ABSOLUTE
    _printf_fp_dec                           0x00000000   Number         0  stubs.o ABSOLUTE
    _printf_fp_hex                           0x00000000   Number         0  stubs.o ABSOLUTE
    _printf_g                                0x00000000   Number         0  stubs.o ABSOLUTE
    _printf_i                                0x00000000   Number         0  stubs.o ABSOLUTE
    _printf_int_dec                          0x00000000   Number         0  stubs.o ABSOLUTE
    _printf_l                                0x00000000   Number         0  stubs.o ABSOLUTE
    _printf_lc                               0x00000000   Number         0  stubs.o ABSOLUTE
    _printf_ll                               0x00000000   Number         0  stubs.o ABSOLUTE
    _printf_lld                              0x00000000   Number         0  stubs.o ABSOLUTE
    _printf_lli                              0x00000000   Number         0  stubs.o ABSOLUTE
    _printf_llo                              0x00000000   Number         0  stubs.o ABSOLUTE
    _printf_llu                              0x00000000   Number         0  stubs.o ABSOLUTE
    _printf_llx                              0x00000000   Number         0  stubs.o ABSOLUTE
    _printf_longlong_dec                     0x00000000   Number         0  stubs.o ABSOLUTE
    _printf_longlong_hex                     0x00000000   Number         0  stubs.o ABSOLUTE
    _printf_longlong_oct                     0x00000000   Number         0  stubs.o ABSOLUTE
    _printf_ls                               0x00000000   Number         0  stubs.o ABSOLUTE
    _printf_mbtowc                           0x00000000   Number         0  stubs.o ABSOLUTE
    _printf_n                                0x00000000   Number         0  stubs.o ABSOLUTE
    _printf_o                                0x00000000   Number         0  stubs.o ABSOLUTE
    _printf_p                                0x00000000   Number         0  stubs.o ABSOLUTE
    _printf_percent                          0x00000000   Number         0  stubs.o ABSOLUTE
    _printf_pre_padding                      0x00000000   Number         0  stubs.o ABSOLUTE
    _printf_return_value                     0x00000000   Number         0  stubs.o ABSOLUTE
    _printf_s                                0x00000000   Number         0  stubs.o ABSOLUTE
    _printf_sizespec                         0x00000000   Number         0  stubs.o ABSOLUTE
    _printf_str                              0x00000000   Number         0  stubs.o ABSOLUTE
    _printf_truncate_signed                  0x00000000   Number         0  stubs.o ABSOLUTE
    _printf_truncate_unsigned                0x00000000   Number         0  stubs.o ABSOLUTE
    _printf_u                                0x00000000   Number         0  stubs.o ABSOLUTE
    _printf_wc                               0x00000000   Number         0  stubs.o ABSOLUTE
    _printf_wctomb                           0x00000000   Number         0  stubs.o ABSOLUTE
    _printf_widthprec                        0x00000000   Number         0  stubs.o ABSOLUTE
    _printf_x                                0x00000000   Number         0  stubs.o ABSOLUTE
    __cpp_initialize__aeabi_                  - Undefined Weak Reference
    __cxa_finalize                            - Undefined Weak Reference
    __decompress                              - Undefined Weak Reference
    _clock_init                               - Undefined Weak Reference
    _microlib_exit                            - Undefined Weak Reference
    __main                                   0x000000cd   Thumb Code     0  entry.o(.ARM.Collect$$$$00000000)
    _main_stk                                0x000000cd   Thumb Code     0  entry2.o(.ARM.Collect$$$$00000001)
    _main_scatterload                        0x000000d1   Thumb Code     0  entry5.o(.ARM.Collect$$$$00000004)
    __main_after_scatterload                 0x000000d5   Thumb Code     0  entry5.o(.ARM.Collect$$$$00000004)
    __rt_final_cpp                           0x000000d5   Thumb Code     0  entry10a.o(.ARM.Collect$$$$0000000D)
    __rt_final_exit                          0x000000d5   Thumb Code     0  entry11a.o(.ARM.Collect$$$$0000000F)
    _main_clock                              0x000000d5   Thumb Code     0  entry7b.o(.ARM.Collect$$$$00000008)
    _main_cpp_init                           0x000000d5   Thumb Code     0  entry8b.o(.ARM.Collect$$$$0000000A)
    _main_init                               0x000000d5   Thumb Code    18  rtx_conf_cm.o(.ARM.Collect$$$$000000FF)
    rt_set_PSP                               0x000000f1   Thumb Code     6  hal_cm3.o(.emb_text)
    rt_get_PSP                               0x000000f7   Thumb Code     6  hal_cm3.o(.emb_text)
    os_set_env                               0x000000fd   Thumb Code    24  hal_cm3.o(.emb_text)
    _alloc_box                               0x00000119   Thumb Code    28  hal_cm3.o(.emb_text)
    _free_box                                0x00000139   Thumb Code    28  hal_cm3.o(.emb_text)
    SVC_Handler                              0x00000159   Thumb Code   108  hal_cm3.o(.emb_text)
    PendSV_Handler                           0x000001d1   Thumb Code    56  hal_cm3.o(.emb_text)
    SysTick_Handler                          0x0000020d   Thumb Code     8  hal_cm3.o(.emb_text)
    OS_Tick_Handler                          0x00000215   Thumb Code    12  hal_cm3.o(.emb_text)
    Reset_Handler                            0x00000221   Thumb Code     8  startup_lpc17xx.o(.text)
    NMI_Handler                              0x00000229   Thumb Code     2  startup_lpc17xx.o(.text)
    HardFault_Handler                        0x0000022b   Thumb Code     2  startup_lpc17xx.o(.text)
    MemManage_Handler                        0x0000022d   Thumb Code     2  startup_lpc17xx.o(.text)
    BusFault_Handler                         0x0000022f   Thumb Code     2  startup_lpc17xx.o(.text)
    UsageFault_Handler                       0x00000231   Thumb Code     2  startup_lpc17xx.o(.text)
    DebugMon_Handler                         0x00000235   Thumb Code     2  startup_lpc17xx.o(.text)
    BOD_IRQHandler                           0x0000023b   Thumb Code     0  startup_lpc17xx.o(.text)
    CANActivity_IRQHandler                   0x0000023b   Thumb Code     0  startup_lpc17xx.o(.text)
    CAN_IRQHandler                           0x0000023b   Thumb Code     0  startup_lpc17xx.o(.text)
    DMA_IRQHandler                           0x0000023b   Thumb Code     0  startup_lpc17xx.o(.text)
    EINT0_IRQHandler                         0x0000023b   Thumb Code     0  startup_lpc17xx.o(.text)
    EINT1_IRQHandler                         0x0000023b   Thumb Code     0  startup_lpc17xx.o(.text)
    EINT2_IRQHandler                         0x0000023b   Thumb Code     0  startup_lpc17xx.o(.text)
    EINT3_IRQHandler                         0x0000023b   Thumb Code     0  startup_lpc17xx.o(.text)
    ENET_IRQHandler                          0x0000023b   Thumb Code     0  startup_lpc17xx.o(.text)
    I2C0_IRQHandler                          0x0000023b   Thumb Code     0  startup_lpc17xx.o(.text)
    I2C1_IRQHandler                          0x0000023b   Thumb Code     0  startup_lpc17xx.o(.text)
    I2C2_IRQHandler                          0x0000023b   Thumb Code     0  startup_lpc17xx.o(.text)
    I2S_IRQHandler                           0x0000023b   Thumb Code     0  startup_lpc17xx.o(.text)
    MCPWM_IRQHandler                         0x0000023b   Thumb Code     0  startup_lpc17xx.o(.text)
    PLL0_IRQHandler                          0x0000023b   Thumb Code     0  startup_lpc17xx.o(.text)
    PLL1_IRQHandler                          0x0000023b   Thumb Code     0  startup_lpc17xx.o(.text)
    PWM1_IRQHandler                          0x0000023b   Thumb Code     0  startup_lpc17xx.o(.text)
    QEI_IRQHandler                           0x0000023b   Thumb Code     0  startup_lpc17xx.o(.text)
    RIT_IRQHandler                           0x0000023b   Thumb Code     0  startup_lpc17xx.o(.text)
    RTC_IRQHandler                           0x0000023b   Thumb Code     0  startup_lpc17xx.o(.text)
    SPI_IRQHandler                           0x0000023b   Thumb Code     0  startup_lpc17xx.o(.text)
    SSP0_IRQHandler                          0x0000023b   Thumb Code     0  startup_lpc17xx.o(.text)
    SSP1_IRQHandler                          0x0000023b   Thumb Code     0  startup_lpc17xx.o(.text)
    TIMER0_IRQHandler                        0x0000023b   Thumb Code     0  startup_lpc17xx.o(.text)
    TIMER1_IRQHandler                        0x0000023b   Thumb Code     0  startup_lpc17xx.o(.text)
    TIMER2_IRQHandler                        0x0000023b   Thumb Code     0  startup_lpc17xx.o(.text)
    TIMER3_IRQHandler                        0x0000023b   Thumb Code     0  startup_lpc17xx.o(.text)
    UART0_IRQHandler                         0x0000023b   Thumb Code     0  startup_lpc17xx.o(.text)
    UART1_IRQHandler                         0x0000023b   Thumb Code     0  startup_lpc17xx.o(.text)
    UART2_IRQHandler                         0x0000023b   Thumb Code     0  startup_lpc17xx.o(.text)
    UART3_IRQHandler                         0x0000023b   Thumb Code     0  startup_lpc17xx.o(.text)
    USBActivity_IRQHandler                   0x0000023b   Thumb Code     0  startup_lpc17xx.o(.text)
    USB_IRQHandler                           0x0000023b   Thumb Code     0  startup_lpc17xx.o(.text)
    WDT_IRQHandler                           0x0000023b   Thumb Code     0  startup_lpc17xx.o(.text)
    __scatterload                            0x00000245   Thumb Code    28  init.o(.text)
    __scatterload_rt2                        0x00000245   Thumb Code     0  init.o(.text)
    SVC_Count                                0x00000268   Data           4  svc_table.o(SVC_TABLE)
    ADC_IRQHandler                           0x0000026d   Thumb Code    28  adc_mcb1700.o(i.ADC_IRQHandler)
    SVC_Table                                0x0000026c   Data           0  svc_table.o(SVC_TABLE)
    ADC_Initialize                           0x00000295   Thumb Code    86  adc_mcb1700.o(i.ADC_Initialize)
    GLCD_Bitmap                              0x00000301   Thumb Code    82  glcd_spi_lpc1700.o(i.GLCD_Bitmap)
    GLCD_Clear                               0x00000353   Thumb Code    42  glcd_spi_lpc1700.o(i.GLCD_Clear)
    GLCD_ClearLn                             0x0000037d   Thumb Code    94  glcd_spi_lpc1700.o(i.GLCD_ClearLn)
    GLCD_DisplayChar                         0x000003dd   Thumb Code    84  glcd_spi_lpc1700.o(i.GLCD_DisplayChar)
    GLCD_DisplayString                       0x00000439   Thumb Code    40  glcd_spi_lpc1700.o(i.GLCD_DisplayString)
    GLCD_DrawChar                            0x00000461   Thumb Code   150  glcd_spi_lpc1700.o(i.GLCD_DrawChar)
    __RL_RTX_VER                             0x00000482   Number         0  rt_system.o ABSOLUTE
    GLCD_Init                                0x000004fd   Thumb Code  1506  glcd_spi_lpc1700.o(i.GLCD_Init)
    GLCD_SetBackColor                        0x00000ae5   Thumb Code     6  glcd_spi_lpc1700.o(i.GLCD_SetBackColor)
    GLCD_SetTextColor                        0x00000af1   Thumb Code     6  glcd_spi_lpc1700.o(i.GLCD_SetTextColor)
    GLCD_SetWindow                           0x00000afd   Thumb Code   168  glcd_spi_lpc1700.o(i.GLCD_SetWindow)
    GLCD_WindowMax                           0x00000ba9   Thumb Code    18  glcd_spi_lpc1700.o(i.GLCD_WindowMax)
    GalleryThread                            0x00000bbd   Thumb Code   154  thread.o(i.GalleryThread)
    GameThread                               0x00000c61   Thumb Code    50  thread.o(i.GameThread)
    Init_Thread                              0x00000c99   Thumb Code    84  thread.o(i.Init_Thread)
    KBD_Init                                 0x00000d0d   Thumb Code    42  kbd.o(i.KBD_Init)
    KBD_get                                  0x00000d49   Thumb Code    12  kbd.o(i.KBD_get)
    LED_Init                                 0x00000d59   Thumb Code    40  led.o(i.LED_Init)
    MP3PlayerThread                          0x00000d89   Thumb Code    50  thread.o(i.MP3PlayerThread)
    MainMenuThread                           0x00000dc1   Thumb Code   274  thread.o(i.MainMenuThread)
    PIN_Configure                            0x00000ee1   Thumb Code   246  pin_lpc17xx.o(i.PIN_Configure)
    SystemInit                               0x00000fdd   Thumb Code   302  system_lpc17xx.o(i.SystemInit)
    __0printf$2                              0x0000111d   Thumb Code    22  printf2.o(i.__0printf$2)
    __1printf$2                              0x0000111d   Thumb Code     0  printf2.o(i.__0printf$2)
    __2printf                                0x0000111d   Thumb Code     0  printf2.o(i.__0printf$2)
    __scatterload_copy                       0x0000113d   Thumb Code    14  handlers.o(i.__scatterload_copy)
    __scatterload_null                       0x0000114b   Thumb Code     2  handlers.o(i.__scatterload_null)
    __scatterload_zeroinit                   0x0000114d   Thumb Code    14  handlers.o(i.__scatterload_zeroinit)
    _init_box                                0x0000115b   Thumb Code    70  rt_membox.o(i._init_box)
    clearCursor                              0x00001279   Thumb Code   130  mainmenu.o(i.clearCursor)
    clearLCDForGallery                       0x00001345   Thumb Code    78  gallery.o(i.clearLCDForGallery)
    dbg_init                                 0x000013fd   Thumb Code    34  hal_cm.o(i.dbg_init)
    dbg_task_notify                          0x0000142d   Thumb Code    32  hal_cm.o(i.dbg_task_notify)
    dbg_task_switch                          0x0000144d   Thumb Code    16  hal_cm.o(i.dbg_task_switch)
    delay                                    0x0000145d   Thumb Code    26  thread.o(i.delay)
    displayMainMenu                          0x00001485   Thumb Code   184  mainmenu.o(i.displayMainMenu)
    displayPicture                           0x000015e9   Thumb Code   106  gallery.o(i.displayPicture)
    fputc                                    0x00001665   Thumb Code    30  main.o(i.fputc)
    get_button                               0x00001689   Thumb Code    20  kbd.o(i.get_button)
    initializeGallery                        0x0000169d   Thumb Code    22  gallery.o(i.initializeGallery)
    isrMessageGet                            0x000016b9   Thumb Code    42  rt_cmsis.o(i.isrMessageGet)
    isrMessagePut                            0x000016e3   Thumb Code    44  rt_cmsis.o(i.isrMessagePut)
    isrSignalSet                             0x0000170f   Thumb Code    36  rt_cmsis.o(i.isrSignalSet)
    isr_evt_set                              0x00001735   Thumb Code    34  rt_event.o(i.isr_evt_set)
    isr_mbx_receive                          0x0000175d   Thumb Code    86  rt_mailbox.o(i.isr_mbx_receive)
    isr_mbx_send                             0x000017b3   Thumb Code    14  rt_mailbox.o(i.isr_mbx_send)
    main                                     0x000017c1   Thumb Code   148  main.o(i.main)
    osDelay                                  0x00001895   Thumb Code    18  rt_cmsis.o(i.osDelay)
    osKernelInitialize                       0x000018ad   Thumb Code    30  rt_cmsis.o(i.osKernelInitialize)
    osKernelStart                            0x000018d1   Thumb Code    98  rt_cmsis.o(i.osKernelStart)
    osMessageGet                             0x0000193d   Thumb Code    18  rt_cmsis.o(i.osMessageGet)
    osSignalSet                              0x00001955   Thumb Code    18  rt_cmsis.o(i.osSignalSet)
    osSignalWait                             0x0000196d   Thumb Code    18  rt_cmsis.o(i.osSignalWait)
    osThreadCreate                           0x00001985   Thumb Code    36  rt_cmsis.o(i.osThreadCreate)
    osThreadExit                             0x000019b1   Thumb Code    14  rt_cmsis.o(i.osThreadExit)
    osThreadSetPriority                      0x000019c9   Thumb Code    18  rt_cmsis.o(i.osThreadSetPriority)
    osTimerCall                              0x000019e1   Thumb Code     8  rt_cmsis.o(i.osTimerCall)
    osTimerThread                            0x000019ed   Thumb Code    38  rt_cmsis.o(i.osTimerThread)
    os_error                                 0x00001a19   Thumb Code    34  rtx_conf_cm.o(i.os_error)
    os_idle_demon                            0x00001a3b   Thumb Code     4  rtx_conf_cm.o(i.os_idle_demon)
    os_tick_init                             0x00001a41   Thumb Code    32  rt_system.o(i.os_tick_init)
    os_tick_irqack                           0x00001a69   Thumb Code     2  rt_system.o(i.os_tick_irqack)
    rt_alloc_box                             0x00001b41   Thumb Code    26  rt_membox.o(i.rt_alloc_box)
    rt_alloc_mem                             0x00001b5b   Thumb Code    62  rt_memory.o(i.rt_alloc_mem)
    rt_block                                 0x00001b99   Thumb Code    48  rt_task.o(i.rt_block)
    rt_chk_robin                             0x00001bd1   Thumb Code     2  rtx_conf_cm.o(i.rt_chk_robin)
    rt_dec_dly                               0x00001bd5   Thumb Code   102  rt_list.o(i.rt_dec_dly)
    rt_dispatch                              0x00001c45   Thumb Code    60  rt_task.o(i.rt_dispatch)
    rt_dly_wait                              0x00001c89   Thumb Code     6  rt_time.o(i.rt_dly_wait)
    rt_evt_psh                               0x00001c91   Thumb Code    76  rt_event.o(i.rt_evt_psh)
    rt_evt_set                               0x00001ce1   Thumb Code    88  rt_event.o(i.rt_evt_set)
    rt_evt_wait                              0x00001d3d   Thumb Code    56  rt_event.o(i.rt_evt_wait)
    rt_free_box                              0x00001d79   Thumb Code    44  rt_membox.o(i.rt_free_box)
    rt_free_mem                              0x00001da5   Thumb Code    40  rt_memory.o(i.rt_free_mem)
    rt_get_first                             0x00001dcd   Thumb Code    40  rt_list.o(i.rt_get_first)
    rt_init_mem                              0x00001e45   Thumb Code    26  rt_memory.o(i.rt_init_mem)
    rt_init_robin                            0x00001e5f   Thumb Code     2  rtx_conf_cm.o(i.rt_init_robin)
    rt_init_stack                            0x00001e61   Thumb Code   118  hal_cm.o(i.rt_init_stack)
    rt_mbx_check                             0x00001ee1   Thumb Code     8  rt_mailbox.o(i.rt_mbx_check)
    rt_mbx_init                              0x00001ee9   Thumb Code    26  rt_mailbox.o(i.rt_mbx_init)
    rt_mbx_psh                               0x00001f05   Thumb Code   236  rt_mailbox.o(i.rt_mbx_psh)
    rt_mbx_wait                              0x00001ff5   Thumb Code   174  rt_mailbox.o(i.rt_mbx_wait)
    rt_pop_req                               0x000020ed   Thumb Code   112  rt_system.o(i.rt_pop_req)
    rt_psh_req                               0x00002169   Thumb Code    22  rt_system.o(i.rt_psh_req)
    rt_psq_enq                               0x00002189   Thumb Code    88  rt_list.o(i.rt_psq_enq)
    rt_put_dly                               0x000021e5   Thumb Code    68  rt_list.o(i.rt_put_dly)
    rt_put_prio                              0x0000222d   Thumb Code    54  rt_list.o(i.rt_put_prio)
    rt_put_rdy_first                         0x00002265   Thumb Code    14  rt_list.o(i.rt_put_rdy_first)
    rt_resort_prio                           0x00002279   Thumb Code    46  rt_list.o(i.rt_resort_prio)
    rt_ret_val                               0x000022ad   Thumb Code     6  hal_cm.o(i.rt_ret_val)
    rt_ret_val2                              0x000022b3   Thumb Code     8  hal_cm.o(i.rt_ret_val2)
    rt_rmv_dly                               0x000022bb   Thumb Code    40  rt_list.o(i.rt_rmv_dly)
    rt_rmv_list                              0x000022e5   Thumb Code    44  rt_list.o(i.rt_rmv_list)
    rt_sem_psh                               0x00002315   Thumb Code    48  rt_semaphore.o(i.rt_sem_psh)
    rt_stk_check                             0x00002349   Thumb Code    28  rt_system.o(i.rt_stk_check)
    rt_switch_req                            0x0000236d   Thumb Code    30  rt_task.o(i.rt_switch_req)
    rt_sys_init                              0x00002395   Thumb Code   138  rt_task.o(i.rt_sys_init)
    rt_sys_start                             0x00002461   Thumb Code   110  rt_task.o(i.rt_sys_start)
    rt_systick                               0x000024d9   Thumb Code    50  rt_system.o(i.rt_systick)
    rt_tsk_create                            0x00002561   Thumb Code   118  rt_task.o(i.rt_tsk_create)
    rt_tsk_delete                            0x000025e9   Thumb Code   352  rt_task.o(i.rt_tsk_delete)
    rt_tsk_prio                              0x00002765   Thumb Code   108  rt_task.o(i.rt_tsk_prio)
    rt_tsk_self                              0x000027e1   Thumb Code    12  rt_task.o(i.rt_tsk_self)
    selectCursor                             0x000027f1   Thumb Code   130  mainmenu.o(i.selectCursor)
    svcDelay                                 0x0000295d   Thumb Code    18  rt_cmsis.o(i.svcDelay)
    svcKernelInitialize                      0x00002971   Thumb Code    80  rt_cmsis.o(i.svcKernelInitialize)
    svcKernelStart                           0x000029e1   Thumb Code    62  rt_cmsis.o(i.svcKernelStart)
    svcMessageCreate                         0x00002a29   Thumb Code    36  rt_cmsis.o(i.svcMessageCreate)
    svcMessageGet                            0x00002a4d   Thumb Code    58  rt_cmsis.o(i.svcMessageGet)
    svcSignalSet                             0x00002a87   Thumb Code    36  rt_cmsis.o(i.svcSignalSet)
    svcSignalWait                            0x00002aad   Thumb Code    80  rt_cmsis.o(i.svcSignalWait)
    svcThreadCreate                          0x00002b01   Thumb Code    96  rt_cmsis.o(i.svcThreadCreate)
    svcThreadGetId                           0x00002b6d   Thumb Code    22  rt_cmsis.o(i.svcThreadGetId)
    svcThreadSetPriority                     0x00002b89   Thumb Code    46  rt_cmsis.o(i.svcThreadSetPriority)
    svcThreadTerminate                       0x00002bb9   Thumb Code    50  rt_cmsis.o(i.svcThreadTerminate)
    svcTimerCall                             0x00002bf1   Thumb Code    24  rt_cmsis.o(i.svcTimerCall)
    sysTimerTick                             0x00002c09   Thumb Code    84  rt_cmsis.o(i.sysTimerTick)
    os_thread_def_MainMenuThread             0x00002cfc   Data          16  thread.o(.constdata)
    os_thread_def_GalleryThread              0x00002d0c   Data          16  thread.o(.constdata)
    os_thread_def_MP3PlayerThread            0x00002d1c   Data          16  thread.o(.constdata)
    os_thread_def_GameThread                 0x00002d2c   Data          16  thread.o(.constdata)
    Font_6x8_h                               0x0002320c   Data         896  glcd_spi_lpc1700.o(.constdata)
    Font_16x24_h                             0x0002358c   Data        5376  glcd_spi_lpc1700.o(.constdata)
    ADC_PIN                                  0x00024a8c   Data           2  adc_mcb1700.o(.constdata)
    os_maxtaskrun                            0x00024a90   Data           2  rtx_conf_cm.o(.constdata)
    os_stackinfo                             0x00024a94   Data           4  rtx_conf_cm.o(.constdata)
    os_rrobin                                0x00024a98   Data           4  rtx_conf_cm.o(.constdata)
    os_tickfreq                              0x00024a9c   Data           4  rtx_conf_cm.o(.constdata)
    os_tickus_i                              0x00024aa0   Data           2  rtx_conf_cm.o(.constdata)
    os_tickus_f                              0x00024aa2   Data           2  rtx_conf_cm.o(.constdata)
    os_trv                                   0x00024aa4   Data           4  rtx_conf_cm.o(.constdata)
    os_flags                                 0x00024aa8   Data           1  rtx_conf_cm.o(.constdata)
    CMSIS_RTOS_API_Version                   0x00024aac   Data           4  rtx_conf_cm.o(.constdata)
    CMSIS_RTOS_RTX_Version                   0x00024ab0   Data           4  rtx_conf_cm.o(.constdata)
    os_clockrate                             0x00024ab4   Data           4  rtx_conf_cm.o(.constdata)
    os_timernum                              0x00024ab8   Data           4  rtx_conf_cm.o(.constdata)
    mp_tcb_size                              0x00024abc   Data           2  rtx_conf_cm.o(.constdata)
    mp_stk_size                              0x00024ac0   Data           4  rtx_conf_cm.o(.constdata)
    os_stack_sz                              0x00024ac4   Data           4  rtx_conf_cm.o(.constdata)
    os_fifo_size                             0x00024ac8   Data           1  rtx_conf_cm.o(.constdata)
    os_thread_def_osTimerThread              0x00024acc   Data          16  rtx_conf_cm.o(.constdata)
    os_messageQ_def_osTimerMessageQ          0x00024adc   Data           8  rtx_conf_cm.o(.constdata)
    mp_tmr_size                              0x00024ae4   Data           2  rtx_conf_cm.o(.constdata)
    os_thread_def_main                       0x00024ae8   Data          16  rtx_conf_cm.o(.constdata)
    Region$$Table$$Base                      0x00024b40   Number         0  anon$$obj.o(Region$$Table)
    Region$$Table$$Limit                     0x00024b60   Number         0  anon$$obj.o(Region$$Table)
    clock_ms                                 0x10000000   Data           1  irq.o(.data)
    __stdout                                 0x10000010   Data           4  main.o(.data)
    __stdin                                  0x10000014   Data           4  main.o(.data)
    joyStick_dbg                             0x1000001c   Data           4  main.o(.data)
    ADC_last                                 0x10000020   Data           2  main.o(.data)
    currentSelection                         0x10000022   Data           1  mainmenu.o(.data)
    previousSelection                        0x10000023   Data           1  mainmenu.o(.data)
    mainMenuId                               0x10000024   Data           4  thread.o(.data)
    galleryThreadId                          0x10000028   Data           4  thread.o(.data)
    mp3PlayerThreadId                        0x1000002c   Data           4  thread.o(.data)
    gameThreadId                             0x10000030   Data           4  thread.o(.data)
    currentPic                               0x10000034   Data           1  thread.o(.data)
    gallery                                  0x10000038   Data           3  gallery.o(.data)
    picNames                                 0x1000003c   Data          12  gallery.o(.data)
    osThreadId_osTimerThread                 0x10000054   Data           4  rtx_conf_cm.o(.data)
    osMessageQId_osTimerMessageQ             0x10000058   Data           4  rtx_conf_cm.o(.data)
    os_tmr                                   0x1000005c   Data           4  rtx_conf_cm.o(.data)
    m_tmr                                    0x10000060   Data           4  rtx_conf_cm.o(.data)
    os_initialized                           0x10000064   Data           1  rt_cmsis.o(.data)
    os_running                               0x10000065   Data           1  rt_cmsis.o(.data)
    os_timer_head                            0x10000068   Data           4  rt_cmsis.o(.data)
    os_tsk                                   0x1000006c   Data           8  rt_task.o(.data)
    os_tick_irqn                             0x10000078   Data           4  rt_system.o(.data)
    os_time                                  0x1000007c   Data           4  rt_time.o(.data)
    dbg_msg                                  0x10000080   Data           1  hal_cm.o(.data)
    text                                     0x10000084   Data          10  main.o(.bss)
    text_l                                   0x1000008e   Data          10  main.o(.bss)
    mp_tcb                                   0x10000098   Data         376  rtx_conf_cm.o(.bss)
    mp_stk                                   0x10000210   Data       12304  rtx_conf_cm.o(.bss)
    os_stack_mem                             0x10003220   Data        2280  rtx_conf_cm.o(.bss)
    os_fifo                                  0x10003b08   Data         132  rtx_conf_cm.o(.bss)
    os_active_TCB                            0x10003b8c   Data          28  rtx_conf_cm.o(.bss)
    os_messageQ_q_osTimerMessageQ            0x10003ba8   Data          32  rtx_conf_cm.o(.bss)
    os_idle_TCB                              0x10003bc8   Data          52  rt_task.o(.bss)
    os_rdy                                   0x10003bfc   Data          24  rt_list.o(.bss)
    os_dly                                   0x10003c14   Data          24  rt_list.o(.bss)
    __initial_sp                             0x10003e30   Data           0  startup_lpc17xx.o(STACK)



==============================================================================

Memory Map of the image

  Image Entry point : 0x000000cd

  Load Region LR_IROM1 (Base: 0x00000000, Size: 0x00024be4, Max: 0x00080000, ABSOLUTE)

    Execution Region ER_IROM1 (Exec base: 0x00000000, Load base: 0x00000000, Size: 0x00024b60, Max: 0x00080000, ABSOLUTE)

    Exec Addr    Load Addr    Size         Type   Attr      Idx    E Section Name        Object

    0x00000000   0x00000000   0x000000cc   Data   RO          940    RESET               startup_lpc17xx.o
    0x000000cc   0x000000cc   0x00000000   Code   RO         2195  * .ARM.Collect$$$$00000000  mc_w.l(entry.o)
    0x000000cc   0x000000cc   0x00000004   Code   RO         2466    .ARM.Collect$$$$00000001  mc_w.l(entry2.o)
    0x000000d0   0x000000d0   0x00000004   Code   RO         2469    .ARM.Collect$$$$00000004  mc_w.l(entry5.o)
    0x000000d4   0x000000d4   0x00000000   Code   RO         2471    .ARM.Collect$$$$00000008  mc_w.l(entry7b.o)
    0x000000d4   0x000000d4   0x00000000   Code   RO         2473    .ARM.Collect$$$$0000000A  mc_w.l(entry8b.o)
    0x000000d4   0x000000d4   0x00000000   Code   RO         2474    .ARM.Collect$$$$0000000D  mc_w.l(entry10a.o)
    0x000000d4   0x000000d4   0x00000000   Code   RO         2476    .ARM.Collect$$$$0000000F  mc_w.l(entry11a.o)
    0x000000d4   0x000000d4   0x00000018   Code   RO          725    .ARM.Collect$$$$000000FF  rtx_conf_cm.o
    0x000000ec   0x000000ec   0x00000004   Code   RO         2467    .ARM.Collect$$$$00002712  mc_w.l(entry2.o)
    0x000000f0   0x000000f0   0x00000130   Code   RO         2182    .emb_text           RTX_CM3.lib(hal_cm3.o)
    0x00000220   0x00000220   0x00000024   Code   RO          942    .text               startup_lpc17xx.o
    0x00000244   0x00000244   0x00000024   Code   RO         2495    .text               mc_w.l(init.o)
    0x00000268   0x00000268   0x00000004   Code   RO         2192    SVC_TABLE           RTX_CM3.lib(svc_table.o)
    0x0000026c   0x0000026c   0x00000028   Code   RO          606    i.ADC_IRQHandler    adc_mcb1700.o
    0x00000294   0x00000294   0x00000068   Code   RO          607    i.ADC_Initialize    adc_mcb1700.o
    0x000002fc   0x000002fc   0x00000004   Code   RO          941    .ARM.__at_0x02FC    startup_lpc17xx.o
    0x00000300   0x00000300   0x00000052   Code   RO          300    i.GLCD_Bitmap       glcd_spi_lpc1700.o
    0x00000352   0x00000352   0x0000002a   Code   RO          301    i.GLCD_Clear        glcd_spi_lpc1700.o
    0x0000037c   0x0000037c   0x0000005e   Code   RO          302    i.GLCD_ClearLn      glcd_spi_lpc1700.o
    0x000003da   0x000003da   0x00000002   PAD
    0x000003dc   0x000003dc   0x0000005c   Code   RO          303    i.GLCD_DisplayChar  glcd_spi_lpc1700.o
    0x00000438   0x00000438   0x00000028   Code   RO          304    i.GLCD_DisplayString  glcd_spi_lpc1700.o
    0x00000460   0x00000460   0x0000009c   Code   RO          305    i.GLCD_DrawChar     glcd_spi_lpc1700.o
    0x000004fc   0x000004fc   0x000005e8   Code   RO          306    i.GLCD_Init         glcd_spi_lpc1700.o
    0x00000ae4   0x00000ae4   0x0000000c   Code   RO          309    i.GLCD_SetBackColor  glcd_spi_lpc1700.o
    0x00000af0   0x00000af0   0x0000000c   Code   RO          310    i.GLCD_SetTextColor  glcd_spi_lpc1700.o
    0x00000afc   0x00000afc   0x000000ac   Code   RO          311    i.GLCD_SetWindow    glcd_spi_lpc1700.o
    0x00000ba8   0x00000ba8   0x00000012   Code   RO          312    i.GLCD_WindowMax    glcd_spi_lpc1700.o
    0x00000bba   0x00000bba   0x00000002   PAD
    0x00000bbc   0x00000bbc   0x000000a4   Code   RO          172    i.GalleryThread     thread.o
    0x00000c60   0x00000c60   0x00000038   Code   RO          173    i.GameThread        thread.o
    0x00000c98   0x00000c98   0x00000074   Code   RO          174    i.Init_Thread       thread.o
    0x00000d0c   0x00000d0c   0x0000003c   Code   RO          530    i.KBD_Init          kbd.o
    0x00000d48   0x00000d48   0x00000010   Code   RO          531    i.KBD_get           kbd.o
    0x00000d58   0x00000d58   0x00000030   Code   RO          485    i.LED_Init          led.o
    0x00000d88   0x00000d88   0x00000038   Code   RO          175    i.MP3PlayerThread   thread.o
    0x00000dc0   0x00000dc0   0x00000120   Code   RO          176    i.MainMenuThread    thread.o
    0x00000ee0   0x00000ee0   0x000000fc   Code   RO          905    i.PIN_Configure     pin_lpc17xx.o
    0x00000fdc   0x00000fdc   0x00000140   Code   RO          952    i.SystemInit        system_lpc17xx.o
    0x0000111c   0x0000111c   0x00000020   Code   RO         2272    i.__0printf$2       mc_w.l(printf2.o)
    0x0000113c   0x0000113c   0x0000000e   Code   RO         2503    i.__scatterload_copy  mc_w.l(handlers.o)
    0x0000114a   0x0000114a   0x00000002   Code   RO         2504    i.__scatterload_null  mc_w.l(handlers.o)
    0x0000114c   0x0000114c   0x0000000e   Code   RO         2505    i.__scatterload_zeroinit  mc_w.l(handlers.o)
    0x0000115a   0x0000115a   0x00000046   Code   RO         2060    i._init_box         RTX_CM3.lib(rt_membox.o)
    0x000011a0   0x000011a0   0x000000d6   Code   RO         2279    i._printf_core      mc_w.l(printf2.o)
    0x00001276   0x00001276   0x00000002   PAD
    0x00001278   0x00001278   0x000000cc   Code   RO          133    i.clearCursor       mainmenu.o
    0x00001344   0x00001344   0x000000b8   Code   RO          243    i.clearLCDForGallery  gallery.o
    0x000013fc   0x000013fc   0x00000030   Code   RO         2113    i.dbg_init          RTX_CM3.lib(hal_cm.o)
    0x0000142c   0x0000142c   0x00000020   Code   RO         2114    i.dbg_task_notify   RTX_CM3.lib(hal_cm.o)
    0x0000144c   0x0000144c   0x00000010   Code   RO         2115    i.dbg_task_switch   RTX_CM3.lib(hal_cm.o)
    0x0000145c   0x0000145c   0x0000001a   Code   RO          177    i.delay             thread.o
    0x00001476   0x00001476   0x0000000e   Code   RO          315    i.delay             glcd_spi_lpc1700.o
    0x00001484   0x00001484   0x00000164   Code   RO          134    i.displayMainMenu   mainmenu.o
    0x000015e8   0x000015e8   0x0000007c   Code   RO          244    i.displayPicture    gallery.o
    0x00001664   0x00001664   0x00000024   Code   RO           70    i.fputc             main.o
    0x00001688   0x00001688   0x00000014   Code   RO          532    i.get_button        kbd.o
    0x0000169c   0x0000169c   0x0000001c   Code   RO          245    i.initializeGallery  gallery.o
    0x000016b8   0x000016b8   0x0000002a   Code   RO          987    i.isrMessageGet     RTX_CM3.lib(rt_cmsis.o)
    0x000016e2   0x000016e2   0x0000002c   Code   RO          988    i.isrMessagePut     RTX_CM3.lib(rt_cmsis.o)
    0x0000170e   0x0000170e   0x00000024   Code   RO          990    i.isrSignalSet      RTX_CM3.lib(rt_cmsis.o)
    0x00001732   0x00001732   0x00000002   PAD
    0x00001734   0x00001734   0x00000028   Code   RO         1784    i.isr_evt_set       RTX_CM3.lib(rt_event.o)
    0x0000175c   0x0000175c   0x00000056   Code   RO         1906    i.isr_mbx_receive   RTX_CM3.lib(rt_mailbox.o)
    0x000017b2   0x000017b2   0x0000000e   Code   RO         1907    i.isr_mbx_send      RTX_CM3.lib(rt_mailbox.o)
    0x000017c0   0x000017c0   0x000000d4   Code   RO           71    i.main              main.o
    0x00001894   0x00001894   0x00000018   Code   RO          991    i.osDelay           RTX_CM3.lib(rt_cmsis.o)
    0x000018ac   0x000018ac   0x00000024   Code   RO          992    i.osKernelInitialize  RTX_CM3.lib(rt_cmsis.o)
    0x000018d0   0x000018d0   0x0000006c   Code   RO          994    i.osKernelStart     RTX_CM3.lib(rt_cmsis.o)
    0x0000193c   0x0000193c   0x00000018   Code   RO         1003    i.osMessageGet      RTX_CM3.lib(rt_cmsis.o)
    0x00001954   0x00001954   0x00000018   Code   RO         1018    i.osSignalSet       RTX_CM3.lib(rt_cmsis.o)
    0x0000196c   0x0000196c   0x00000018   Code   RO         1019    i.osSignalWait      RTX_CM3.lib(rt_cmsis.o)
    0x00001984   0x00001984   0x0000002c   Code   RO         1020    i.osThreadCreate    RTX_CM3.lib(rt_cmsis.o)
    0x000019b0   0x000019b0   0x00000018   Code   RO         1021    i.osThreadExit      RTX_CM3.lib(rt_cmsis.o)
    0x000019c8   0x000019c8   0x00000018   Code   RO         1024    i.osThreadSetPriority  RTX_CM3.lib(rt_cmsis.o)
    0x000019e0   0x000019e0   0x0000000c   Code   RO         1027    i.osTimerCall       RTX_CM3.lib(rt_cmsis.o)
    0x000019ec   0x000019ec   0x0000002c   Code   RO         1032    i.osTimerThread     RTX_CM3.lib(rt_cmsis.o)
    0x00001a18   0x00001a18   0x00000022   Code   RO          726    i.os_error          rtx_conf_cm.o
    0x00001a3a   0x00001a3a   0x00000004   Code   RO          727    i.os_idle_demon     rtx_conf_cm.o
    0x00001a3e   0x00001a3e   0x00000002   PAD
    0x00001a40   0x00001a40   0x00000028   Code   RO         1694    i.os_tick_init      RTX_CM3.lib(rt_system.o)
    0x00001a68   0x00001a68   0x00000002   Code   RO         1695    i.os_tick_irqack    RTX_CM3.lib(rt_system.o)
    0x00001a6a   0x00001a6a   0x00000002   PAD
    0x00001a6c   0x00001a6c   0x0000008c   Code   RO          316    i.rd_id_man         glcd_spi_lpc1700.o
    0x00001af8   0x00001af8   0x00000048   Code   RO          317    i.rd_reg            glcd_spi_lpc1700.o
    0x00001b40   0x00001b40   0x0000001a   Code   RO         2061    i.rt_alloc_box      RTX_CM3.lib(rt_membox.o)
    0x00001b5a   0x00001b5a   0x0000003e   Code   RO         2089    i.rt_alloc_mem      RTX_CM3.lib(rt_memory.o)
    0x00001b98   0x00001b98   0x00000038   Code   RO         1609    i.rt_block          RTX_CM3.lib(rt_task.o)
    0x00001bd0   0x00001bd0   0x00000002   Code   RO          728    i.rt_chk_robin      rtx_conf_cm.o
    0x00001bd2   0x00001bd2   0x00000002   PAD
    0x00001bd4   0x00001bd4   0x00000070   Code   RO         1830    i.rt_dec_dly        RTX_CM3.lib(rt_list.o)
    0x00001c44   0x00001c44   0x00000044   Code   RO         1610    i.rt_dispatch       RTX_CM3.lib(rt_task.o)
    0x00001c88   0x00001c88   0x00000006   Code   RO         1996    i.rt_dly_wait       RTX_CM3.lib(rt_time.o)
    0x00001c8e   0x00001c8e   0x00000002   PAD
    0x00001c90   0x00001c90   0x00000050   Code   RO         1787    i.rt_evt_psh        RTX_CM3.lib(rt_event.o)
    0x00001ce0   0x00001ce0   0x0000005c   Code   RO         1788    i.rt_evt_set        RTX_CM3.lib(rt_event.o)
    0x00001d3c   0x00001d3c   0x0000003c   Code   RO         1789    i.rt_evt_wait       RTX_CM3.lib(rt_event.o)
    0x00001d78   0x00001d78   0x0000002c   Code   RO         2062    i.rt_free_box       RTX_CM3.lib(rt_membox.o)
    0x00001da4   0x00001da4   0x00000028   Code   RO         2090    i.rt_free_mem       RTX_CM3.lib(rt_memory.o)
    0x00001dcc   0x00001dcc   0x00000028   Code   RO         1831    i.rt_get_first      RTX_CM3.lib(rt_list.o)
    0x00001df4   0x00001df4   0x00000008   Code   RO         1037    i.rt_id2obj         RTX_CM3.lib(rt_cmsis.o)
    0x00001dfc   0x00001dfc   0x00000048   Code   RO         1611    i.rt_init_context   RTX_CM3.lib(rt_task.o)
    0x00001e44   0x00001e44   0x0000001a   Code   RO         2091    i.rt_init_mem       RTX_CM3.lib(rt_memory.o)
    0x00001e5e   0x00001e5e   0x00000002   Code   RO          729    i.rt_init_robin     rtx_conf_cm.o
    0x00001e60   0x00001e60   0x00000080   Code   RO         2116    i.rt_init_stack     RTX_CM3.lib(hal_cm.o)
    0x00001ee0   0x00001ee0   0x00000008   Code   RO         1908    i.rt_mbx_check      RTX_CM3.lib(rt_mailbox.o)
    0x00001ee8   0x00001ee8   0x0000001a   Code   RO         1909    i.rt_mbx_init       RTX_CM3.lib(rt_mailbox.o)
    0x00001f02   0x00001f02   0x00000002   PAD
    0x00001f04   0x00001f04   0x000000f0   Code   RO         1910    i.rt_mbx_psh        RTX_CM3.lib(rt_mailbox.o)
    0x00001ff4   0x00001ff4   0x000000b4   Code   RO         1912    i.rt_mbx_wait       RTX_CM3.lib(rt_mailbox.o)
    0x000020a8   0x000020a8   0x00000044   Code   RO         1038    i.rt_ms2tick        RTX_CM3.lib(rt_cmsis.o)
    0x000020ec   0x000020ec   0x0000007c   Code   RO         1698    i.rt_pop_req        RTX_CM3.lib(rt_system.o)
    0x00002168   0x00002168   0x00000020   Code   RO         1699    i.rt_psh_req        RTX_CM3.lib(rt_system.o)
    0x00002188   0x00002188   0x0000005c   Code   RO         1833    i.rt_psq_enq        RTX_CM3.lib(rt_list.o)
    0x000021e4   0x000021e4   0x00000048   Code   RO         1834    i.rt_put_dly        RTX_CM3.lib(rt_list.o)
    0x0000222c   0x0000222c   0x00000036   Code   RO         1835    i.rt_put_prio       RTX_CM3.lib(rt_list.o)
    0x00002262   0x00002262   0x00000002   PAD
    0x00002264   0x00002264   0x00000014   Code   RO         1836    i.rt_put_rdy_first  RTX_CM3.lib(rt_list.o)
    0x00002278   0x00002278   0x00000034   Code   RO         1837    i.rt_resort_prio    RTX_CM3.lib(rt_list.o)
    0x000022ac   0x000022ac   0x00000006   Code   RO         2117    i.rt_ret_val        RTX_CM3.lib(hal_cm.o)
    0x000022b2   0x000022b2   0x00000008   Code   RO         2118    i.rt_ret_val2       RTX_CM3.lib(hal_cm.o)
    0x000022ba   0x000022ba   0x00000028   Code   RO         1838    i.rt_rmv_dly        RTX_CM3.lib(rt_list.o)
    0x000022e2   0x000022e2   0x00000002   PAD
    0x000022e4   0x000022e4   0x00000030   Code   RO         1839    i.rt_rmv_list       RTX_CM3.lib(rt_list.o)
    0x00002314   0x00002314   0x00000034   Code   RO         1957    i.rt_sem_psh        RTX_CM3.lib(rt_semaphore.o)
    0x00002348   0x00002348   0x00000024   Code   RO         1701    i.rt_stk_check      RTX_CM3.lib(rt_system.o)
    0x0000236c   0x0000236c   0x00000028   Code   RO         1612    i.rt_switch_req     RTX_CM3.lib(rt_task.o)
    0x00002394   0x00002394   0x000000cc   Code   RO         1613    i.rt_sys_init       RTX_CM3.lib(rt_task.o)
    0x00002460   0x00002460   0x00000078   Code   RO         1614    i.rt_sys_start      RTX_CM3.lib(rt_task.o)
    0x000024d8   0x000024d8   0x00000040   Code   RO         1703    i.rt_systick        RTX_CM3.lib(rt_system.o)
    0x00002518   0x00002518   0x00000012   Code   RO         1039    i.rt_tid2ptcb       RTX_CM3.lib(rt_cmsis.o)
    0x0000252a   0x0000252a   0x00000002   PAD
    0x0000252c   0x0000252c   0x00000034   Code   RO         1040    i.rt_timer_insert   RTX_CM3.lib(rt_cmsis.o)
    0x00002560   0x00002560   0x00000088   Code   RO         1615    i.rt_tsk_create     RTX_CM3.lib(rt_task.o)
    0x000025e8   0x000025e8   0x0000017c   Code   RO         1616    i.rt_tsk_delete     RTX_CM3.lib(rt_task.o)
    0x00002764   0x00002764   0x0000007c   Code   RO         1618    i.rt_tsk_prio       RTX_CM3.lib(rt_task.o)
    0x000027e0   0x000027e0   0x00000010   Code   RO         1619    i.rt_tsk_self       RTX_CM3.lib(rt_task.o)
    0x000027f0   0x000027f0   0x000000cc   Code   RO          135    i.selectCursor      mainmenu.o
    0x000028bc   0x000028bc   0x00000020   Code   RO          318    i.spi_tran          glcd_spi_lpc1700.o
    0x000028dc   0x000028dc   0x00000080   Code   RO          319    i.spi_tran_man      glcd_spi_lpc1700.o
    0x0000295c   0x0000295c   0x00000012   Code   RO         1042    i.svcDelay          RTX_CM3.lib(rt_cmsis.o)
    0x0000296e   0x0000296e   0x00000002   PAD
    0x00002970   0x00002970   0x00000070   Code   RO         1043    i.svcKernelInitialize  RTX_CM3.lib(rt_cmsis.o)
    0x000029e0   0x000029e0   0x00000048   Code   RO         1045    i.svcKernelStart    RTX_CM3.lib(rt_cmsis.o)
    0x00002a28   0x00002a28   0x00000024   Code   RO         1048    i.svcMessageCreate  RTX_CM3.lib(rt_cmsis.o)
    0x00002a4c   0x00002a4c   0x0000003a   Code   RO         1049    i.svcMessageGet     RTX_CM3.lib(rt_cmsis.o)
    0x00002a86   0x00002a86   0x00000024   Code   RO         1061    i.svcSignalSet      RTX_CM3.lib(rt_cmsis.o)
    0x00002aaa   0x00002aaa   0x00000002   PAD
    0x00002aac   0x00002aac   0x00000054   Code   RO         1062    i.svcSignalWait     RTX_CM3.lib(rt_cmsis.o)
    0x00002b00   0x00002b00   0x0000006c   Code   RO         1063    i.svcThreadCreate   RTX_CM3.lib(rt_cmsis.o)
    0x00002b6c   0x00002b6c   0x0000001c   Code   RO         1064    i.svcThreadGetId    RTX_CM3.lib(rt_cmsis.o)
    0x00002b88   0x00002b88   0x0000002e   Code   RO         1066    i.svcThreadSetPriority  RTX_CM3.lib(rt_cmsis.o)
    0x00002bb6   0x00002bb6   0x00000002   PAD
    0x00002bb8   0x00002bb8   0x00000038   Code   RO         1067    i.svcThreadTerminate  RTX_CM3.lib(rt_cmsis.o)
    0x00002bf0   0x00002bf0   0x00000018   Code   RO         1069    i.svcTimerCall      RTX_CM3.lib(rt_cmsis.o)
    0x00002c08   0x00002c08   0x0000005c   Code   RO         1078    i.sysTimerTick      RTX_CM3.lib(rt_cmsis.o)
    0x00002c64   0x00002c64   0x00000028   Code   RO          320    i.wr_cmd            glcd_spi_lpc1700.o
    0x00002c8c   0x00002c8c   0x00000028   Code   RO          321    i.wr_dat            glcd_spi_lpc1700.o
    0x00002cb4   0x00002cb4   0x00000012   Code   RO          322    i.wr_dat_only       glcd_spi_lpc1700.o
    0x00002cc6   0x00002cc6   0x00000002   PAD
    0x00002cc8   0x00002cc8   0x00000014   Code   RO          323    i.wr_dat_start      glcd_spi_lpc1700.o
    0x00002cdc   0x00002cdc   0x0000000c   Code   RO          324    i.wr_dat_stop       glcd_spi_lpc1700.o
    0x00002ce8   0x00002ce8   0x00000014   Code   RO          325    i.wr_reg            glcd_spi_lpc1700.o
    0x00002cfc   0x00002cfc   0x00000040   Data   RO          178    .constdata          thread.o
    0x00002d3c   0x00002d3c   0x000204cf   Data   RO          246    .constdata          gallery.o
    0x0002320b   0x0002320b   0x00000001   PAD
    0x0002320c   0x0002320c   0x00001880   Data   RO          326    .constdata          glcd_spi_lpc1700.o
    0x00024a8c   0x00024a8c   0x00000002   Data   RO          610    .constdata          adc_mcb1700.o
    0x00024a8e   0x00024a8e   0x00000002   PAD
    0x00024a90   0x00024a90   0x00000068   Data   RO          731    .constdata          rtx_conf_cm.o
    0x00024af8   0x00024af8   0x00000045   Data   RO          247    .conststring        gallery.o
    0x00024b3d   0x00024b3d   0x00000003   PAD
    0x00024b40   0x00024b40   0x00000020   Data   RO         2501    Region$$Table       anon$$obj.o


    Execution Region RW_IRAM1 (Exec base: 0x10000000, Load base: 0x00024b60, Size: 0x00003e30, Max: 0x00008000, ABSOLUTE)

    Exec Addr    Load Addr    Size         Type   Attr      Idx    E Section Name        Object

    0x10000000   0x00024b60   0x00000010   Data   RW            5    .data               irq.o
    0x10000010   0x00024b70   0x00000012   Data   RW           73    .data               main.o
    0x10000022   0x00024b82   0x00000002   Data   RW          136    .data               mainmenu.o
    0x10000024   0x00024b84   0x00000011   Data   RW          179    .data               thread.o
    0x10000035   0x00024b95   0x00000003   PAD
    0x10000038   0x00024b98   0x00000010   Data   RW          248    .data               gallery.o
    0x10000048   0x00024ba8   0x00000005   Data   RW          327    .data               glcd_spi_lpc1700.o
    0x1000004d   0x00024bad   0x00000001   PAD
    0x1000004e   0x00024bae   0x00000003   Data   RW          611    .data               adc_mcb1700.o
    0x10000051   0x00024bb1   0x00000003   PAD
    0x10000054   0x00024bb4   0x00000010   Data   RW          732    .data               rtx_conf_cm.o
    0x10000064   0x00024bc4   0x00000008   Data   RW         1081    .data               RTX_CM3.lib(rt_cmsis.o)
    0x1000006c   0x00024bcc   0x00000008   Data   RW         1621    .data               RTX_CM3.lib(rt_task.o)
    0x10000074   0x00024bd4   0x00000008   Data   RW         1706    .data               RTX_CM3.lib(rt_system.o)
    0x1000007c   0x00024bdc   0x00000004   Data   RW         2000    .data               RTX_CM3.lib(rt_time.o)
    0x10000080   0x00024be0   0x00000001   Data   RW         2119    .data               RTX_CM3.lib(hal_cm.o)
    0x10000081   0x00024be1   0x00000003   PAD
    0x10000084        -       0x00000014   Zero   RW           72    .bss                main.o
    0x10000098        -       0x00003b30   Zero   RW          730    .bss                rtx_conf_cm.o
    0x10003bc8        -       0x00000034   Zero   RW         1620    .bss                RTX_CM3.lib(rt_task.o)
    0x10003bfc        -       0x00000030   Zero   RW         1840    .bss                RTX_CM3.lib(rt_list.o)
    0x10003c2c   0x00024be1   0x00000004   PAD
    0x10003c30        -       0x00000200   Zero   RW          938    STACK               startup_lpc17xx.o


==============================================================================

Image component sizes


      Code (inc. data)   RO Data    RW Data    ZI Data      Debug   Object Name

       144         30          2          3          0      46607   adc_mcb1700.o
       336        130     132372         16          0       3554   gallery.o
      2768         94       6272          5          0      15414   glcd_spi_lpc1700.o
         0          0          0         16          0       5234   irq.o
        96         22          0          0          0       1278   kbd.o
        48          8          0          0          0        395   led.o
       248         70          0         18         20       7835   main.o
       764        320          0          2          0       1896   mainmenu.o
       252          6          0          0          0        844   pin_lpc17xx.o
        66          6        104         16      15152       8723   rtx_conf_cm.o
        40         12        204          0        512       1044   startup_lpc17xx.o
       320         18          0          0          0        601   system_lpc17xx.o
       706         68         64         17          0       4865   thread.o

    ----------------------------------------------------------------------
      5798        784     139056        100      15684      98290   Object Totals
         0          0         32          0          0          0   (incl. Generated)
        10          0          6          7          0          0   (incl. Padding)

    ----------------------------------------------------------------------

      Code (inc. data)   RO Data    RW Data    ZI Data      Debug   Library Member Name

       238         24          0          1          0       3244   hal_cm.o
       304         36          0          0          0        756   hal_cm3.o
      1426        166          0          8          0      37947   rt_cmsis.o
       272         18          0          0          0       2606   rt_event.o
       530         34          0          0         48       8157   rt_list.o
       554         10          0          0          0       3889   rt_mailbox.o
       140          0          0          0          0       1889   rt_membox.o
       128          0          0          0          0       2267   rt_memory.o
        52          4          0          0          0        565   rt_semaphore.o
       298         52          0          8          0       6139   rt_system.o
      1216        174          0          8         52       9537   rt_task.o
         6          0          0          4          0        636   rt_time.o
         4          4          0          0          0        196   svc_table.o
         0          0          0          0          0          0   entry.o
         0          0          0          0          0          0   entry10a.o
         0          0          0          0          0          0   entry11a.o
         8          4          0          0          0          0   entry2.o
         4          0          0          0          0          0   entry5.o
         0          0          0          0          0          0   entry7b.o
         0          0          0          0          0          0   entry8b.o
        30          0          0          0          0          0   handlers.o
        36          8          0          0          0         68   init.o
       246         10          0          0          0        176   printf2.o

    ----------------------------------------------------------------------
      5514        544          0         32        104      78072   Library Totals
        22          0          0          3          4          0   (incl. Padding)

    ----------------------------------------------------------------------

      Code (inc. data)   RO Data    RW Data    ZI Data      Debug   Library Name

      5168        522          0         29        100      77828   RTX_CM3.lib
       324         22          0          0          0        244   mc_w.l

    ----------------------------------------------------------------------
      5514        544          0         32        104      78072   Library Totals

    ----------------------------------------------------------------------

==============================================================================


      Code (inc. data)   RO Data    RW Data    ZI Data      Debug   

     11312       1328     139056        132      15788     170222   Grand Totals
     11312       1328     139056        132      15788     170222   ELF Image Totals
     11312       1328     139056        132          0          0   ROM Totals

==============================================================================

    Total RO  Size (Code + RO Data)               150368 ( 146.84kB)
    Total RW  Size (RW Data + ZI Data)             15920 (  15.55kB)
    Total ROM Size (Code + RO Data + RW Data)     150500 ( 146.97kB)

==============================================================================

